[2026-04-18T04:28:31.687Z] [INFO] Initializing cron jobs...
[2026-04-18T04:28:31.688Z] [INFO] Instance ID: CHKTHN-LOQ-7756-558d684a
[2026-04-18T04:28:31.688Z] [INFO] Distributed locking: ENABLED
[2026-04-18T04:28:31.702Z] [INFO] [File Cleanup] Email attachment cleanup worker initialized (daily at 4:00 AM)
[2026-04-18T04:28:31.699Z] [INFO] [Email Cron] Email broadcast worker initialized (every 1 minute)
[2026-04-18T04:28:31.702Z] [INFO] Email broadcast worker: Every 1 minute
[2026-04-18T04:28:31.702Z] [INFO] Email file cleanup: Daily at 4:00 AM
[2026-04-18T04:28:31.704Z] [INFO] Plan transition job scheduled (daily at 2:00 AM)
[2026-04-18T04:28:31.706Z] [INFO] Subscription lifecycle job scheduled (every hour)
[2026-04-18T04:28:31.708Z] [INFO] Payment status sync job scheduled (daily at 1:00 AM)
[2026-04-18T04:28:31.711Z] [INFO] Inventory expiry job scheduled (daily at 6:00 AM)
[2026-04-18T04:28:31.713Z] [INFO] Scheduled broadcasts job initialized (every 5 minutes)
[2026-04-18T04:28:31.710Z] [INFO] Reminder job scheduled (daily at 9:00 AM)
[2026-04-18T04:28:31.720Z] [INFO]   - Session cleanup: Every hour
[2026-04-18T04:28:31.720Z] [INFO]   - Plan transition: Daily at 2:00 AM
[2026-04-18T04:28:31.720Z] [INFO]   - Subscription lifecycle + emails: Every hour
[2026-04-18T04:28:31.720Z] [INFO]   - Inventory expiry checks + alerts: Daily at 6:00 AM
[2026-04-18T04:28:31.720Z] [INFO]   - Reminder emails (7d/3d/final): Daily at 9:00 AM
[2026-04-18T04:28:31.720Z] [INFO]   - Pending users cleanup: Daily at 3:00 AM
[2026-04-18T04:28:31.720Z] [INFO] All cron jobs initialized:
[2026-04-18T04:28:31.720Z] [INFO]   - Incomplete users cleanup: Daily at 3:15 AM
[2026-04-18T04:28:31.720Z] [INFO]   - OTP daily limits cleanup: Daily at 3:45 AM
[2026-04-18T04:28:31.720Z] [INFO]   - Deletion logs cleanup: Daily at 3:30 AM
[2026-04-18T04:28:31.720Z] [INFO]   - Scheduled broadcasts: Every 5 minutes
[2026-04-18T04:28:31.720Z] [INFO]   - Payment status sync: Daily at 1:00 AM
[2026-04-18T04:30:00.038Z] [INFO] Starting subscription lifecycle check...
[2026-04-18T04:30:00.039Z] [INFO] Checking for scheduled broadcasts...
[2026-04-18T04:30:00.044Z] [INFO] Subscription lifecycle complete | Grace: 0 | Suspended: 0
[2026-04-18T04:30:00.048Z] [INFO] No scheduled broadcasts due for sending
[2026-04-18T04:35:00.039Z] [INFO] Checking for scheduled broadcasts...
[2026-04-18T04:35:00.047Z] [INFO] No scheduled broadcasts due for sending
[2026-04-18T04:40:00.034Z] [INFO] Checking for scheduled broadcasts...
[2026-04-18T04:40:00.047Z] [INFO] No scheduled broadcasts due for sending
[2026-04-18T04:45:00.019Z] [INFO] Checking for scheduled broadcasts...
[2026-04-18T04:45:00.024Z] [INFO] No scheduled broadcasts due for sending
[2026-04-18T04:50:00.024Z] [INFO] Checking for scheduled broadcasts...
[2026-04-18T04:50:00.029Z] [INFO] No scheduled broadcasts due for sending
[2026-04-18T04:52:30.830Z] [INFO] Initializing cron jobs...
[2026-04-18T04:52:30.830Z] [INFO] Instance ID: CHKTHN-LOQ-25932-62a129f0
[2026-04-18T04:52:30.830Z] [INFO] Distributed locking: ENABLED
[2026-04-18T04:52:30.835Z] [INFO] [Email Cron] Email broadcast worker initialized (every 1 minute)
[2026-04-18T04:52:30.839Z] [INFO] [File Cleanup] Email attachment cleanup worker initialized (daily at 4:00 AM)
[2026-04-18T04:52:30.839Z] [INFO] Email broadcast worker: Every 1 minute
[2026-04-18T04:52:30.839Z] [INFO] Email file cleanup: Daily at 4:00 AM
[2026-04-18T04:52:30.842Z] [INFO] Plan transition job scheduled (daily at 2:00 AM)
[2026-04-18T04:52:30.844Z] [INFO] Subscription lifecycle job scheduled (every hour)
[2026-04-18T04:52:30.846Z] [INFO] Payment status sync job scheduled (daily at 1:00 AM)
[2026-04-18T04:52:30.849Z] [INFO] Reminder job scheduled (daily at 9:00 AM)
[2026-04-18T04:52:30.850Z] [INFO] Inventory expiry job scheduled (daily at 6:00 AM)
[2026-04-18T04:52:30.852Z] [INFO] Scheduled broadcasts job initialized (every 5 minutes)
[2026-04-18T04:52:30.860Z] [INFO] All cron jobs initialized:
[2026-04-18T04:52:30.860Z] [INFO]   - Plan transition: Daily at 2:00 AM
[2026-04-18T04:52:30.860Z] [INFO]   - Session cleanup: Every hour
[2026-04-18T04:52:30.860Z] [INFO]   - Subscription lifecycle + emails: Every hour
[2026-04-18T04:52:30.860Z] [INFO]   - Payment status sync: Daily at 1:00 AM
[2026-04-18T04:52:30.860Z] [INFO]   - Inventory expiry checks + alerts: Daily at 6:00 AM
[2026-04-18T04:52:30.860Z] [INFO]   - Reminder emails (7d/3d/final): Daily at 9:00 AM
[2026-04-18T04:52:30.860Z] [INFO]   - Pending users cleanup: Daily at 3:00 AM
[2026-04-18T04:52:30.860Z] [INFO]   - Deletion logs cleanup: Daily at 3:30 AM
[2026-04-18T04:52:30.860Z] [INFO]   - Incomplete users cleanup: Daily at 3:15 AM
[2026-04-18T04:52:30.860Z] [INFO]   - OTP daily limits cleanup: Daily at 3:45 AM
[2026-04-18T04:52:30.860Z] [INFO]   - Scheduled broadcasts: Every 5 minutes
[2026-04-18T04:55:00.032Z] [INFO] Checking for scheduled broadcasts...
[2026-04-18T04:55:00.040Z] [INFO] No scheduled broadcasts due for sending
[2026-04-18T04:55:37.707Z] [INFO] Initializing cron jobs...
[2026-04-18T04:55:37.708Z] [INFO] Distributed locking: ENABLED
[2026-04-18T04:55:37.714Z] [INFO] [File Cleanup] Email attachment cleanup worker initialized (daily at 4:00 AM)
[2026-04-18T04:55:37.707Z] [INFO] Instance ID: CHKTHN-LOQ-4712-2f0b279b
[2026-04-18T04:55:37.712Z] [INFO] [Email Cron] Email broadcast worker initialized (every 1 minute)
[2026-04-18T04:55:37.715Z] [INFO] Email file cleanup: Daily at 4:00 AM
[2026-04-18T04:55:37.715Z] [INFO] Email broadcast worker: Every 1 minute
[2026-04-18T04:55:37.717Z] [INFO] Plan transition job scheduled (daily at 2:00 AM)
[2026-04-18T04:55:37.719Z] [INFO] Subscription lifecycle job scheduled (every hour)
[2026-04-18T04:55:37.724Z] [INFO] Reminder job scheduled (daily at 9:00 AM)
[2026-04-18T04:55:37.728Z] [INFO] Inventory expiry job scheduled (daily at 6:00 AM)
[2026-04-18T04:55:37.722Z] [INFO] Payment status sync job scheduled (daily at 1:00 AM)
[2026-04-18T04:55:37.729Z] [INFO] Scheduled broadcasts job initialized (every 5 minutes)
[2026-04-18T04:55:37.736Z] [INFO] All cron jobs initialized:
[2026-04-18T04:55:37.736Z] [INFO]   - Session cleanup: Every hour
[2026-04-18T04:55:37.736Z] [INFO]   - Plan transition: Daily at 2:00 AM
[2026-04-18T04:55:37.736Z] [INFO]   - Subscription lifecycle + emails: Every hour
[2026-04-18T04:55:37.736Z] [INFO]   - Payment status sync: Daily at 1:00 AM
[2026-04-18T04:55:37.736Z] [INFO]   - Inventory expiry checks + alerts: Daily at 6:00 AM
[2026-04-18T04:55:37.736Z] [INFO]   - Reminder emails (7d/3d/final): Daily at 9:00 AM
[2026-04-18T04:55:37.736Z] [INFO]   - Pending users cleanup: Daily at 3:00 AM
[2026-04-18T04:55:37.736Z] [INFO]   - Incomplete users cleanup: Daily at 3:15 AM
[2026-04-18T04:55:37.736Z] [INFO]   - Deletion logs cleanup: Daily at 3:30 AM
[2026-04-18T04:55:37.736Z] [INFO]   - OTP daily limits cleanup: Daily at 3:45 AM
[2026-04-18T04:55:37.736Z] [INFO]   - Scheduled broadcasts: Every 5 minutes
[2026-04-18T04:59:53.633Z] [INFO] Initializing cron jobs...
[2026-04-18T04:59:53.634Z] [INFO] Instance ID: CHKTHN-LOQ-14800-b671fba0
[2026-04-18T04:59:53.640Z] [INFO] [Email Cron] Email broadcast worker initialized (every 1 minute)
[2026-04-18T04:59:53.643Z] [INFO] Email broadcast worker: Every 1 minute
[2026-04-18T04:59:53.634Z] [INFO] Distributed locking: ENABLED
[2026-04-18T04:59:53.643Z] [INFO] [File Cleanup] Email attachment cleanup worker initialized (daily at 4:00 AM)
[2026-04-18T04:59:53.646Z] [INFO] Plan transition job scheduled (daily at 2:00 AM)
[2026-04-18T04:59:53.647Z] [INFO] Subscription lifecycle job scheduled (every hour)
[2026-04-18T04:59:53.643Z] [INFO] Email file cleanup: Daily at 4:00 AM
[2026-04-18T04:59:53.649Z] [INFO] Payment status sync job scheduled (daily at 1:00 AM)
[2026-04-18T04:59:53.651Z] [INFO] Reminder job scheduled (daily at 9:00 AM)
[2026-04-18T04:59:53.653Z] [INFO] Inventory expiry job scheduled (daily at 6:00 AM)
[2026-04-18T04:59:53.654Z] [INFO] Scheduled broadcasts job initialized (every 5 minutes)
[2026-04-18T04:59:53.662Z] [INFO]   - Plan transition: Daily at 2:00 AM
[2026-04-18T04:59:53.662Z] [INFO]   - Subscription lifecycle + emails: Every hour
[2026-04-18T04:59:53.662Z] [INFO]   - Session cleanup: Every hour
[2026-04-18T04:59:53.662Z] [INFO]   - Payment status sync: Daily at 1:00 AM
[2026-04-18T04:59:53.662Z] [INFO]   - Pending users cleanup: Daily at 3:00 AM
[2026-04-18T04:59:53.662Z] [INFO] All cron jobs initialized:
[2026-04-18T04:59:53.662Z] [INFO]   - Incomplete users cleanup: Daily at 3:15 AM
[2026-04-18T04:59:53.662Z] [INFO]   - Inventory expiry checks + alerts: Daily at 6:00 AM
[2026-04-18T04:59:53.662Z] [INFO]   - Reminder emails (7d/3d/final): Daily at 9:00 AM
[2026-04-18T04:59:53.663Z] [INFO]   - Scheduled broadcasts: Every 5 minutes
[2026-04-18T04:59:53.663Z] [INFO]   - Deletion logs cleanup: Daily at 3:30 AM
[2026-04-18T04:59:53.663Z] [INFO]   - OTP daily limits cleanup: Daily at 3:45 AM
[2026-04-18T05:00:00.088Z] [INFO] Checking for scheduled broadcasts...
[2026-04-18T05:00:00.093Z] [INFO] No scheduled broadcasts due for sending
[2026-04-18T05:00:07.503Z] [INFO] Initializing cron jobs...
[2026-04-18T05:00:07.503Z] [INFO] Instance ID: CHKTHN-LOQ-3352-4edf4dcc
[2026-04-18T05:00:07.503Z] [INFO] Distributed locking: ENABLED
[2026-04-18T05:00:07.508Z] [INFO] [Email Cron] Email broadcast worker initialized (every 1 minute)
[2026-04-18T05:00:07.510Z] [INFO] [File Cleanup] Email attachment cleanup worker initialized (daily at 4:00 AM)
[2026-04-18T05:00:07.510Z] [INFO] Email broadcast worker: Every 1 minute
[2026-04-18T05:00:07.513Z] [INFO] Plan transition job scheduled (daily at 2:00 AM)
[2026-04-18T05:00:07.510Z] [INFO] Email file cleanup: Daily at 4:00 AM
[2026-04-18T05:00:07.514Z] [INFO] Subscription lifecycle job scheduled (every hour)
[2026-04-18T05:00:07.517Z] [INFO] Payment status sync job scheduled (daily at 1:00 AM)
[2026-04-18T05:00:07.519Z] [INFO] Reminder job scheduled (daily at 9:00 AM)
[2026-04-18T05:00:07.521Z] [INFO] Inventory expiry job scheduled (daily at 6:00 AM)
[2026-04-18T05:00:07.524Z] [INFO] Scheduled broadcasts job initialized (every 5 minutes)
[2026-04-18T05:00:07.532Z] [INFO] All cron jobs initialized:
[2026-04-18T05:00:07.532Z] [INFO]   - Plan transition: Daily at 2:00 AM
[2026-04-18T05:00:07.532Z] [INFO]   - Session cleanup: Every hour
[2026-04-18T05:00:07.532Z] [INFO]   - Subscription lifecycle + emails: Every hour
[2026-04-18T05:00:07.532Z] [INFO]   - Payment status sync: Daily at 1:00 AM
[2026-04-18T05:00:07.532Z] [INFO]   - Inventory expiry checks + alerts: Daily at 6:00 AM
[2026-04-18T05:00:07.532Z] [INFO]   - Pending users cleanup: Daily at 3:00 AM
[2026-04-18T05:00:07.532Z] [INFO]   - Incomplete users cleanup: Daily at 3:15 AM
[2026-04-18T05:00:07.532Z] [INFO]   - Reminder emails (7d/3d/final): Daily at 9:00 AM
[2026-04-18T05:00:07.532Z] [INFO]   - Scheduled broadcasts: Every 5 minutes
[2026-04-18T05:00:07.532Z] [INFO]   - Deletion logs cleanup: Daily at 3:30 AM
[2026-04-18T05:00:07.532Z] [INFO]   - OTP daily limits cleanup: Daily at 3:45 AM
[2026-04-18T05:05:00.055Z] [INFO] Checking for scheduled broadcasts...
[2026-04-18T05:05:00.063Z] [INFO] No scheduled broadcasts due for sending
[2026-04-18T05:09:49.455Z] [INFO] Initializing cron jobs...
[2026-04-18T05:09:49.455Z] [INFO] Distributed locking: ENABLED
[2026-04-18T05:09:49.455Z] [INFO] Instance ID: CHKTHN-LOQ-852-2011bffc
[2026-04-18T05:09:49.463Z] [INFO] Email file cleanup: Daily at 4:00 AM
[2026-04-18T05:09:49.465Z] [INFO] Plan transition job scheduled (daily at 2:00 AM)
[2026-04-18T05:09:49.461Z] [INFO] [Email Cron] Email broadcast worker initialized (every 1 minute)
[2026-04-18T05:09:49.463Z] [INFO] [File Cleanup] Email attachment cleanup worker initialized (daily at 4:00 AM)
[2026-04-18T05:09:49.463Z] [INFO] Email broadcast worker: Every 1 minute
[2026-04-18T05:09:49.467Z] [INFO] Subscription lifecycle job scheduled (every hour)
[2026-04-18T05:09:49.468Z] [INFO] Payment status sync job scheduled (daily at 1:00 AM)
[2026-04-18T05:09:49.474Z] [INFO] Scheduled broadcasts job initialized (every 5 minutes)
[2026-04-18T05:09:49.472Z] [INFO] Inventory expiry job scheduled (daily at 6:00 AM)
[2026-04-18T05:09:49.480Z] [INFO]   - Plan transition: Daily at 2:00 AM
[2026-04-18T05:09:49.480Z] [INFO]   - Subscription lifecycle + emails: Every hour
[2026-04-18T05:09:49.470Z] [INFO] Reminder job scheduled (daily at 9:00 AM)
[2026-04-18T05:09:49.480Z] [INFO]   - Inventory expiry checks + alerts: Daily at 6:00 AM
[2026-04-18T05:09:49.480Z] [INFO]   - Payment status sync: Daily at 1:00 AM
[2026-04-18T05:09:49.480Z] [INFO] All cron jobs initialized:
[2026-04-18T05:09:49.480Z] [INFO]   - Pending users cleanup: Daily at 3:00 AM
[2026-04-18T05:09:49.480Z] [INFO]   - Reminder emails (7d/3d/final): Daily at 9:00 AM
[2026-04-18T05:09:49.480Z] [INFO]   - Incomplete users cleanup: Daily at 3:15 AM
[2026-04-18T05:09:49.480Z] [INFO]   - Scheduled broadcasts: Every 5 minutes
[2026-04-18T05:09:49.480Z] [INFO]   - Deletion logs cleanup: Daily at 3:30 AM
[2026-04-18T05:09:49.480Z] [INFO]   - OTP daily limits cleanup: Daily at 3:45 AM
[2026-04-18T05:09:49.480Z] [INFO]   - Session cleanup: Every hour
[2026-04-18T05:10:00.042Z] [INFO] Checking for scheduled broadcasts...
[2026-04-18T05:10:00.048Z] [INFO] No scheduled broadcasts due for sending
[2026-04-18T05:15:00.035Z] [INFO] Checking for scheduled broadcasts...
[2026-04-18T05:15:00.044Z] [INFO] No scheduled broadcasts due for sending
[2026-04-18T05:20:00.026Z] [INFO] Checking for scheduled broadcasts...
[2026-04-18T05:20:00.032Z] [INFO] No scheduled broadcasts due for sending
[2026-04-18T05:25:00.054Z] [INFO] Checking for scheduled broadcasts...
[2026-04-18T05:25:00.061Z] [INFO] No scheduled broadcasts due for sending
[2026-04-18T05:30:00.041Z] [INFO] Starting subscription lifecycle check...
[2026-04-18T05:30:00.042Z] [INFO] Checking for scheduled broadcasts...
[2026-04-18T05:30:00.055Z] [INFO] No scheduled broadcasts due for sending
[2026-04-18T05:30:00.060Z] [INFO] Subscription lifecycle complete | Grace: 0 | Suspended: 0
[2026-04-18T05:35:00.023Z] [INFO] Checking for scheduled broadcasts...
[2026-04-18T05:35:00.028Z] [INFO] No scheduled broadcasts due for sending
[2026-04-18T05:40:00.030Z] [INFO] Checking for scheduled broadcasts...
[2026-04-18T05:40:00.034Z] [INFO] No scheduled broadcasts due for sending
[2026-04-18T05:45:00.043Z] [INFO] Checking for scheduled broadcasts...
[2026-04-18T05:45:00.048Z] [INFO] No scheduled broadcasts due for sending
[2026-04-18T05:50:00.012Z] [INFO] Checking for scheduled broadcasts...
[2026-04-18T05:50:00.017Z] [INFO] No scheduled broadcasts due for sending
[2026-04-18T05:55:00.025Z] [INFO] Checking for scheduled broadcasts...
[2026-04-18T05:55:00.029Z] [INFO] No scheduled broadcasts due for sending
[2026-04-18T06:00:00.022Z] [INFO] Checking for scheduled broadcasts...
[2026-04-18T06:00:00.031Z] [INFO] No scheduled broadcasts due for sending
[2026-04-18T06:05:00.050Z] [INFO] Checking for scheduled broadcasts...
[2026-04-18T06:05:00.059Z] [INFO] No scheduled broadcasts due for sending
[2026-04-18T06:10:00.023Z] [INFO] Checking for scheduled broadcasts...
[2026-04-18T06:10:00.029Z] [INFO] No scheduled broadcasts due for sending
[2026-04-18T06:15:00.022Z] [INFO] Checking for scheduled broadcasts...
[2026-04-18T06:15:00.026Z] [INFO] No scheduled broadcasts due for sending
[2026-04-18T06:19:26.289Z] [INFO] Initializing cron jobs...
[2026-04-18T06:19:26.289Z] [INFO] Distributed locking: ENABLED
[2026-04-18T06:19:26.297Z] [INFO] [File Cleanup] Email attachment cleanup worker initialized (daily at 4:00 AM)
[2026-04-18T06:19:26.289Z] [INFO] Instance ID: CHKTHN-LOQ-13592-fabe132f
[2026-04-18T06:19:26.294Z] [INFO] [Email Cron] Email broadcast worker initialized (every 1 minute)
[2026-04-18T06:19:26.297Z] [INFO] Email broadcast worker: Every 1 minute
[2026-04-18T06:19:26.299Z] [INFO] Plan transition job scheduled (daily at 2:00 AM)
[2026-04-18T06:19:26.301Z] [INFO] Subscription lifecycle job scheduled (every hour)
[2026-04-18T06:19:26.297Z] [INFO] Email file cleanup: Daily at 4:00 AM
[2026-04-18T06:19:26.306Z] [INFO] Reminder job scheduled (daily at 9:00 AM)
[2026-04-18T06:19:26.308Z] [INFO] Inventory expiry job scheduled (daily at 6:00 AM)
[2026-04-18T06:19:26.317Z] [INFO]   - Session cleanup: Every hour
[2026-04-18T06:19:26.303Z] [INFO] Payment status sync job scheduled (daily at 1:00 AM)
[2026-04-18T06:19:26.317Z] [INFO]   - Subscription lifecycle + emails: Every hour
[2026-04-18T06:19:26.317Z] [INFO]   - Plan transition: Daily at 2:00 AM
[2026-04-18T06:19:26.317Z] [INFO]   - Inventory expiry checks + alerts: Daily at 6:00 AM
[2026-04-18T06:19:26.317Z] [INFO]   - Payment status sync: Daily at 1:00 AM
[2026-04-18T06:19:26.310Z] [INFO] Scheduled broadcasts job initialized (every 5 minutes)
[2026-04-18T06:19:26.317Z] [INFO] All cron jobs initialized:
[2026-04-18T06:19:26.317Z] [INFO]   - Incomplete users cleanup: Daily at 3:15 AM
[2026-04-18T06:19:26.317Z] [INFO]   - Reminder emails (7d/3d/final): Daily at 9:00 AM
[2026-04-18T06:19:26.317Z] [INFO]   - Deletion logs cleanup: Daily at 3:30 AM
[2026-04-18T06:19:26.317Z] [INFO]   - OTP daily limits cleanup: Daily at 3:45 AM
[2026-04-18T06:19:26.317Z] [INFO]   - Scheduled broadcasts: Every 5 minutes
[2026-04-18T06:19:26.317Z] [INFO]   - Pending users cleanup: Daily at 3:00 AM
[2026-04-18T06:19:52.200Z] [INFO] Initializing cron jobs...
[2026-04-18T06:19:52.200Z] [INFO] Instance ID: CHKTHN-LOQ-1936-7995e616
[2026-04-18T06:19:52.200Z] [INFO] Distributed locking: ENABLED
[2026-04-18T06:19:52.207Z] [INFO] [File Cleanup] Email attachment cleanup worker initialized (daily at 4:00 AM)
[2026-04-18T06:19:52.207Z] [INFO] Email file cleanup: Daily at 4:00 AM
[2026-04-18T06:19:52.205Z] [INFO] [Email Cron] Email broadcast worker initialized (every 1 minute)
[2026-04-18T06:19:52.212Z] [INFO] Subscription lifecycle job scheduled (every hour)
[2026-04-18T06:19:52.214Z] [INFO] Payment status sync job scheduled (daily at 1:00 AM)
[2026-04-18T06:19:52.216Z] [INFO] Reminder job scheduled (daily at 9:00 AM)
[2026-04-18T06:19:52.218Z] [INFO] Inventory expiry job scheduled (daily at 6:00 AM)
[2026-04-18T06:19:52.219Z] [INFO] Scheduled broadcasts job initialized (every 5 minutes)
[2026-04-18T06:19:52.228Z] [INFO] All cron jobs initialized:
[2026-04-18T06:19:52.228Z] [INFO]   - Session cleanup: Every hour
[2026-04-18T06:19:52.228Z] [INFO]   - Plan transition: Daily at 2:00 AM
[2026-04-18T06:19:52.228Z] [INFO]   - Subscription lifecycle + emails: Every hour
[2026-04-18T06:19:52.229Z] [INFO]   - Inventory expiry checks + alerts: Daily at 6:00 AM
[2026-04-18T06:19:52.229Z] [INFO]   - Reminder emails (7d/3d/final): Daily at 9:00 AM
[2026-04-18T06:19:52.229Z] [INFO]   - Payment status sync: Daily at 1:00 AM
[2026-04-18T06:19:52.229Z] [INFO]   - Pending users cleanup: Daily at 3:00 AM
[2026-04-18T06:19:52.229Z] [INFO]   - Incomplete users cleanup: Daily at 3:15 AM
[2026-04-18T06:19:52.229Z] [INFO]   - Deletion logs cleanup: Daily at 3:30 AM
[2026-04-18T06:19:52.229Z] [INFO]   - Scheduled broadcasts: Every 5 minutes
[2026-04-18T06:19:52.229Z] [INFO]   - OTP daily limits cleanup: Daily at 3:45 AM
[2026-04-18T06:19:52.207Z] [INFO] Email broadcast worker: Every 1 minute
[2026-04-18T06:19:52.210Z] [INFO] Plan transition job scheduled (daily at 2:00 AM)
[2026-04-18T06:20:00.034Z] [INFO] Checking for scheduled broadcasts...
[2026-04-18T06:20:00.041Z] [INFO] No scheduled broadcasts due for sending
[2026-04-18T06:20:16.767Z] [INFO] Initializing cron jobs...
[2026-04-18T06:20:16.768Z] [INFO] Instance ID: CHKTHN-LOQ-7068-bca9ba43
[2026-04-18T06:20:16.772Z] [INFO] [Email Cron] Email broadcast worker initialized (every 1 minute)
[2026-04-18T06:20:16.768Z] [INFO] Distributed locking: ENABLED
[2026-04-18T06:20:16.774Z] [INFO] Email file cleanup: Daily at 4:00 AM
[2026-04-18T06:20:16.774Z] [INFO] Email broadcast worker: Every 1 minute
[2026-04-18T06:20:16.774Z] [INFO] [File Cleanup] Email attachment cleanup worker initialized (daily at 4:00 AM)
[2026-04-18T06:20:16.777Z] [INFO] Plan transition job scheduled (daily at 2:00 AM)
[2026-04-18T06:20:16.779Z] [INFO] Subscription lifecycle job scheduled (every hour)
[2026-04-18T06:20:16.781Z] [INFO] Payment status sync job scheduled (daily at 1:00 AM)
[2026-04-18T06:20:16.783Z] [INFO] Reminder job scheduled (daily at 9:00 AM)
[2026-04-18T06:20:16.785Z] [INFO] Inventory expiry job scheduled (daily at 6:00 AM)
[2026-04-18T06:20:16.787Z] [INFO] Scheduled broadcasts job initialized (every 5 minutes)
[2026-04-18T06:20:16.794Z] [INFO]   - Plan transition: Daily at 2:00 AM
[2026-04-18T06:20:16.794Z] [INFO]   - Subscription lifecycle + emails: Every hour
[2026-04-18T06:20:16.794Z] [INFO]   - Payment status sync: Daily at 1:00 AM
[2026-04-18T06:20:16.794Z] [INFO]   - Session cleanup: Every hour
[2026-04-18T06:20:16.794Z] [INFO]   - Pending users cleanup: Daily at 3:00 AM
[2026-04-18T06:20:16.794Z] [INFO]   - Reminder emails (7d/3d/final): Daily at 9:00 AM
[2026-04-18T06:20:16.794Z] [INFO]   - Inventory expiry checks + alerts: Daily at 6:00 AM
[2026-04-18T06:20:16.794Z] [INFO]   - Scheduled broadcasts: Every 5 minutes
[2026-04-18T06:20:16.794Z] [INFO]   - Incomplete users cleanup: Daily at 3:15 AM
[2026-04-18T06:20:16.794Z] [INFO]   - OTP daily limits cleanup: Daily at 3:45 AM
[2026-04-18T06:20:16.794Z] [INFO]   - Deletion logs cleanup: Daily at 3:30 AM
[2026-04-18T06:20:16.794Z] [INFO] All cron jobs initialized:
[2026-04-18T06:21:43.577Z] [INFO] Initializing cron jobs...
[2026-04-18T06:21:43.578Z] [INFO] Instance ID: CHKTHN-LOQ-14304-1c6c6763
[2026-04-18T06:21:43.587Z] [INFO] [Email Cron] Email broadcast worker initialized (every 1 minute)
[2026-04-18T06:21:43.578Z] [INFO] Distributed locking: ENABLED
[2026-04-18T06:21:43.591Z] [INFO] [File Cleanup] Email attachment cleanup worker initialized (daily at 4:00 AM)
[2026-04-18T06:21:43.591Z] [INFO] Email broadcast worker: Every 1 minute
[2026-04-18T06:21:43.591Z] [INFO] Email file cleanup: Daily at 4:00 AM
[2026-04-18T06:21:43.595Z] [INFO] Plan transition job scheduled (daily at 2:00 AM)
[2026-04-18T06:21:43.597Z] [INFO] Subscription lifecycle job scheduled (every hour)
[2026-04-18T06:21:43.599Z] [INFO] Payment status sync job scheduled (daily at 1:00 AM)
[2026-04-18T06:21:43.606Z] [INFO] Inventory expiry job scheduled (daily at 6:00 AM)
[2026-04-18T06:21:43.603Z] [INFO] Reminder job scheduled (daily at 9:00 AM)
[2026-04-18T06:21:43.624Z] [INFO]   - Session cleanup: Every hour
[2026-04-18T06:21:43.609Z] [INFO] Scheduled broadcasts job initialized (every 5 minutes)
[2026-04-18T06:21:43.624Z] [INFO]   - Subscription lifecycle + emails: Every hour
[2026-04-18T06:21:43.623Z] [INFO] All cron jobs initialized:
[2026-04-18T06:21:43.624Z] [INFO]   - Payment status sync: Daily at 1:00 AM
[2026-04-18T06:21:43.624Z] [INFO]   - Incomplete users cleanup: Daily at 3:15 AM
[2026-04-18T06:21:43.624Z] [INFO]   - Inventory expiry checks + alerts: Daily at 6:00 AM
[2026-04-18T06:21:43.624Z] [INFO]   - Pending users cleanup: Daily at 3:00 AM
[2026-04-18T06:21:43.624Z] [INFO]   - Deletion logs cleanup: Daily at 3:30 AM
[2026-04-18T06:21:43.624Z] [INFO]   - Scheduled broadcasts: Every 5 minutes
[2026-04-18T06:21:43.624Z] [INFO]   - Reminder emails (7d/3d/final): Daily at 9:00 AM
[2026-04-18T06:21:43.624Z] [INFO]   - OTP daily limits cleanup: Daily at 3:45 AM
[2026-04-18T06:21:43.624Z] [INFO]   - Plan transition: Daily at 2:00 AM
[2026-04-18T06:21:45.199Z] [INFO] Initializing cron jobs...
[2026-04-18T06:21:45.200Z] [INFO] Instance ID: CHKTHN-LOQ-6532-5f3b050e
[2026-04-18T06:21:45.204Z] [INFO] [Email Cron] Email broadcast worker initialized (every 1 minute)
[2026-04-18T06:21:45.206Z] [INFO] [File Cleanup] Email attachment cleanup worker initialized (daily at 4:00 AM)
[2026-04-18T06:21:45.200Z] [INFO] Distributed locking: ENABLED
[2026-04-18T06:21:45.206Z] [INFO] Email file cleanup: Daily at 4:00 AM
[2026-04-18T06:21:45.210Z] [INFO] Subscription lifecycle job scheduled (every hour)
[2026-04-18T06:21:45.206Z] [INFO] Email broadcast worker: Every 1 minute
[2026-04-18T06:21:45.209Z] [INFO] Plan transition job scheduled (daily at 2:00 AM)
[2026-04-18T06:21:45.213Z] [INFO] Payment status sync job scheduled (daily at 1:00 AM)
[2026-04-18T06:21:45.215Z] [INFO] Reminder job scheduled (daily at 9:00 AM)
[2026-04-18T06:21:45.217Z] [INFO] Inventory expiry job scheduled (daily at 6:00 AM)
[2026-04-18T06:21:45.220Z] [INFO] Scheduled broadcasts job initialized (every 5 minutes)
[2026-04-18T06:21:45.229Z] [INFO]   - Subscription lifecycle + emails: Every hour
[2026-04-18T06:21:45.229Z] [INFO]   - Plan transition: Daily at 2:00 AM
[2026-04-18T06:21:45.229Z] [INFO] All cron jobs initialized:
[2026-04-18T06:21:45.229Z] [INFO]   - Session cleanup: Every hour
[2026-04-18T06:21:45.229Z] [INFO]   - Pending users cleanup: Daily at 3:00 AM
[2026-04-18T06:21:45.229Z] [INFO]   - Inventory expiry checks + alerts: Daily at 6:00 AM
[2026-04-18T06:21:45.229Z] [INFO]   - Payment status sync: Daily at 1:00 AM
[2026-04-18T06:21:45.229Z] [INFO]   - Reminder emails (7d/3d/final): Daily at 9:00 AM
[2026-04-18T06:21:45.229Z] [INFO]   - Incomplete users cleanup: Daily at 3:15 AM
[2026-04-18T06:21:45.229Z] [INFO]   - Scheduled broadcasts: Every 5 minutes
[2026-04-18T06:21:45.229Z] [INFO]   - Deletion logs cleanup: Daily at 3:30 AM
[2026-04-18T06:21:45.229Z] [INFO]   - OTP daily limits cleanup: Daily at 3:45 AM
[2026-04-18T06:22:11.831Z] [INFO] Initializing cron jobs...
[2026-04-18T06:22:11.831Z] [INFO] Instance ID: CHKTHN-LOQ-15268-25a115eb
[2026-04-18T06:22:11.831Z] [INFO] Distributed locking: ENABLED
[2026-04-18T06:22:11.836Z] [INFO] [Email Cron] Email broadcast worker initialized (every 1 minute)
[2026-04-18T06:22:11.838Z] [INFO] [File Cleanup] Email attachment cleanup worker initialized (daily at 4:00 AM)
[2026-04-18T06:22:11.838Z] [INFO] Email broadcast worker: Every 1 minute
[2026-04-18T06:22:11.838Z] [INFO] Email file cleanup: Daily at 4:00 AM
[2026-04-18T06:22:11.841Z] [INFO] Plan transition job scheduled (daily at 2:00 AM)
[2026-04-18T06:22:11.844Z] [INFO] Subscription lifecycle job scheduled (every hour)
[2026-04-18T06:22:11.845Z] [INFO] Payment status sync job scheduled (daily at 1:00 AM)
[2026-04-18T06:22:11.848Z] [INFO] Reminder job scheduled (daily at 9:00 AM)
[2026-04-18T06:22:11.850Z] [INFO] Inventory expiry job scheduled (daily at 6:00 AM)
[2026-04-18T06:22:11.852Z] [INFO] Scheduled broadcasts job initialized (every 5 minutes)
[2026-04-18T06:22:11.859Z] [INFO] All cron jobs initialized:
[2026-04-18T06:22:11.859Z] [INFO]   - Plan transition: Daily at 2:00 AM
[2026-04-18T06:22:11.859Z] [INFO]   - Subscription lifecycle + emails: Every hour
[2026-04-18T06:22:11.859Z] [INFO]   - Session cleanup: Every hour
[2026-04-18T06:22:11.859Z] [INFO]   - Payment status sync: Daily at 1:00 AM
[2026-04-18T06:22:11.859Z] [INFO]   - Inventory expiry checks + alerts: Daily at 6:00 AM
[2026-04-18T06:22:11.859Z] [INFO]   - Reminder emails (7d/3d/final): Daily at 9:00 AM
[2026-04-18T06:22:11.859Z] [INFO]   - Pending users cleanup: Daily at 3:00 AM
[2026-04-18T06:22:11.859Z] [INFO]   - Incomplete users cleanup: Daily at 3:15 AM
[2026-04-18T06:22:11.859Z] [INFO]   - Scheduled broadcasts: Every 5 minutes
[2026-04-18T06:22:11.859Z] [INFO]   - Deletion logs cleanup: Daily at 3:30 AM
[2026-04-18T06:22:11.859Z] [INFO]   - OTP daily limits cleanup: Daily at 3:45 AM
[2026-04-18T06:22:22.443Z] [INFO] Initializing cron jobs...
[2026-04-18T06:22:22.443Z] [INFO] Instance ID: CHKTHN-LOQ-25940-4b9a4cfa
[2026-04-18T06:22:22.443Z] [INFO] Distributed locking: ENABLED
[2026-04-18T06:22:22.448Z] [INFO] [Email Cron] Email broadcast worker initialized (every 1 minute)
[2026-04-18T06:22:22.450Z] [INFO] [File Cleanup] Email attachment cleanup worker initialized (daily at 4:00 AM)
[2026-04-18T06:22:22.450Z] [INFO] Email broadcast worker: Every 1 minute
[2026-04-18T06:22:22.450Z] [INFO] Email file cleanup: Daily at 4:00 AM
[2026-04-18T06:22:22.455Z] [INFO] Subscription lifecycle job scheduled (every hour)
[2026-04-18T06:22:22.453Z] [INFO] Plan transition job scheduled (daily at 2:00 AM)
[2026-04-18T06:22:22.457Z] [INFO] Payment status sync job scheduled (daily at 1:00 AM)
[2026-04-18T06:22:22.459Z] [INFO] Reminder job scheduled (daily at 9:00 AM)
[2026-04-18T06:22:22.460Z] [INFO] Inventory expiry job scheduled (daily at 6:00 AM)
[2026-04-18T06:22:22.462Z] [INFO] Scheduled broadcasts job initialized (every 5 minutes)
[2026-04-18T06:22:22.470Z] [INFO]   - Session cleanup: Every hour
[2026-04-18T06:22:22.470Z] [INFO]   - Plan transition: Daily at 2:00 AM
[2026-04-18T06:22:22.470Z] [INFO] All cron jobs initialized:
[2026-04-18T06:22:22.470Z] [INFO]   - Payment status sync: Daily at 1:00 AM
[2026-04-18T06:22:22.470Z] [INFO]   - Incomplete users cleanup: Daily at 3:15 AM
[2026-04-18T06:22:22.470Z] [INFO]   - Subscription lifecycle + emails: Every hour
[2026-04-18T06:22:22.470Z] [INFO]   - Inventory expiry checks + alerts: Daily at 6:00 AM
[2026-04-18T06:22:22.470Z] [INFO]   - Pending users cleanup: Daily at 3:00 AM
[2026-04-18T06:22:22.470Z] [INFO]   - Scheduled broadcasts: Every 5 minutes
[2026-04-18T06:22:22.470Z] [INFO]   - OTP daily limits cleanup: Daily at 3:45 AM
[2026-04-18T06:22:22.470Z] [INFO]   - Deletion logs cleanup: Daily at 3:30 AM
[2026-04-18T06:22:22.470Z] [INFO]   - Reminder emails (7d/3d/final): Daily at 9:00 AM
[2026-04-18T06:22:24.210Z] [INFO] Initializing cron jobs...
[2026-04-18T06:22:24.210Z] [INFO] Instance ID: CHKTHN-LOQ-4856-78dee9ec
[2026-04-18T06:22:24.210Z] [INFO] Distributed locking: ENABLED
[2026-04-18T06:22:24.220Z] [INFO] [File Cleanup] Email attachment cleanup worker initialized (daily at 4:00 AM)
[2026-04-18T06:22:24.217Z] [INFO] [Email Cron] Email broadcast worker initialized (every 1 minute)
[2026-04-18T06:22:24.220Z] [INFO] Email broadcast worker: Every 1 minute
[2026-04-18T06:22:24.221Z] [INFO] Email file cleanup: Daily at 4:00 AM
[2026-04-18T06:22:24.223Z] [INFO] Plan transition job scheduled (daily at 2:00 AM)
[2026-04-18T06:22:24.226Z] [INFO] Subscription lifecycle job scheduled (every hour)
[2026-04-18T06:22:24.228Z] [INFO] Payment status sync job scheduled (daily at 1:00 AM)
[2026-04-18T06:22:24.232Z] [INFO] Inventory expiry job scheduled (daily at 6:00 AM)
[2026-04-18T06:22:24.230Z] [INFO] Reminder job scheduled (daily at 9:00 AM)
[2026-04-18T06:22:24.234Z] [INFO] Scheduled broadcasts job initialized (every 5 minutes)
[2026-04-18T06:22:24.242Z] [INFO] All cron jobs initialized:
[2026-04-18T06:22:24.242Z] [INFO]   - Session cleanup: Every hour
[2026-04-18T06:22:24.242Z] [INFO]   - Plan transition: Daily at 2:00 AM
[2026-04-18T06:22:24.242Z] [INFO]   - Subscription lifecycle + emails: Every hour
[2026-04-18T06:22:24.242Z] [INFO]   - Incomplete users cleanup: Daily at 3:15 AM
[2026-04-18T06:22:24.242Z] [INFO]   - Inventory expiry checks + alerts: Daily at 6:00 AM
[2026-04-18T06:22:24.242Z] [INFO]   - Pending users cleanup: Daily at 3:00 AM
[2026-04-18T06:22:24.242Z] [INFO]   - Reminder emails (7d/3d/final): Daily at 9:00 AM
[2026-04-18T06:22:24.242Z] [INFO]   - Payment status sync: Daily at 1:00 AM
[2026-04-18T06:22:24.242Z] [INFO]   - OTP daily limits cleanup: Daily at 3:45 AM
[2026-04-18T06:22:24.242Z] [INFO]   - Scheduled broadcasts: Every 5 minutes
[2026-04-18T06:22:24.242Z] [INFO]   - Deletion logs cleanup: Daily at 3:30 AM
[2026-04-18T06:22:39.860Z] [INFO] Initializing cron jobs...
[2026-04-18T06:22:39.860Z] [INFO] Instance ID: CHKTHN-LOQ-4224-b383a7be
[2026-04-18T06:22:39.869Z] [INFO] [File Cleanup] Email attachment cleanup worker initialized (daily at 4:00 AM)
[2026-04-18T06:22:39.860Z] [INFO] Distributed locking: ENABLED
[2026-04-18T06:22:39.872Z] [INFO] Plan transition job scheduled (daily at 2:00 AM)
[2026-04-18T06:22:39.866Z] [INFO] [Email Cron] Email broadcast worker initialized (every 1 minute)
[2026-04-18T06:22:39.869Z] [INFO] Email file cleanup: Daily at 4:00 AM
[2026-04-18T06:22:39.869Z] [INFO] Email broadcast worker: Every 1 minute
[2026-04-18T06:22:39.873Z] [INFO] Subscription lifecycle job scheduled (every hour)
[2026-04-18T06:22:39.875Z] [INFO] Payment status sync job scheduled (daily at 1:00 AM)
[2026-04-18T06:22:39.882Z] [INFO] Scheduled broadcasts job initialized (every 5 minutes)
[2026-04-18T06:22:39.892Z] [INFO] All cron jobs initialized:
[2026-04-18T06:22:39.877Z] [INFO] Reminder job scheduled (daily at 9:00 AM)
[2026-04-18T06:22:39.879Z] [INFO] Inventory expiry job scheduled (daily at 6:00 AM)
[2026-04-18T06:22:39.892Z] [INFO]   - Session cleanup: Every hour
[2026-04-18T06:22:39.892Z] [INFO]   - Payment status sync: Daily at 1:00 AM
[2026-04-18T06:22:39.892Z] [INFO]   - Subscription lifecycle + emails: Every hour
[2026-04-18T06:22:39.892Z] [INFO]   - Inventory expiry checks + alerts: Daily at 6:00 AM
[2026-04-18T06:22:39.892Z] [INFO]   - Plan transition: Daily at 2:00 AM
[2026-04-18T06:22:39.892Z] [INFO]   - Reminder emails (7d/3d/final): Daily at 9:00 AM
[2026-04-18T06:22:39.892Z] [INFO]   - Pending users cleanup: Daily at 3:00 AM
[2026-04-18T06:22:39.892Z] [INFO]   - Incomplete users cleanup: Daily at 3:15 AM
[2026-04-18T06:22:39.892Z] [INFO]   - OTP daily limits cleanup: Daily at 3:45 AM
[2026-04-18T06:22:39.892Z] [INFO]   - Deletion logs cleanup: Daily at 3:30 AM
[2026-04-18T06:22:39.892Z] [INFO]   - Scheduled broadcasts: Every 5 minutes
[2026-04-18T06:22:49.059Z] [INFO] Initializing cron jobs...
[2026-04-18T06:22:49.059Z] [INFO] Instance ID: CHKTHN-LOQ-14192-4023bebc
[2026-04-18T06:22:49.059Z] [INFO] Distributed locking: ENABLED
[2026-04-18T06:22:49.068Z] [INFO] Email broadcast worker: Every 1 minute
[2026-04-18T06:22:49.068Z] [INFO] Email file cleanup: Daily at 4:00 AM
[2026-04-18T06:22:49.065Z] [INFO] [Email Cron] Email broadcast worker initialized (every 1 minute)
[2026-04-18T06:22:49.071Z] [INFO] Plan transition job scheduled (daily at 2:00 AM)
[2026-04-18T06:22:49.068Z] [INFO] [File Cleanup] Email attachment cleanup worker initialized (daily at 4:00 AM)
[2026-04-18T06:22:49.073Z] [INFO] Subscription lifecycle job scheduled (every hour)
[2026-04-18T06:22:49.074Z] [INFO] Payment status sync job scheduled (daily at 1:00 AM)
[2026-04-18T06:22:49.078Z] [INFO] Inventory expiry job scheduled (daily at 6:00 AM)
[2026-04-18T06:22:49.076Z] [INFO] Reminder job scheduled (daily at 9:00 AM)
[2026-04-18T06:22:49.080Z] [INFO] Scheduled broadcasts job initialized (every 5 minutes)
[2026-04-18T06:22:49.088Z] [INFO] All cron jobs initialized:
[2026-04-18T06:22:49.088Z] [INFO]   - Plan transition: Daily at 2:00 AM
[2026-04-18T06:22:49.088Z] [INFO]   - Session cleanup: Every hour
[2026-04-18T06:22:49.088Z] [INFO]   - Subscription lifecycle + emails: Every hour
[2026-04-18T06:22:49.088Z] [INFO]   - Payment status sync: Daily at 1:00 AM
[2026-04-18T06:22:49.088Z] [INFO]   - Reminder emails (7d/3d/final): Daily at 9:00 AM
[2026-04-18T06:22:49.088Z] [INFO]   - Inventory expiry checks + alerts: Daily at 6:00 AM
[2026-04-18T06:22:49.088Z] [INFO]   - Pending users cleanup: Daily at 3:00 AM
[2026-04-18T06:22:49.088Z] [INFO]   - Incomplete users cleanup: Daily at 3:15 AM
[2026-04-18T06:22:49.088Z] [INFO]   - Scheduled broadcasts: Every 5 minutes
[2026-04-18T06:22:49.088Z] [INFO]   - Deletion logs cleanup: Daily at 3:30 AM
[2026-04-18T06:22:49.088Z] [INFO]   - OTP daily limits cleanup: Daily at 3:45 AM
[2026-04-18T06:22:53.320Z] [INFO] Initializing cron jobs...
[2026-04-18T06:22:53.321Z] [INFO] Distributed locking: ENABLED
[2026-04-18T06:22:53.321Z] [INFO] Instance ID: CHKTHN-LOQ-26104-dfb9c22f
[2026-04-18T06:22:53.325Z] [INFO] [Email Cron] Email broadcast worker initialized (every 1 minute)
[2026-04-18T06:22:53.328Z] [INFO] Email broadcast worker: Every 1 minute
[2026-04-18T06:22:53.328Z] [INFO] Email file cleanup: Daily at 4:00 AM
[2026-04-18T06:22:53.328Z] [INFO] [File Cleanup] Email attachment cleanup worker initialized (daily at 4:00 AM)
[2026-04-18T06:22:53.331Z] [INFO] Plan transition job scheduled (daily at 2:00 AM)
[2026-04-18T06:22:53.333Z] [INFO] Subscription lifecycle job scheduled (every hour)
[2026-04-18T06:22:53.337Z] [INFO] Payment status sync job scheduled (daily at 1:00 AM)
[2026-04-18T06:22:53.339Z] [INFO] Reminder job scheduled (daily at 9:00 AM)
[2026-04-18T06:22:53.342Z] [INFO] Inventory expiry job scheduled (daily at 6:00 AM)
[2026-04-18T06:22:53.345Z] [INFO] Scheduled broadcasts job initialized (every 5 minutes)
[2026-04-18T06:22:53.354Z] [INFO] All cron jobs initialized:
[2026-04-18T06:22:53.354Z] [INFO]   - Plan transition: Daily at 2:00 AM
[2026-04-18T06:22:53.354Z] [INFO]   - Session cleanup: Every hour
[2026-04-18T06:22:53.355Z] [INFO]   - Subscription lifecycle + emails: Every hour
[2026-04-18T06:22:53.355Z] [INFO]   - Payment status sync: Daily at 1:00 AM
[2026-04-18T06:22:53.355Z] [INFO]   - Pending users cleanup: Daily at 3:00 AM
[2026-04-18T06:22:53.355Z] [INFO]   - Inventory expiry checks + alerts: Daily at 6:00 AM
[2026-04-18T06:22:53.355Z] [INFO]   - Reminder emails (7d/3d/final): Daily at 9:00 AM
[2026-04-18T06:22:53.355Z] [INFO]   - Incomplete users cleanup: Daily at 3:15 AM
[2026-04-18T06:22:53.355Z] [INFO]   - Deletion logs cleanup: Daily at 3:30 AM
[2026-04-18T06:22:53.355Z] [INFO]   - Scheduled broadcasts: Every 5 minutes
[2026-04-18T06:22:53.355Z] [INFO]   - OTP daily limits cleanup: Daily at 3:45 AM
[2026-04-18T06:23:05.117Z] [INFO] Initializing cron jobs...
[2026-04-18T06:23:05.117Z] [INFO] Instance ID: CHKTHN-LOQ-3572-eccb76f8
[2026-04-18T06:23:05.122Z] [INFO] [Email Cron] Email broadcast worker initialized (every 1 minute)
[2026-04-18T06:23:05.117Z] [INFO] Distributed locking: ENABLED
[2026-04-18T06:23:05.124Z] [INFO] [File Cleanup] Email attachment cleanup worker initialized (daily at 4:00 AM)
[2026-04-18T06:23:05.124Z] [INFO] Email broadcast worker: Every 1 minute
[2026-04-18T06:23:05.124Z] [INFO] Email file cleanup: Daily at 4:00 AM
[2026-04-18T06:23:05.126Z] [INFO] Plan transition job scheduled (daily at 2:00 AM)
[2026-04-18T06:23:05.128Z] [INFO] Subscription lifecycle job scheduled (every hour)
[2026-04-18T06:23:05.130Z] [INFO] Payment status sync job scheduled (daily at 1:00 AM)
[2026-04-18T06:23:05.131Z] [INFO] Reminder job scheduled (daily at 9:00 AM)
[2026-04-18T06:23:05.133Z] [INFO] Inventory expiry job scheduled (daily at 6:00 AM)
[2026-04-18T06:23:05.135Z] [INFO] Scheduled broadcasts job initialized (every 5 minutes)
[2026-04-18T06:23:05.143Z] [INFO]   - Session cleanup: Every hour
[2026-04-18T06:23:05.143Z] [INFO]   - Plan transition: Daily at 2:00 AM
[2026-04-18T06:23:05.143Z] [INFO] All cron jobs initialized:
[2026-04-18T06:23:05.143Z] [INFO]   - Subscription lifecycle + emails: Every hour
[2026-04-18T06:23:05.143Z] [INFO]   - Payment status sync: Daily at 1:00 AM
[2026-04-18T06:23:05.143Z] [INFO]   - Inventory expiry checks + alerts: Daily at 6:00 AM
[2026-04-18T06:23:05.143Z] [INFO]   - Pending users cleanup: Daily at 3:00 AM
[2026-04-18T06:23:05.143Z] [INFO]   - Incomplete users cleanup: Daily at 3:15 AM
[2026-04-18T06:23:05.143Z] [INFO]   - Reminder emails (7d/3d/final): Daily at 9:00 AM
[2026-04-18T06:23:05.143Z] [INFO]   - Scheduled broadcasts: Every 5 minutes
[2026-04-18T06:23:05.143Z] [INFO]   - Deletion logs cleanup: Daily at 3:30 AM
[2026-04-18T06:23:05.143Z] [INFO]   - OTP daily limits cleanup: Daily at 3:45 AM
[2026-04-18T06:23:07.599Z] [INFO] Initializing cron jobs...
[2026-04-18T06:23:07.599Z] [INFO] Distributed locking: ENABLED
[2026-04-18T06:23:07.599Z] [INFO] Instance ID: CHKTHN-LOQ-6320-3d062da8
[2026-04-18T06:23:07.604Z] [INFO] [Email Cron] Email broadcast worker initialized (every 1 minute)
[2026-04-18T06:23:07.607Z] [INFO] [File Cleanup] Email attachment cleanup worker initialized (daily at 4:00 AM)
[2026-04-18T06:23:07.607Z] [INFO] Email broadcast worker: Every 1 minute
[2026-04-18T06:23:07.607Z] [INFO] Email file cleanup: Daily at 4:00 AM
[2026-04-18T06:23:07.609Z] [INFO] Plan transition job scheduled (daily at 2:00 AM)
[2026-04-18T06:23:07.611Z] [INFO] Subscription lifecycle job scheduled (every hour)
[2026-04-18T06:23:07.613Z] [INFO] Payment status sync job scheduled (daily at 1:00 AM)
[2026-04-18T06:23:07.615Z] [INFO] Reminder job scheduled (daily at 9:00 AM)
[2026-04-18T06:23:07.617Z] [INFO] Inventory expiry job scheduled (daily at 6:00 AM)
[2026-04-18T06:23:07.627Z] [INFO] All cron jobs initialized:
[2026-04-18T06:23:07.619Z] [INFO] Scheduled broadcasts job initialized (every 5 minutes)
[2026-04-18T06:23:07.627Z] [INFO]   - Plan transition: Daily at 2:00 AM
[2026-04-18T06:23:07.627Z] [INFO]   - Session cleanup: Every hour
[2026-04-18T06:23:07.627Z] [INFO]   - Subscription lifecycle + emails: Every hour
[2026-04-18T06:23:07.627Z] [INFO]   - Payment status sync: Daily at 1:00 AM
[2026-04-18T06:23:07.627Z] [INFO]   - Reminder emails (7d/3d/final): Daily at 9:00 AM
[2026-04-18T06:23:07.627Z] [INFO]   - Inventory expiry checks + alerts: Daily at 6:00 AM
[2026-04-18T06:23:07.627Z] [INFO]   - Pending users cleanup: Daily at 3:00 AM
[2026-04-18T06:23:07.627Z] [INFO]   - Incomplete users cleanup: Daily at 3:15 AM
[2026-04-18T06:23:07.627Z] [INFO]   - Scheduled broadcasts: Every 5 minutes
[2026-04-18T06:23:07.627Z] [INFO]   - OTP daily limits cleanup: Daily at 3:45 AM
[2026-04-18T06:23:07.627Z] [INFO]   - Deletion logs cleanup: Daily at 3:30 AM
[2026-04-18T06:23:13.918Z] [INFO] Distributed locking: ENABLED
[2026-04-18T06:23:13.918Z] [INFO] Initializing cron jobs...
[2026-04-18T06:23:13.923Z] [INFO] [Email Cron] Email broadcast worker initialized (every 1 minute)
[2026-04-18T06:23:13.918Z] [INFO] Instance ID: CHKTHN-LOQ-15104-34046c40
[2026-04-18T06:23:13.925Z] [INFO] Email broadcast worker: Every 1 minute
[2026-04-18T06:23:13.925Z] [INFO] [File Cleanup] Email attachment cleanup worker initialized (daily at 4:00 AM)
[2026-04-18T06:23:13.925Z] [INFO] Email file cleanup: Daily at 4:00 AM
[2026-04-18T06:23:13.928Z] [INFO] Plan transition job scheduled (daily at 2:00 AM)
[2026-04-18T06:23:13.930Z] [INFO] Subscription lifecycle job scheduled (every hour)
[2026-04-18T06:23:13.932Z] [INFO] Payment status sync job scheduled (daily at 1:00 AM)
[2026-04-18T06:23:13.933Z] [INFO] Reminder job scheduled (daily at 9:00 AM)
[2026-04-18T06:23:13.936Z] [INFO] Inventory expiry job scheduled (daily at 6:00 AM)
[2026-04-18T06:23:13.938Z] [INFO] Scheduled broadcasts job initialized (every 5 minutes)
[2026-04-18T06:23:13.947Z] [INFO]   - Session cleanup: Every hour
[2026-04-18T06:23:13.947Z] [INFO]   - Plan transition: Daily at 2:00 AM
[2026-04-18T06:23:13.947Z] [INFO] All cron jobs initialized:
[2026-04-18T06:23:13.947Z] [INFO]   - Payment status sync: Daily at 1:00 AM
[2026-04-18T06:23:13.947Z] [INFO]   - Subscription lifecycle + emails: Every hour
[2026-04-18T06:23:13.947Z] [INFO]   - Inventory expiry checks + alerts: Daily at 6:00 AM
[2026-04-18T06:23:13.947Z] [INFO]   - Pending users cleanup: Daily at 3:00 AM
[2026-04-18T06:23:13.947Z] [INFO]   - OTP daily limits cleanup: Daily at 3:45 AM
[2026-04-18T06:23:13.947Z] [INFO]   - Reminder emails (7d/3d/final): Daily at 9:00 AM
[2026-04-18T06:23:13.947Z] [INFO]   - Incomplete users cleanup: Daily at 3:15 AM
[2026-04-18T06:23:13.947Z] [INFO]   - Scheduled broadcasts: Every 5 minutes
[2026-04-18T06:23:13.947Z] [INFO]   - Deletion logs cleanup: Daily at 3:30 AM
[2026-04-18T06:23:28.074Z] [INFO] Initializing cron jobs...
[2026-04-18T06:23:28.075Z] [INFO] Instance ID: CHKTHN-LOQ-5240-8160013d
[2026-04-18T06:23:28.080Z] [INFO] [Email Cron] Email broadcast worker initialized (every 1 minute)
[2026-04-18T06:23:28.082Z] [INFO] [File Cleanup] Email attachment cleanup worker initialized (daily at 4:00 AM)
[2026-04-18T06:23:28.075Z] [INFO] Distributed locking: ENABLED
[2026-04-18T06:23:28.082Z] [INFO] Email broadcast worker: Every 1 minute
[2026-04-18T06:23:28.084Z] [INFO] Plan transition job scheduled (daily at 2:00 AM)
[2026-04-18T06:23:28.086Z] [INFO] Subscription lifecycle job scheduled (every hour)
[2026-04-18T06:23:28.082Z] [INFO] Email file cleanup: Daily at 4:00 AM
[2026-04-18T06:23:28.088Z] [INFO] Payment status sync job scheduled (daily at 1:00 AM)
[2026-04-18T06:23:28.090Z] [INFO] Reminder job scheduled (daily at 9:00 AM)
[2026-04-18T06:23:28.092Z] [INFO] Inventory expiry job scheduled (daily at 6:00 AM)
[2026-04-18T06:23:28.094Z] [INFO] Scheduled broadcasts job initialized (every 5 minutes)
[2026-04-18T06:23:28.101Z] [INFO] All cron jobs initialized:
[2026-04-18T06:23:28.101Z] [INFO]   - Plan transition: Daily at 2:00 AM
[2026-04-18T06:23:28.101Z] [INFO]   - Session cleanup: Every hour
[2026-04-18T06:23:28.101Z] [INFO]   - Subscription lifecycle + emails: Every hour
[2026-04-18T06:23:28.101Z] [INFO]   - Payment status sync: Daily at 1:00 AM
[2026-04-18T06:23:28.101Z] [INFO]   - Inventory expiry checks + alerts: Daily at 6:00 AM
[2026-04-18T06:23:28.101Z] [INFO]   - Reminder emails (7d/3d/final): Daily at 9:00 AM
[2026-04-18T06:23:28.101Z] [INFO]   - Scheduled broadcasts: Every 5 minutes
[2026-04-18T06:23:28.101Z] [INFO]   - Pending users cleanup: Daily at 3:00 AM
[2026-04-18T06:23:28.101Z] [INFO]   - Deletion logs cleanup: Daily at 3:30 AM
[2026-04-18T06:23:28.101Z] [INFO]   - Incomplete users cleanup: Daily at 3:15 AM
[2026-04-18T06:23:28.101Z] [INFO]   - OTP daily limits cleanup: Daily at 3:45 AM
[2026-04-18T06:23:30.435Z] [INFO] Instance ID: CHKTHN-LOQ-23720-5759b238
[2026-04-18T06:23:30.435Z] [INFO] Distributed locking: ENABLED
[2026-04-18T06:23:30.434Z] [INFO] Initializing cron jobs...
[2026-04-18T06:23:30.443Z] [INFO] [File Cleanup] Email attachment cleanup worker initialized (daily at 4:00 AM)
[2026-04-18T06:23:30.441Z] [INFO] [Email Cron] Email broadcast worker initialized (every 1 minute)
[2026-04-18T06:23:30.443Z] [INFO] Email broadcast worker: Every 1 minute
[2026-04-18T06:23:30.443Z] [INFO] Email file cleanup: Daily at 4:00 AM
[2026-04-18T06:23:30.446Z] [INFO] Plan transition job scheduled (daily at 2:00 AM)
[2026-04-18T06:23:30.447Z] [INFO] Subscription lifecycle job scheduled (every hour)
[2026-04-18T06:23:30.449Z] [INFO] Payment status sync job scheduled (daily at 1:00 AM)
[2026-04-18T06:23:30.451Z] [INFO] Reminder job scheduled (daily at 9:00 AM)
[2026-04-18T06:23:30.453Z] [INFO] Inventory expiry job scheduled (daily at 6:00 AM)
[2026-04-18T06:23:30.455Z] [INFO] Scheduled broadcasts job initialized (every 5 minutes)
[2026-04-18T06:23:30.464Z] [INFO] All cron jobs initialized:
[2026-04-18T06:23:30.464Z] [INFO]   - Plan transition: Daily at 2:00 AM
[2026-04-18T06:23:30.464Z] [INFO]   - Subscription lifecycle + emails: Every hour
[2026-04-18T06:23:30.464Z] [INFO]   - Payment status sync: Daily at 1:00 AM
[2026-04-18T06:23:30.464Z] [INFO]   - Inventory expiry checks + alerts: Daily at 6:00 AM
[2026-04-18T06:23:30.464Z] [INFO]   - Session cleanup: Every hour
[2026-04-18T06:23:30.464Z] [INFO]   - Reminder emails (7d/3d/final): Daily at 9:00 AM
[2026-04-18T06:23:30.464Z] [INFO]   - Deletion logs cleanup: Daily at 3:30 AM
[2026-04-18T06:23:30.464Z] [INFO]   - Pending users cleanup: Daily at 3:00 AM
[2026-04-18T06:23:30.464Z] [INFO]   - Incomplete users cleanup: Daily at 3:15 AM
[2026-04-18T06:23:30.464Z] [INFO]   - Scheduled broadcasts: Every 5 minutes
[2026-04-18T06:23:30.464Z] [INFO]   - OTP daily limits cleanup: Daily at 3:45 AM
[2026-04-18T06:24:34.169Z] [INFO] Initializing cron jobs...
[2026-04-18T06:24:34.169Z] [INFO] Distributed locking: ENABLED
[2026-04-18T06:24:34.174Z] [INFO] [Email Cron] Email broadcast worker initialized (every 1 minute)
[2026-04-18T06:24:34.176Z] [INFO] [File Cleanup] Email attachment cleanup worker initialized (daily at 4:00 AM)
[2026-04-18T06:24:34.176Z] [INFO] Email broadcast worker: Every 1 minute
[2026-04-18T06:24:34.169Z] [INFO] Instance ID: CHKTHN-LOQ-6032-17e4d680
[2026-04-18T06:24:34.178Z] [INFO] Plan transition job scheduled (daily at 2:00 AM)
[2026-04-18T06:24:34.176Z] [INFO] Email file cleanup: Daily at 4:00 AM
[2026-04-18T06:24:34.179Z] [INFO] Subscription lifecycle job scheduled (every hour)
[2026-04-18T06:24:34.181Z] [INFO] Payment status sync job scheduled (daily at 1:00 AM)
[2026-04-18T06:24:34.183Z] [INFO] Reminder job scheduled (daily at 9:00 AM)
[2026-04-18T06:24:34.185Z] [INFO] Inventory expiry job scheduled (daily at 6:00 AM)
[2026-04-18T06:24:34.186Z] [INFO] Scheduled broadcasts job initialized (every 5 minutes)
[2026-04-18T06:24:34.192Z] [INFO]   - Session cleanup: Every hour
[2026-04-18T06:24:34.192Z] [INFO]   - Subscription lifecycle + emails: Every hour
[2026-04-18T06:24:34.192Z] [INFO] All cron jobs initialized:
[2026-04-18T06:24:34.192Z] [INFO]   - Payment status sync: Daily at 1:00 AM
[2026-04-18T06:24:34.192Z] [INFO]   - Plan transition: Daily at 2:00 AM
[2026-04-18T06:24:34.192Z] [INFO]   - Inventory expiry checks + alerts: Daily at 6:00 AM
[2026-04-18T06:24:34.192Z] [INFO]   - Reminder emails (7d/3d/final): Daily at 9:00 AM
[2026-04-18T06:24:34.192Z] [INFO]   - Pending users cleanup: Daily at 3:00 AM
[2026-04-18T06:24:34.192Z] [INFO]   - Incomplete users cleanup: Daily at 3:15 AM
[2026-04-18T06:24:34.192Z] [INFO]   - OTP daily limits cleanup: Daily at 3:45 AM
[2026-04-18T06:24:34.192Z] [INFO]   - Scheduled broadcasts: Every 5 minutes
[2026-04-18T06:24:34.192Z] [INFO]   - Deletion logs cleanup: Daily at 3:30 AM
[2026-04-18T06:25:00.046Z] [INFO] Checking for scheduled broadcasts...
[2026-04-18T06:25:00.051Z] [INFO] No scheduled broadcasts due for sending
[2026-04-18T06:30:00.041Z] [INFO] Starting subscription lifecycle check...
[2026-04-18T06:30:00.051Z] [INFO] Subscription lifecycle complete | Grace: 0 | Suspended: 0
[2026-04-18T06:30:00.081Z] [INFO] Checking for scheduled broadcasts...
[2026-04-18T06:30:00.086Z] [INFO] No scheduled broadcasts due for sending
[2026-04-18T06:35:00.051Z] [INFO] Checking for scheduled broadcasts...
[2026-04-18T06:35:00.054Z] [INFO] No scheduled broadcasts due for sending
[2026-04-18T06:40:00.023Z] [INFO] Checking for scheduled broadcasts...
[2026-04-18T06:40:00.027Z] [INFO] No scheduled broadcasts due for sending
[2026-04-18T06:45:00.027Z] [INFO] Checking for scheduled broadcasts...
[2026-04-18T06:45:00.031Z] [INFO] No scheduled broadcasts due for sending
[2026-04-18T06:50:00.033Z] [INFO] Checking for scheduled broadcasts...
[2026-04-18T06:50:00.038Z] [INFO] No scheduled broadcasts due for sending
[2026-04-18T06:55:00.031Z] [INFO] Checking for scheduled broadcasts...
[2026-04-18T06:55:00.036Z] [INFO] No scheduled broadcasts due for sending
[2026-04-18T07:00:00.026Z] [INFO] Checking for scheduled broadcasts...
[2026-04-18T07:00:00.032Z] [INFO] No scheduled broadcasts due for sending
[2026-04-18T07:01:00.953Z] [INFO] Distributed locking: ENABLED
[2026-04-18T07:01:00.953Z] [INFO] Instance ID: CHKTHN-LOQ-7736-cd2f1ab4
[2026-04-18T07:01:00.953Z] [INFO] Initializing cron jobs...
[2026-04-18T07:01:00.957Z] [INFO] [Email Cron] Email broadcast worker initialized (every 1 minute)
[2026-04-18T07:01:00.959Z] [INFO] [File Cleanup] Email attachment cleanup worker initialized (daily at 4:00 AM)
[2026-04-18T07:01:00.959Z] [INFO] Email broadcast worker: Every 1 minute
[2026-04-18T07:01:00.959Z] [INFO] Email file cleanup: Daily at 4:00 AM
[2026-04-18T07:01:00.961Z] [INFO] Plan transition job scheduled (daily at 2:00 AM)
[2026-04-18T07:01:00.962Z] [INFO] Subscription lifecycle job scheduled (every hour)
[2026-04-18T07:01:00.964Z] [INFO] Payment status sync job scheduled (daily at 1:00 AM)
[2026-04-18T07:01:00.965Z] [INFO] Reminder job scheduled (daily at 9:00 AM)
[2026-04-18T07:01:00.967Z] [INFO] Inventory expiry job scheduled (daily at 6:00 AM)
[2026-04-18T07:01:00.968Z] [INFO] Scheduled broadcasts job initialized (every 5 minutes)
[2026-04-18T07:01:00.974Z] [INFO] All cron jobs initialized:
[2026-04-18T07:01:00.974Z] [INFO]   - Plan transition: Daily at 2:00 AM
[2026-04-18T07:01:00.974Z] [INFO]   - Session cleanup: Every hour
[2026-04-18T07:01:00.974Z] [INFO]   - Subscription lifecycle + emails: Every hour
[2026-04-18T07:01:00.974Z] [INFO]   - Payment status sync: Daily at 1:00 AM
[2026-04-18T07:01:00.974Z] [INFO]   - Reminder emails (7d/3d/final): Daily at 9:00 AM
[2026-04-18T07:01:00.974Z] [INFO]   - Inventory expiry checks + alerts: Daily at 6:00 AM
[2026-04-18T07:01:00.974Z] [INFO]   - Incomplete users cleanup: Daily at 3:15 AM
[2026-04-18T07:01:00.974Z] [INFO]   - Pending users cleanup: Daily at 3:00 AM
[2026-04-18T07:01:00.974Z] [INFO]   - Deletion logs cleanup: Daily at 3:30 AM
[2026-04-18T07:01:00.974Z] [INFO]   - Scheduled broadcasts: Every 5 minutes
[2026-04-18T07:01:00.974Z] [INFO]   - OTP daily limits cleanup: Daily at 3:45 AM
[2026-04-18T07:01:11.383Z] [INFO] Instance ID: CHKTHN-LOQ-13064-4c4f575a
[2026-04-18T07:01:11.382Z] [INFO] Initializing cron jobs...
[2026-04-18T07:01:11.388Z] [INFO] [File Cleanup] Email attachment cleanup worker initialized (daily at 4:00 AM)
[2026-04-18T07:01:11.383Z] [INFO] Distributed locking: ENABLED
[2026-04-18T07:01:11.390Z] [INFO] Plan transition job scheduled (daily at 2:00 AM)
[2026-04-18T07:01:11.387Z] [INFO] [Email Cron] Email broadcast worker initialized (every 1 minute)
[2026-04-18T07:01:11.388Z] [INFO] Email broadcast worker: Every 1 minute
[2026-04-18T07:01:11.388Z] [INFO] Email file cleanup: Daily at 4:00 AM
[2026-04-18T07:01:11.393Z] [INFO] Payment status sync job scheduled (daily at 1:00 AM)
[2026-04-18T07:01:11.392Z] [INFO] Subscription lifecycle job scheduled (every hour)
[2026-04-18T07:01:11.397Z] [INFO] Scheduled broadcasts job initialized (every 5 minutes)
[2026-04-18T07:01:11.404Z] [INFO] All cron jobs initialized:
[2026-04-18T07:01:11.395Z] [INFO] Reminder job scheduled (daily at 9:00 AM)
[2026-04-18T07:01:11.396Z] [INFO] Inventory expiry job scheduled (daily at 6:00 AM)
[2026-04-18T07:01:11.404Z] [INFO]   - Plan transition: Daily at 2:00 AM
[2026-04-18T07:01:11.404Z] [INFO]   - Subscription lifecycle + emails: Every hour
[2026-04-18T07:01:11.405Z] [INFO]   - Inventory expiry checks + alerts: Daily at 6:00 AM
[2026-04-18T07:01:11.404Z] [INFO]   - Payment status sync: Daily at 1:00 AM
[2026-04-18T07:01:11.405Z] [INFO]   - Reminder emails (7d/3d/final): Daily at 9:00 AM
[2026-04-18T07:01:11.405Z] [INFO]   - Pending users cleanup: Daily at 3:00 AM
[2026-04-18T07:01:11.405Z] [INFO]   - Incomplete users cleanup: Daily at 3:15 AM
[2026-04-18T07:01:11.405Z] [INFO]   - Scheduled broadcasts: Every 5 minutes
[2026-04-18T07:01:11.405Z] [INFO]   - OTP daily limits cleanup: Daily at 3:45 AM
[2026-04-18T07:01:11.405Z] [INFO]   - Deletion logs cleanup: Daily at 3:30 AM
[2026-04-18T07:01:11.404Z] [INFO]   - Session cleanup: Every hour
[2026-04-18T07:05:00.041Z] [INFO] Checking for scheduled broadcasts...
[2026-04-18T07:05:00.047Z] [INFO] No scheduled broadcasts due for sending
[2026-04-18T07:10:00.031Z] [INFO] Checking for scheduled broadcasts...
[2026-04-18T07:10:00.036Z] [INFO] No scheduled broadcasts due for sending
[2026-04-18T07:15:00.036Z] [INFO] Checking for scheduled broadcasts...
[2026-04-18T07:15:00.042Z] [INFO] No scheduled broadcasts due for sending
[2026-04-18T07:20:00.025Z] [INFO] Checking for scheduled broadcasts...
[2026-04-18T07:20:00.034Z] [INFO] No scheduled broadcasts due for sending
[2026-04-18T07:25:00.023Z] [INFO] Checking for scheduled broadcasts...
[2026-04-18T07:25:00.030Z] [INFO] No scheduled broadcasts due for sending
[2026-04-18T07:30:00.043Z] [INFO] Checking for scheduled broadcasts...
[2026-04-18T07:30:00.044Z] [INFO] Starting subscription lifecycle check...
[2026-04-18T07:30:00.048Z] [INFO] No scheduled broadcasts due for sending
[2026-04-18T07:30:00.049Z] [INFO] Subscription lifecycle complete | Grace: 0 | Suspended: 0
[2026-04-18T07:35:00.051Z] [INFO] Checking for scheduled broadcasts...
[2026-04-18T07:35:00.059Z] [INFO] No scheduled broadcasts due for sending
[2026-04-18T07:40:00.041Z] [INFO] Checking for scheduled broadcasts...
[2026-04-18T07:40:00.050Z] [INFO] No scheduled broadcasts due for sending
[2026-04-18T07:45:00.050Z] [INFO] Checking for scheduled broadcasts...
[2026-04-18T07:45:00.059Z] [INFO] No scheduled broadcasts due for sending
[2026-04-18T07:50:00.152Z] [INFO] Checking for scheduled broadcasts...
[2026-04-18T07:50:00.157Z] [INFO] No scheduled broadcasts due for sending
[2026-04-18T07:55:00.037Z] [INFO] Checking for scheduled broadcasts...
[2026-04-18T07:55:00.043Z] [INFO] No scheduled broadcasts due for sending
[2026-04-18T08:00:00.035Z] [INFO] Checking for scheduled broadcasts...
[2026-04-18T08:00:00.040Z] [INFO] No scheduled broadcasts due for sending
[2026-04-18T08:05:00.037Z] [INFO] Checking for scheduled broadcasts...
[2026-04-18T08:05:00.042Z] [INFO] No scheduled broadcasts due for sending
[2026-04-18T08:10:00.022Z] [INFO] Checking for scheduled broadcasts...
[2026-04-18T08:10:00.027Z] [INFO] No scheduled broadcasts due for sending
[2026-04-18T08:15:00.023Z] [INFO] Checking for scheduled broadcasts...
[2026-04-18T08:15:00.027Z] [INFO] No scheduled broadcasts due for sending
[2026-04-18T08:20:00.030Z] [INFO] Checking for scheduled broadcasts...
[2026-04-18T08:20:00.034Z] [INFO] No scheduled broadcasts due for sending
[2026-04-18T08:25:00.024Z] [INFO] Checking for scheduled broadcasts...
[2026-04-18T08:25:00.028Z] [INFO] No scheduled broadcasts due for sending
[2026-04-18T08:30:00.035Z] [INFO] Starting subscription lifecycle check...
[2026-04-18T08:30:00.035Z] [INFO] Checking for scheduled broadcasts...
[2026-04-18T08:30:00.042Z] [INFO] No scheduled broadcasts due for sending
[2026-04-18T08:30:00.051Z] [INFO] Subscription lifecycle complete | Grace: 0 | Suspended: 0
[2026-04-18T08:35:00.033Z] [INFO] Checking for scheduled broadcasts...
[2026-04-18T08:35:00.036Z] [INFO] No scheduled broadcasts due for sending
[2026-04-18T08:40:00.026Z] [INFO] Checking for scheduled broadcasts...
[2026-04-18T08:40:00.030Z] [INFO] No scheduled broadcasts due for sending
[2026-04-18T08:45:00.026Z] [INFO] Checking for scheduled broadcasts...
[2026-04-18T08:45:00.030Z] [INFO] No scheduled broadcasts due for sending
[2026-04-18T08:50:00.028Z] [INFO] Checking for scheduled broadcasts...
[2026-04-18T08:50:00.033Z] [INFO] No scheduled broadcasts due for sending
[2026-04-18T08:55:00.033Z] [INFO] Checking for scheduled broadcasts...
[2026-04-18T08:55:00.037Z] [INFO] No scheduled broadcasts due for sending
[2026-04-18T09:00:00.038Z] [INFO] Checking for scheduled broadcasts...
[2026-04-18T09:00:00.046Z] [INFO] No scheduled broadcasts due for sending
[2026-04-18T09:05:00.042Z] [INFO] Checking for scheduled broadcasts...
[2026-04-18T09:05:00.047Z] [INFO] No scheduled broadcasts due for sending
[2026-04-18T09:10:00.096Z] [INFO] Checking for scheduled broadcasts...
[2026-04-18T09:10:00.102Z] [INFO] No scheduled broadcasts due for sending
[2026-04-18T09:15:00.044Z] [INFO] Checking for scheduled broadcasts...
[2026-04-18T09:15:00.051Z] [INFO] No scheduled broadcasts due for sending
[2026-04-18T09:20:00.090Z] [INFO] Checking for scheduled broadcasts...
[2026-04-18T09:20:00.101Z] [INFO] No scheduled broadcasts due for sending
[2026-04-18T09:25:00.027Z] [INFO] Checking for scheduled broadcasts...
[2026-04-18T09:25:00.034Z] [INFO] No scheduled broadcasts due for sending
[2026-04-18T09:30:00.022Z] [INFO] Checking for scheduled broadcasts...
[2026-04-18T09:30:00.022Z] [INFO] Starting subscription lifecycle check...
[2026-04-18T09:30:00.027Z] [INFO] Subscription lifecycle complete | Grace: 0 | Suspended: 0
[2026-04-18T09:30:00.027Z] [INFO] No scheduled broadcasts due for sending
[2026-04-18T09:35:00.052Z] [INFO] Checking for scheduled broadcasts...
[2026-04-18T09:35:00.058Z] [INFO] No scheduled broadcasts due for sending
[2026-04-18T09:40:00.047Z] [INFO] Checking for scheduled broadcasts...
[2026-04-18T09:40:00.053Z] [INFO] No scheduled broadcasts due for sending
[2026-04-18T09:45:00.031Z] [INFO] Checking for scheduled broadcasts...
[2026-04-18T09:45:00.034Z] [INFO] No scheduled broadcasts due for sending
[2026-04-18T09:50:00.020Z] [INFO] Checking for scheduled broadcasts...
[2026-04-18T09:50:00.027Z] [INFO] No scheduled broadcasts due for sending
[2026-04-18T09:55:00.035Z] [INFO] Checking for scheduled broadcasts...
[2026-04-18T09:55:00.038Z] [INFO] No scheduled broadcasts due for sending
[2026-04-18T10:00:00.027Z] [INFO] Checking for scheduled broadcasts...
[2026-04-18T10:00:00.040Z] [INFO] No scheduled broadcasts due for sending
[2026-04-18T10:05:00.022Z] [INFO] Checking for scheduled broadcasts...
[2026-04-18T10:05:00.027Z] [INFO] No scheduled broadcasts due for sending
[2026-04-18T10:10:00.033Z] [INFO] Checking for scheduled broadcasts...
[2026-04-18T10:10:00.042Z] [INFO] No scheduled broadcasts due for sending
[2026-04-18T10:15:00.195Z] [INFO] Checking for scheduled broadcasts...
[2026-04-18T10:15:00.199Z] [INFO] No scheduled broadcasts due for sending
[2026-04-18T10:20:00.085Z] [INFO] Checking for scheduled broadcasts...
[2026-04-18T10:20:00.092Z] [INFO] No scheduled broadcasts due for sending
[2026-04-18T10:25:00.072Z] [INFO] Checking for scheduled broadcasts...
[2026-04-18T10:25:00.078Z] [INFO] No scheduled broadcasts due for sending
[2026-04-18T10:25:32.426Z] [INFO] Distributed locking: ENABLED
[2026-04-18T10:25:32.426Z] [INFO] Initializing cron jobs...
[2026-04-18T10:25:32.431Z] [INFO] [Email Cron] Email broadcast worker initialized (every 1 minute)
[2026-04-18T10:25:32.433Z] [INFO] Email broadcast worker: Every 1 minute
[2026-04-18T10:25:32.435Z] [INFO] Plan transition job scheduled (daily at 2:00 AM)
[2026-04-18T10:25:32.433Z] [INFO] [File Cleanup] Email attachment cleanup worker initialized (daily at 4:00 AM)
[2026-04-18T10:25:32.426Z] [INFO] Instance ID: CHKTHN-LOQ-26296-e00460da
[2026-04-18T10:25:32.437Z] [INFO] Subscription lifecycle job scheduled (every hour)
[2026-04-18T10:25:32.441Z] [INFO] Reminder job scheduled (daily at 9:00 AM)
[2026-04-18T10:25:32.433Z] [INFO] Email file cleanup: Daily at 4:00 AM
[2026-04-18T10:25:32.442Z] [INFO] Inventory expiry job scheduled (daily at 6:00 AM)
[2026-04-18T10:25:32.451Z] [INFO] All cron jobs initialized:
[2026-04-18T10:25:32.444Z] [INFO] Scheduled broadcasts job initialized (every 5 minutes)
[2026-04-18T10:25:32.451Z] [INFO]   - Session cleanup: Every hour
[2026-04-18T10:25:32.439Z] [INFO] Payment status sync job scheduled (daily at 1:00 AM)
[2026-04-18T10:25:32.451Z] [INFO]   - Subscription lifecycle + emails: Every hour
[2026-04-18T10:25:32.451Z] [INFO]   - Inventory expiry checks + alerts: Daily at 6:00 AM
[2026-04-18T10:25:32.451Z] [INFO]   - Plan transition: Daily at 2:00 AM
[2026-04-18T10:25:32.451Z] [INFO]   - Reminder emails (7d/3d/final): Daily at 9:00 AM
[2026-04-18T10:25:32.451Z] [INFO]   - Incomplete users cleanup: Daily at 3:15 AM
[2026-04-18T10:25:32.451Z] [INFO]   - Pending users cleanup: Daily at 3:00 AM
[2026-04-18T10:25:32.451Z] [INFO]   - Deletion logs cleanup: Daily at 3:30 AM
[2026-04-18T10:25:32.451Z] [INFO]   - OTP daily limits cleanup: Daily at 3:45 AM
[2026-04-18T10:25:32.451Z] [INFO]   - Scheduled broadcasts: Every 5 minutes
[2026-04-18T10:25:32.451Z] [INFO]   - Payment status sync: Daily at 1:00 AM
[2026-04-18T10:26:01.536Z] [INFO] Initializing cron jobs...
[2026-04-18T10:26:01.537Z] [INFO] Instance ID: CHKTHN-LOQ-5740-8ad25365
[2026-04-18T10:26:01.541Z] [INFO] [Email Cron] Email broadcast worker initialized (every 1 minute)
[2026-04-18T10:26:01.537Z] [INFO] Distributed locking: ENABLED
[2026-04-18T10:26:01.544Z] [INFO] [File Cleanup] Email attachment cleanup worker initialized (daily at 4:00 AM)
[2026-04-18T10:26:01.544Z] [INFO] Email file cleanup: Daily at 4:00 AM
[2026-04-18T10:26:01.544Z] [INFO] Email broadcast worker: Every 1 minute
[2026-04-18T10:26:01.547Z] [INFO] Plan transition job scheduled (daily at 2:00 AM)
[2026-04-18T10:26:01.548Z] [INFO] Subscription lifecycle job scheduled (every hour)
[2026-04-18T10:26:01.550Z] [INFO] Payment status sync job scheduled (daily at 1:00 AM)
[2026-04-18T10:26:01.552Z] [INFO] Reminder job scheduled (daily at 9:00 AM)
[2026-04-18T10:26:01.554Z] [INFO] Inventory expiry job scheduled (daily at 6:00 AM)
[2026-04-18T10:26:01.556Z] [INFO] Scheduled broadcasts job initialized (every 5 minutes)
[2026-04-18T10:26:01.563Z] [INFO]   - Session cleanup: Every hour
[2026-04-18T10:26:01.563Z] [INFO] All cron jobs initialized:
[2026-04-18T10:26:01.563Z] [INFO]   - Plan transition: Daily at 2:00 AM
[2026-04-18T10:26:01.563Z] [INFO]   - Payment status sync: Daily at 1:00 AM
[2026-04-18T10:26:01.563Z] [INFO]   - Inventory expiry checks + alerts: Daily at 6:00 AM
[2026-04-18T10:26:01.564Z] [INFO]   - Pending users cleanup: Daily at 3:00 AM
[2026-04-18T10:26:01.563Z] [INFO]   - Subscription lifecycle + emails: Every hour
[2026-04-18T10:26:01.563Z] [INFO]   - Reminder emails (7d/3d/final): Daily at 9:00 AM
[2026-04-18T10:26:01.564Z] [INFO]   - Incomplete users cleanup: Daily at 3:15 AM
[2026-04-18T10:26:01.564Z] [INFO]   - Deletion logs cleanup: Daily at 3:30 AM
[2026-04-18T10:26:01.564Z] [INFO]   - Scheduled broadcasts: Every 5 minutes
[2026-04-18T10:26:01.564Z] [INFO]   - OTP daily limits cleanup: Daily at 3:45 AM
[2026-04-18T10:26:21.913Z] [INFO] Initializing cron jobs...
[2026-04-18T10:26:21.914Z] [INFO] Instance ID: CHKTHN-LOQ-5104-e68a640c
[2026-04-18T10:26:21.914Z] [INFO] Distributed locking: ENABLED
[2026-04-18T10:26:21.921Z] [INFO] Email file cleanup: Daily at 4:00 AM
[2026-04-18T10:26:21.921Z] [INFO] Email broadcast worker: Every 1 minute
[2026-04-18T10:26:21.919Z] [INFO] [Email Cron] Email broadcast worker initialized (every 1 minute)
[2026-04-18T10:26:21.921Z] [INFO] [File Cleanup] Email attachment cleanup worker initialized (daily at 4:00 AM)
[2026-04-18T10:26:21.924Z] [INFO] Plan transition job scheduled (daily at 2:00 AM)
[2026-04-18T10:26:21.926Z] [INFO] Subscription lifecycle job scheduled (every hour)
[2026-04-18T10:26:21.931Z] [INFO] Reminder job scheduled (daily at 9:00 AM)
[2026-04-18T10:26:21.933Z] [INFO] Inventory expiry job scheduled (daily at 6:00 AM)
[2026-04-18T10:26:21.935Z] [INFO] Scheduled broadcasts job initialized (every 5 minutes)
[2026-04-18T10:26:21.928Z] [INFO] Payment status sync job scheduled (daily at 1:00 AM)
[2026-04-18T10:26:21.942Z] [INFO]   - Plan transition: Daily at 2:00 AM
[2026-04-18T10:26:21.942Z] [INFO] All cron jobs initialized:
[2026-04-18T10:26:21.942Z] [INFO]   - Session cleanup: Every hour
[2026-04-18T10:26:21.942Z] [INFO]   - Subscription lifecycle + emails: Every hour
[2026-04-18T10:26:21.942Z] [INFO]   - Inventory expiry checks + alerts: Daily at 6:00 AM
[2026-04-18T10:26:21.942Z] [INFO]   - Payment status sync: Daily at 1:00 AM
[2026-04-18T10:26:21.942Z] [INFO]   - Reminder emails (7d/3d/final): Daily at 9:00 AM
[2026-04-18T10:26:21.942Z] [INFO]   - Pending users cleanup: Daily at 3:00 AM
[2026-04-18T10:26:21.942Z] [INFO]   - Incomplete users cleanup: Daily at 3:15 AM
[2026-04-18T10:26:21.942Z] [INFO]   - Scheduled broadcasts: Every 5 minutes
[2026-04-18T10:26:21.942Z] [INFO]   - OTP daily limits cleanup: Daily at 3:45 AM
[2026-04-18T10:26:21.942Z] [INFO]   - Deletion logs cleanup: Daily at 3:30 AM
[2026-04-18T10:27:08.274Z] [INFO] Initializing cron jobs...
[2026-04-18T10:27:08.274Z] [INFO] Distributed locking: ENABLED
[2026-04-18T10:27:08.274Z] [INFO] Instance ID: CHKTHN-LOQ-24100-f85239c1
[2026-04-18T10:27:08.280Z] [INFO] Email file cleanup: Daily at 4:00 AM
[2026-04-18T10:27:08.278Z] [INFO] [Email Cron] Email broadcast worker initialized (every 1 minute)
[2026-04-18T10:27:08.280Z] [INFO] [File Cleanup] Email attachment cleanup worker initialized (daily at 4:00 AM)
[2026-04-18T10:27:08.280Z] [INFO] Email broadcast worker: Every 1 minute
[2026-04-18T10:27:08.282Z] [INFO] Plan transition job scheduled (daily at 2:00 AM)
[2026-04-18T10:27:08.285Z] [INFO] Subscription lifecycle job scheduled (every hour)
[2026-04-18T10:27:08.287Z] [INFO] Payment status sync job scheduled (daily at 1:00 AM)
[2026-04-18T10:27:08.289Z] [INFO] Reminder job scheduled (daily at 9:00 AM)
[2026-04-18T10:27:08.291Z] [INFO] Inventory expiry job scheduled (daily at 6:00 AM)
[2026-04-18T10:27:08.294Z] [INFO] Scheduled broadcasts job initialized (every 5 minutes)
[2026-04-18T10:27:08.301Z] [INFO] All cron jobs initialized:
[2026-04-18T10:27:08.301Z] [INFO]   - Plan transition: Daily at 2:00 AM
[2026-04-18T10:27:08.301Z] [INFO]   - Session cleanup: Every hour
[2026-04-18T10:27:08.301Z] [INFO]   - Subscription lifecycle + emails: Every hour
[2026-04-18T10:27:08.301Z] [INFO]   - Reminder emails (7d/3d/final): Daily at 9:00 AM
[2026-04-18T10:27:08.301Z] [INFO]   - Inventory expiry checks + alerts: Daily at 6:00 AM
[2026-04-18T10:27:08.301Z] [INFO]   - Payment status sync: Daily at 1:00 AM
[2026-04-18T10:27:08.301Z] [INFO]   - Incomplete users cleanup: Daily at 3:15 AM
[2026-04-18T10:27:08.301Z] [INFO]   - Deletion logs cleanup: Daily at 3:30 AM
[2026-04-18T10:27:08.301Z] [INFO]   - Pending users cleanup: Daily at 3:00 AM
[2026-04-18T10:27:08.301Z] [INFO]   - OTP daily limits cleanup: Daily at 3:45 AM
[2026-04-18T10:27:08.301Z] [INFO]   - Scheduled broadcasts: Every 5 minutes
[2026-04-18T10:30:00.041Z] [INFO] Starting subscription lifecycle check...
[2026-04-18T10:30:00.044Z] [INFO] Checking for scheduled broadcasts...
[2026-04-18T10:30:00.050Z] [INFO] No scheduled broadcasts due for sending
[2026-04-18T10:30:00.050Z] [INFO] Subscription lifecycle complete | Grace: 0 | Suspended: 0
[2026-04-18T10:35:00.048Z] [INFO] Checking for scheduled broadcasts...
[2026-04-18T10:35:00.056Z] [INFO] No scheduled broadcasts due for sending
[2026-04-18T10:40:00.030Z] [INFO] Checking for scheduled broadcasts...
[2026-04-18T10:40:00.036Z] [INFO] No scheduled broadcasts due for sending
[2026-04-18T10:45:00.028Z] [INFO] Checking for scheduled broadcasts...
[2026-04-18T10:45:00.034Z] [INFO] No scheduled broadcasts due for sending
[2026-04-18T10:47:34.612Z] [INFO] Initializing cron jobs...
[2026-04-18T10:47:34.613Z] [INFO] Distributed locking: ENABLED
[2026-04-18T10:47:34.618Z] [INFO] [Email Cron] Email broadcast worker initialized (every 1 minute)
[2026-04-18T10:47:34.621Z] [INFO] Email file cleanup: Daily at 4:00 AM
[2026-04-18T10:47:34.621Z] [INFO] Email broadcast worker: Every 1 minute
[2026-04-18T10:47:34.621Z] [INFO] [File Cleanup] Email attachment cleanup worker initialized (daily at 4:00 AM)
[2026-04-18T10:47:34.613Z] [INFO] Instance ID: CHKTHN-LOQ-11692-ccd0c0a8
[2026-04-18T10:47:34.624Z] [INFO] Plan transition job scheduled (daily at 2:00 AM)
[2026-04-18T10:47:34.626Z] [INFO] Subscription lifecycle job scheduled (every hour)
[2026-04-18T10:47:34.627Z] [INFO] Payment status sync job scheduled (daily at 1:00 AM)
[2026-04-18T10:47:34.629Z] [INFO] Reminder job scheduled (daily at 9:00 AM)
[2026-04-18T10:47:34.632Z] [INFO] Inventory expiry job scheduled (daily at 6:00 AM)
[2026-04-18T10:47:34.634Z] [INFO] Scheduled broadcasts job initialized (every 5 minutes)
[2026-04-18T10:47:34.644Z] [INFO]   - Session cleanup: Every hour
[2026-04-18T10:47:34.643Z] [INFO] All cron jobs initialized:
[2026-04-18T10:47:34.644Z] [INFO]   - Plan transition: Daily at 2:00 AM
[2026-04-18T10:47:34.644Z] [INFO]   - Subscription lifecycle + emails: Every hour
[2026-04-18T10:47:34.644Z] [INFO]   - Payment status sync: Daily at 1:00 AM
[2026-04-18T10:47:34.644Z] [INFO]   - Reminder emails (7d/3d/final): Daily at 9:00 AM
[2026-04-18T10:47:34.644Z] [INFO]   - Inventory expiry checks + alerts: Daily at 6:00 AM
[2026-04-18T10:47:34.644Z] [INFO]   - Pending users cleanup: Daily at 3:00 AM
[2026-04-18T10:47:34.644Z] [INFO]   - Deletion logs cleanup: Daily at 3:30 AM
[2026-04-18T10:47:34.644Z] [INFO]   - Incomplete users cleanup: Daily at 3:15 AM
[2026-04-18T10:47:34.644Z] [INFO]   - OTP daily limits cleanup: Daily at 3:45 AM
[2026-04-18T10:47:34.644Z] [INFO]   - Scheduled broadcasts: Every 5 minutes
[2026-04-18T10:50:00.059Z] [INFO] Checking for scheduled broadcasts...
[2026-04-18T10:50:00.065Z] [INFO] No scheduled broadcasts due for sending
[2026-04-18T10:55:00.042Z] [INFO] Checking for scheduled broadcasts...
[2026-04-18T10:55:00.053Z] [INFO] No scheduled broadcasts due for sending
[2026-04-18T11:00:00.023Z] [INFO] Checking for scheduled broadcasts...
[2026-04-18T11:00:00.027Z] [INFO] No scheduled broadcasts due for sending
[2026-04-18T11:05:00.068Z] [INFO] Checking for scheduled broadcasts...
[2026-04-18T11:05:00.072Z] [INFO] No scheduled broadcasts due for sending
[2026-04-18T11:10:00.025Z] [INFO] Checking for scheduled broadcasts...
[2026-04-18T11:10:00.029Z] [INFO] No scheduled broadcasts due for sending
[2026-04-18T11:15:00.024Z] [INFO] Checking for scheduled broadcasts...
[2026-04-18T11:15:00.030Z] [INFO] No scheduled broadcasts due for sending
[2026-04-18T11:20:00.028Z] [INFO] Checking for scheduled broadcasts...
[2026-04-18T11:20:00.038Z] [INFO] No scheduled broadcasts due for sending
[2026-04-18T11:25:00.023Z] [INFO] Checking for scheduled broadcasts...
[2026-04-18T11:25:00.028Z] [INFO] No scheduled broadcasts due for sending
[2026-04-18T11:30:00.036Z] [INFO] Checking for scheduled broadcasts...
[2026-04-18T11:30:00.037Z] [INFO] Starting subscription lifecycle check...
[2026-04-18T11:30:00.046Z] [INFO] No scheduled broadcasts due for sending
[2026-04-18T11:30:00.048Z] [INFO] Subscription lifecycle complete | Grace: 0 | Suspended: 0
[2026-04-18T11:35:00.025Z] [INFO] Checking for scheduled broadcasts...
[2026-04-18T11:35:00.029Z] [INFO] No scheduled broadcasts due for sending
[2026-04-18T11:40:00.027Z] [INFO] Checking for scheduled broadcasts...
[2026-04-18T11:40:00.032Z] [INFO] No scheduled broadcasts due for sending
[2026-04-18T11:45:00.022Z] [INFO] Checking for scheduled broadcasts...
[2026-04-18T11:45:00.026Z] [INFO] No scheduled broadcasts due for sending
[2026-04-18T11:50:00.031Z] [INFO] Checking for scheduled broadcasts...
[2026-04-18T11:50:00.035Z] [INFO] No scheduled broadcasts due for sending
[2026-04-18T11:55:00.018Z] [INFO] Checking for scheduled broadcasts...
[2026-04-18T11:55:00.026Z] [INFO] No scheduled broadcasts due for sending
[2026-04-18T14:09:55.056Z] [INFO] Initializing cron jobs...
[2026-04-18T14:09:55.056Z] [INFO] Distributed locking: ENABLED
[2026-04-18T14:09:55.056Z] [INFO] Instance ID: CHKTHN-LOQ-23676-ac234bb0
[2026-04-18T14:09:55.068Z] [INFO] [Email Cron] Email broadcast worker initialized (every 1 minute)
[2026-04-18T14:09:55.071Z] [INFO] [File Cleanup] Email attachment cleanup worker initialized (daily at 4:00 AM)
[2026-04-18T14:09:55.071Z] [INFO] Email broadcast worker: Every 1 minute
[2026-04-18T14:09:55.075Z] [INFO] Subscription lifecycle job scheduled (every hour)
[2026-04-18T14:09:55.073Z] [INFO] Plan transition job scheduled (daily at 2:00 AM)
[2026-04-18T14:09:55.077Z] [INFO] Payment status sync job scheduled (daily at 1:00 AM)
[2026-04-18T14:09:55.080Z] [INFO] Inventory expiry job scheduled (daily at 6:00 AM)
[2026-04-18T14:09:55.079Z] [INFO] Reminder job scheduled (daily at 9:00 AM)
[2026-04-18T14:09:55.082Z] [INFO] Scheduled broadcasts job initialized (every 5 minutes)
[2026-04-18T14:09:55.089Z] [INFO]   - Session cleanup: Every hour
[2026-04-18T14:09:55.071Z] [INFO] Email file cleanup: Daily at 4:00 AM
[2026-04-18T14:09:55.089Z] [INFO]   - Subscription lifecycle + emails: Every hour
[2026-04-18T14:09:55.089Z] [INFO]   - Payment status sync: Daily at 1:00 AM
[2026-04-18T14:09:55.089Z] [INFO]   - Inventory expiry checks + alerts: Daily at 6:00 AM
[2026-04-18T14:09:55.089Z] [INFO]   - Plan transition: Daily at 2:00 AM
[2026-04-18T14:09:55.089Z] [INFO]   - Pending users cleanup: Daily at 3:00 AM
[2026-04-18T14:09:55.089Z] [INFO]   - Incomplete users cleanup: Daily at 3:15 AM
[2026-04-18T14:09:55.089Z] [INFO]   - Reminder emails (7d/3d/final): Daily at 9:00 AM
[2026-04-18T14:09:55.089Z] [INFO]   - Scheduled broadcasts: Every 5 minutes
[2026-04-18T14:09:55.089Z] [INFO]   - Deletion logs cleanup: Daily at 3:30 AM
[2026-04-18T14:09:55.089Z] [INFO]   - OTP daily limits cleanup: Daily at 3:45 AM
[2026-04-18T14:09:55.089Z] [INFO] All cron jobs initialized:
[2026-04-18T14:10:00.051Z] [INFO] Checking for scheduled broadcasts...
[2026-04-18T14:10:00.081Z] [INFO] No scheduled broadcasts due for sending
[2026-04-18T14:15:00.050Z] [INFO] Checking for scheduled broadcasts...
[2026-04-18T14:15:00.054Z] [INFO] No scheduled broadcasts due for sending
[2026-04-18T14:15:11.437Z] [INFO] Initializing cron jobs...
[2026-04-18T14:15:11.437Z] [INFO] Distributed locking: ENABLED
[2026-04-18T14:15:11.442Z] [INFO] [Email Cron] Email broadcast worker initialized (every 1 minute)
[2026-04-18T14:15:11.437Z] [INFO] Instance ID: CHKTHN-LOQ-27012-3df8f074
[2026-04-18T14:15:11.443Z] [INFO] [File Cleanup] Email attachment cleanup worker initialized (daily at 4:00 AM)
[2026-04-18T14:15:11.443Z] [INFO] Email file cleanup: Daily at 4:00 AM
[2026-04-18T14:15:11.446Z] [INFO] Plan transition job scheduled (daily at 2:00 AM)
[2026-04-18T14:15:11.447Z] [INFO] Subscription lifecycle job scheduled (every hour)
[2026-04-18T14:15:11.449Z] [INFO] Payment status sync job scheduled (daily at 1:00 AM)
[2026-04-18T14:15:11.443Z] [INFO] Email broadcast worker: Every 1 minute
[2026-04-18T14:15:11.450Z] [INFO] Reminder job scheduled (daily at 9:00 AM)
[2026-04-18T14:15:11.452Z] [INFO] Inventory expiry job scheduled (daily at 6:00 AM)
[2026-04-18T14:15:11.454Z] [INFO] Scheduled broadcasts job initialized (every 5 minutes)
[2026-04-18T14:15:11.460Z] [INFO] All cron jobs initialized:
[2026-04-18T14:15:11.460Z] [INFO]   - Plan transition: Daily at 2:00 AM
[2026-04-18T14:15:11.460Z] [INFO]   - Session cleanup: Every hour
[2026-04-18T14:15:11.460Z] [INFO]   - Payment status sync: Daily at 1:00 AM
[2026-04-18T14:15:11.460Z] [INFO]   - Inventory expiry checks + alerts: Daily at 6:00 AM
[2026-04-18T14:15:11.460Z] [INFO]   - Reminder emails (7d/3d/final): Daily at 9:00 AM
[2026-04-18T14:15:11.460Z] [INFO]   - Incomplete users cleanup: Daily at 3:15 AM
[2026-04-18T14:15:11.460Z] [INFO]   - Subscription lifecycle + emails: Every hour
[2026-04-18T14:15:11.460Z] [INFO]   - OTP daily limits cleanup: Daily at 3:45 AM
[2026-04-18T14:15:11.460Z] [INFO]   - Deletion logs cleanup: Daily at 3:30 AM
[2026-04-18T14:15:11.460Z] [INFO]   - Scheduled broadcasts: Every 5 minutes
[2026-04-18T14:15:11.460Z] [INFO]   - Pending users cleanup: Daily at 3:00 AM
