[2026-05-02T05:46:22.053Z] [INFO] Distributed locking: ENABLED
[2026-05-02T05:46:22.052Z] [INFO] Initializing cron jobs...
[2026-05-02T05:46:22.053Z] [INFO] Instance ID: DESKTOP-I1JLQUS-3932-9b6c5d45
[2026-05-02T05:46:22.058Z] [INFO] [Email Cron] Email broadcast worker initialized (every 1 minute)
[2026-05-02T05:46:22.060Z] [INFO] [File Cleanup] Email attachment cleanup worker initialized (daily at 4:00 AM)
[2026-05-02T05:46:22.060Z] [INFO] Email broadcast worker: Every 1 minute
[2026-05-02T05:46:22.060Z] [INFO] Email file cleanup: Daily at 4:00 AM
[2026-05-02T05:46:22.062Z] [INFO] Plan transition job scheduled (daily at 2:00 AM)
[2026-05-02T05:46:22.064Z] [INFO] Subscription lifecycle job scheduled (every hour)
[2026-05-02T05:46:22.069Z] [INFO] Payment status sync job scheduled (daily at 1:00 AM)
[2026-05-02T05:46:22.073Z] [INFO] Reminder job scheduled (daily at 9:00 AM)
[2026-05-02T05:46:22.075Z] [INFO] Inventory expiry job scheduled (daily at 6:00 AM)
[2026-05-02T05:46:22.077Z] [INFO] Scheduled broadcasts job initialized (every 5 minutes)
[2026-05-02T05:46:22.085Z] [INFO]   - Session cleanup: Every hour
[2026-05-02T05:46:22.085Z] [INFO] All cron jobs initialized:
[2026-05-02T05:46:22.085Z] [INFO]   - Plan transition: Daily at 2:00 AM
[2026-05-02T05:46:22.085Z] [INFO]   - Inventory expiry checks + alerts: Daily at 6:00 AM
[2026-05-02T05:46:22.085Z] [INFO]   - Payment status sync: Daily at 1:00 AM
[2026-05-02T05:46:22.085Z] [INFO]   - Subscription lifecycle + emails: Every hour
[2026-05-02T05:46:22.085Z] [INFO]   - Reminder emails (7d/3d/final): Daily at 9:00 AM
[2026-05-02T05:46:22.085Z] [INFO]   - Pending users cleanup: Daily at 3:00 AM
[2026-05-02T05:46:22.085Z] [INFO]   - Incomplete users cleanup: Daily at 3:15 AM
[2026-05-02T05:46:22.085Z] [INFO]   - Deletion logs cleanup: Daily at 3:30 AM
[2026-05-02T05:46:22.085Z] [INFO]   - Scheduled broadcasts: Every 5 minutes
[2026-05-02T05:46:22.085Z] [INFO]   - OTP daily limits cleanup: Daily at 3:45 AM
[2026-05-02T05:50:00.027Z] [INFO] Checking for scheduled broadcasts...
[2026-05-02T05:50:00.034Z] [INFO] No scheduled broadcasts due for sending
[2026-05-02T05:55:00.026Z] [INFO] Checking for scheduled broadcasts...
[2026-05-02T05:55:00.029Z] [INFO] No scheduled broadcasts due for sending
[2026-05-02T06:00:00.034Z] [INFO] Checking for scheduled broadcasts...
[2026-05-02T06:00:00.038Z] [INFO] No scheduled broadcasts due for sending
[2026-05-02T06:05:00.034Z] [INFO] Checking for scheduled broadcasts...
[2026-05-02T06:05:00.037Z] [INFO] No scheduled broadcasts due for sending
[2026-05-02T06:10:00.034Z] [INFO] Checking for scheduled broadcasts...
[2026-05-02T06:10:00.042Z] [INFO] No scheduled broadcasts due for sending
[2026-05-02T06:10:03.032Z] [INFO] Instance ID: DESKTOP-I1JLQUS-3676-5356b7e6
[2026-05-02T06:10:03.032Z] [INFO] Distributed locking: ENABLED
[2026-05-02T06:10:03.032Z] [INFO] Initializing cron jobs...
[2026-05-02T06:10:03.036Z] [INFO] [Email Cron] Email broadcast worker initialized (every 1 minute)
[2026-05-02T06:10:03.038Z] [INFO] [File Cleanup] Email attachment cleanup worker initialized (daily at 4:00 AM)
[2026-05-02T06:10:03.038Z] [INFO] Email file cleanup: Daily at 4:00 AM
[2026-05-02T06:10:03.038Z] [INFO] Email broadcast worker: Every 1 minute
[2026-05-02T06:10:03.040Z] [INFO] Plan transition job scheduled (daily at 2:00 AM)
[2026-05-02T06:10:03.042Z] [INFO] Subscription lifecycle job scheduled (every hour)
[2026-05-02T06:10:03.043Z] [INFO] Payment status sync job scheduled (daily at 1:00 AM)
[2026-05-02T06:10:03.045Z] [INFO] Reminder job scheduled (daily at 9:00 AM)
[2026-05-02T06:10:03.048Z] [INFO] Inventory expiry job scheduled (daily at 6:00 AM)
[2026-05-02T06:10:03.050Z] [INFO] Scheduled broadcasts job initialized (every 5 minutes)
[2026-05-02T06:10:03.056Z] [INFO]   - Plan transition: Daily at 2:00 AM
[2026-05-02T06:10:03.056Z] [INFO] All cron jobs initialized:
[2026-05-02T06:10:03.056Z] [INFO]   - Session cleanup: Every hour
[2026-05-02T06:10:03.056Z] [INFO]   - Payment status sync: Daily at 1:00 AM
[2026-05-02T06:10:03.056Z] [INFO]   - Subscription lifecycle + emails: Every hour
[2026-05-02T06:10:03.056Z] [INFO]   - Reminder emails (7d/3d/final): Daily at 9:00 AM
[2026-05-02T06:10:03.056Z] [INFO]   - Inventory expiry checks + alerts: Daily at 6:00 AM
[2026-05-02T06:10:03.056Z] [INFO]   - Scheduled broadcasts: Every 5 minutes
[2026-05-02T06:10:03.056Z] [INFO]   - Pending users cleanup: Daily at 3:00 AM
[2026-05-02T06:10:03.056Z] [INFO]   - OTP daily limits cleanup: Daily at 3:45 AM
[2026-05-02T06:10:03.056Z] [INFO]   - Deletion logs cleanup: Daily at 3:30 AM
[2026-05-02T06:10:03.056Z] [INFO]   - Incomplete users cleanup: Daily at 3:15 AM
[2026-05-02T06:15:00.043Z] [INFO] Checking for scheduled broadcasts...
[2026-05-02T06:15:00.048Z] [INFO] No scheduled broadcasts due for sending
[2026-05-02T06:18:46.436Z] [INFO] Distributed locking: ENABLED
[2026-05-02T06:18:46.436Z] [INFO] Instance ID: DESKTOP-I1JLQUS-20516-69b78193
[2026-05-02T06:18:46.436Z] [INFO] Initializing cron jobs...
[2026-05-02T06:18:46.441Z] [INFO] [File Cleanup] Email attachment cleanup worker initialized (daily at 4:00 AM)
[2026-05-02T06:18:46.442Z] [INFO] Email file cleanup: Daily at 4:00 AM
[2026-05-02T06:18:46.441Z] [INFO] Email broadcast worker: Every 1 minute
[2026-05-02T06:18:46.440Z] [INFO] [Email Cron] Email broadcast worker initialized (every 1 minute)
[2026-05-02T06:18:46.443Z] [INFO] Plan transition job scheduled (daily at 2:00 AM)
[2026-05-02T06:18:46.445Z] [INFO] Subscription lifecycle job scheduled (every hour)
[2026-05-02T06:18:46.446Z] [INFO] Payment status sync job scheduled (daily at 1:00 AM)
[2026-05-02T06:18:46.448Z] [INFO] Reminder job scheduled (daily at 9:00 AM)
[2026-05-02T06:18:46.449Z] [INFO] Inventory expiry job scheduled (daily at 6:00 AM)
[2026-05-02T06:18:46.451Z] [INFO] Scheduled broadcasts job initialized (every 5 minutes)
[2026-05-02T06:18:46.456Z] [INFO] All cron jobs initialized:
[2026-05-02T06:18:46.456Z] [INFO]   - Plan transition: Daily at 2:00 AM
[2026-05-02T06:18:46.456Z] [INFO]   - Subscription lifecycle + emails: Every hour
[2026-05-02T06:18:46.456Z] [INFO]   - Session cleanup: Every hour
[2026-05-02T06:18:46.456Z] [INFO]   - Reminder emails (7d/3d/final): Daily at 9:00 AM
[2026-05-02T06:18:46.456Z] [INFO]   - Inventory expiry checks + alerts: Daily at 6:00 AM
[2026-05-02T06:18:46.456Z] [INFO]   - Pending users cleanup: Daily at 3:00 AM
[2026-05-02T06:18:46.456Z] [INFO]   - Payment status sync: Daily at 1:00 AM
[2026-05-02T06:18:46.456Z] [INFO]   - Incomplete users cleanup: Daily at 3:15 AM
[2026-05-02T06:18:46.456Z] [INFO]   - Deletion logs cleanup: Daily at 3:30 AM
[2026-05-02T06:18:46.456Z] [INFO]   - OTP daily limits cleanup: Daily at 3:45 AM
[2026-05-02T06:18:46.456Z] [INFO]   - Scheduled broadcasts: Every 5 minutes
[2026-05-02T06:18:58.035Z] [INFO] Initializing cron jobs...
[2026-05-02T06:18:58.035Z] [INFO] Distributed locking: ENABLED
[2026-05-02T06:18:58.035Z] [INFO] Instance ID: DESKTOP-I1JLQUS-22836-2456583f
[2026-05-02T06:18:58.043Z] [INFO] Email broadcast worker: Every 1 minute
[2026-05-02T06:18:58.042Z] [INFO] [File Cleanup] Email attachment cleanup worker initialized (daily at 4:00 AM)
[2026-05-02T06:18:58.043Z] [INFO] Email file cleanup: Daily at 4:00 AM
[2026-05-02T06:18:58.040Z] [INFO] [Email Cron] Email broadcast worker initialized (every 1 minute)
[2026-05-02T06:18:58.049Z] [INFO] Payment status sync job scheduled (daily at 1:00 AM)
[2026-05-02T06:18:58.052Z] [INFO] Inventory expiry job scheduled (daily at 6:00 AM)
[2026-05-02T06:18:58.050Z] [INFO] Reminder job scheduled (daily at 9:00 AM)
[2026-05-02T06:18:58.054Z] [INFO] Scheduled broadcasts job initialized (every 5 minutes)
[2026-05-02T06:18:58.046Z] [INFO] Subscription lifecycle job scheduled (every hour)
[2026-05-02T06:18:58.061Z] [INFO]   - Session cleanup: Every hour
[2026-05-02T06:18:58.061Z] [INFO] All cron jobs initialized:
[2026-05-02T06:18:58.061Z] [INFO]   - Subscription lifecycle + emails: Every hour
[2026-05-02T06:18:58.061Z] [INFO]   - Inventory expiry checks + alerts: Daily at 6:00 AM
[2026-05-02T06:18:58.045Z] [INFO] Plan transition job scheduled (daily at 2:00 AM)
[2026-05-02T06:18:58.061Z] [INFO]   - Reminder emails (7d/3d/final): Daily at 9:00 AM
[2026-05-02T06:18:58.061Z] [INFO]   - Plan transition: Daily at 2:00 AM
[2026-05-02T06:18:58.061Z] [INFO]   - Incomplete users cleanup: Daily at 3:15 AM
[2026-05-02T06:18:58.061Z] [INFO]   - Pending users cleanup: Daily at 3:00 AM
[2026-05-02T06:18:58.061Z] [INFO]   - OTP daily limits cleanup: Daily at 3:45 AM
[2026-05-02T06:18:58.061Z] [INFO]   - Deletion logs cleanup: Daily at 3:30 AM
[2026-05-02T06:18:58.061Z] [INFO]   - Scheduled broadcasts: Every 5 minutes
[2026-05-02T06:18:58.061Z] [INFO]   - Payment status sync: Daily at 1:00 AM
[2026-05-02T06:20:00.035Z] [INFO] Checking for scheduled broadcasts...
[2026-05-02T06:20:00.041Z] [INFO] No scheduled broadcasts due for sending
[2026-05-02T06:22:33.523Z] [INFO] Instance ID: DESKTOP-I1JLQUS-20060-9b2196c5
[2026-05-02T06:22:33.528Z] [INFO] [Email Cron] Email broadcast worker initialized (every 1 minute)
[2026-05-02T06:22:33.522Z] [INFO] Initializing cron jobs...
[2026-05-02T06:22:33.523Z] [INFO] Distributed locking: ENABLED
[2026-05-02T06:22:33.530Z] [INFO] Email file cleanup: Daily at 4:00 AM
[2026-05-02T06:22:33.530Z] [INFO] Email broadcast worker: Every 1 minute
[2026-05-02T06:22:33.529Z] [INFO] [File Cleanup] Email attachment cleanup worker initialized (daily at 4:00 AM)
[2026-05-02T06:22:33.531Z] [INFO] Plan transition job scheduled (daily at 2:00 AM)
[2026-05-02T06:22:33.533Z] [INFO] Subscription lifecycle job scheduled (every hour)
[2026-05-02T06:22:33.535Z] [INFO] Payment status sync job scheduled (daily at 1:00 AM)
[2026-05-02T06:22:33.537Z] [INFO] Reminder job scheduled (daily at 9:00 AM)
[2026-05-02T06:22:33.538Z] [INFO] Inventory expiry job scheduled (daily at 6:00 AM)
[2026-05-02T06:22:33.540Z] [INFO] Scheduled broadcasts job initialized (every 5 minutes)
[2026-05-02T06:22:33.546Z] [INFO] All cron jobs initialized:
[2026-05-02T06:22:33.546Z] [INFO]   - Subscription lifecycle + emails: Every hour
[2026-05-02T06:22:33.546Z] [INFO]   - Session cleanup: Every hour
[2026-05-02T06:22:33.546Z] [INFO]   - Plan transition: Daily at 2:00 AM
[2026-05-02T06:22:33.546Z] [INFO]   - Payment status sync: Daily at 1:00 AM
[2026-05-02T06:22:33.546Z] [INFO]   - Inventory expiry checks + alerts: Daily at 6:00 AM
[2026-05-02T06:22:33.546Z] [INFO]   - Reminder emails (7d/3d/final): Daily at 9:00 AM
[2026-05-02T06:22:33.546Z] [INFO]   - Incomplete users cleanup: Daily at 3:15 AM
[2026-05-02T06:22:33.546Z] [INFO]   - Deletion logs cleanup: Daily at 3:30 AM
[2026-05-02T06:22:33.546Z] [INFO]   - Pending users cleanup: Daily at 3:00 AM
[2026-05-02T06:22:33.546Z] [INFO]   - OTP daily limits cleanup: Daily at 3:45 AM
[2026-05-02T06:22:33.546Z] [INFO]   - Scheduled broadcasts: Every 5 minutes
[2026-05-02T06:25:00.026Z] [INFO] Checking for scheduled broadcasts...
[2026-05-02T06:25:00.033Z] [INFO] No scheduled broadcasts due for sending
[2026-05-02T06:30:00.073Z] [INFO] Checking for scheduled broadcasts...
[2026-05-02T06:30:00.067Z] [INFO] Starting subscription lifecycle check...
[2026-05-02T06:30:00.085Z] [INFO] Subscription lifecycle complete | Grace: 0 | Suspended: 0
[2026-05-02T06:30:00.133Z] [INFO] No scheduled broadcasts due for sending
[2026-05-02T06:35:00.028Z] [INFO] Checking for scheduled broadcasts...
[2026-05-02T06:35:00.032Z] [INFO] No scheduled broadcasts due for sending
[2026-05-02T06:35:49.901Z] [INFO] Initializing cron jobs...
[2026-05-02T06:35:49.902Z] [INFO] Distributed locking: ENABLED
[2026-05-02T06:35:49.902Z] [INFO] Instance ID: DESKTOP-I1JLQUS-23940-c175d098
[2026-05-02T06:35:49.911Z] [INFO] Email file cleanup: Daily at 4:00 AM
[2026-05-02T06:35:49.909Z] [INFO] [Email Cron] Email broadcast worker initialized (every 1 minute)
[2026-05-02T06:35:49.911Z] [INFO] [File Cleanup] Email attachment cleanup worker initialized (daily at 4:00 AM)
[2026-05-02T06:35:49.911Z] [INFO] Email broadcast worker: Every 1 minute
[2026-05-02T06:35:49.916Z] [INFO] Payment status sync job scheduled (daily at 1:00 AM)
[2026-05-02T06:35:49.917Z] [INFO] Reminder job scheduled (daily at 9:00 AM)
[2026-05-02T06:35:49.913Z] [INFO] Plan transition job scheduled (daily at 2:00 AM)
[2026-05-02T06:35:49.914Z] [INFO] Subscription lifecycle job scheduled (every hour)
[2026-05-02T06:35:49.919Z] [INFO] Inventory expiry job scheduled (daily at 6:00 AM)
[2026-05-02T06:35:49.922Z] [INFO] Scheduled broadcasts job initialized (every 5 minutes)
[2026-05-02T06:35:49.929Z] [INFO]   - Subscription lifecycle + emails: Every hour
[2026-05-02T06:35:49.929Z] [INFO]   - Payment status sync: Daily at 1:00 AM
[2026-05-02T06:35:49.929Z] [INFO] All cron jobs initialized:
[2026-05-02T06:35:49.929Z] [INFO]   - Session cleanup: Every hour
[2026-05-02T06:35:49.929Z] [INFO]   - Plan transition: Daily at 2:00 AM
[2026-05-02T06:35:49.929Z] [INFO]   - Reminder emails (7d/3d/final): Daily at 9:00 AM
[2026-05-02T06:35:49.929Z] [INFO]   - Incomplete users cleanup: Daily at 3:15 AM
[2026-05-02T06:35:49.929Z] [INFO]   - Inventory expiry checks + alerts: Daily at 6:00 AM
[2026-05-02T06:35:49.929Z] [INFO]   - Pending users cleanup: Daily at 3:00 AM
[2026-05-02T06:35:49.929Z] [INFO]   - Scheduled broadcasts: Every 5 minutes
[2026-05-02T06:35:49.929Z] [INFO]   - Deletion logs cleanup: Daily at 3:30 AM
[2026-05-02T06:35:49.929Z] [INFO]   - OTP daily limits cleanup: Daily at 3:45 AM
[2026-05-02T06:35:57.529Z] [INFO] Initializing cron jobs...
[2026-05-02T06:35:57.529Z] [INFO] Instance ID: DESKTOP-I1JLQUS-8120-83f18cea
[2026-05-02T06:35:57.537Z] [INFO] [Email Cron] Email broadcast worker initialized (every 1 minute)
[2026-05-02T06:35:57.529Z] [INFO] Distributed locking: ENABLED
[2026-05-02T06:35:57.544Z] [INFO] Email file cleanup: Daily at 4:00 AM
[2026-05-02T06:35:57.544Z] [INFO] Email broadcast worker: Every 1 minute
[2026-05-02T06:35:57.544Z] [INFO] [File Cleanup] Email attachment cleanup worker initialized (daily at 4:00 AM)
[2026-05-02T06:35:57.546Z] [INFO] Plan transition job scheduled (daily at 2:00 AM)
[2026-05-02T06:35:57.550Z] [INFO] Subscription lifecycle job scheduled (every hour)
[2026-05-02T06:35:57.553Z] [INFO] Payment status sync job scheduled (daily at 1:00 AM)
[2026-05-02T06:35:57.555Z] [INFO] Reminder job scheduled (daily at 9:00 AM)
[2026-05-02T06:35:57.558Z] [INFO] Inventory expiry job scheduled (daily at 6:00 AM)
[2026-05-02T06:35:57.560Z] [INFO] Scheduled broadcasts job initialized (every 5 minutes)
[2026-05-02T06:35:57.570Z] [INFO] All cron jobs initialized:
[2026-05-02T06:35:57.570Z] [INFO]   - Session cleanup: Every hour
[2026-05-02T06:35:57.570Z] [INFO]   - Plan transition: Daily at 2:00 AM
[2026-05-02T06:35:57.570Z] [INFO]   - Subscription lifecycle + emails: Every hour
[2026-05-02T06:35:57.571Z] [INFO]   - Payment status sync: Daily at 1:00 AM
[2026-05-02T06:35:57.571Z] [INFO]   - Inventory expiry checks + alerts: Daily at 6:00 AM
[2026-05-02T06:35:57.571Z] [INFO]   - Incomplete users cleanup: Daily at 3:15 AM
[2026-05-02T06:35:57.571Z] [INFO]   - Pending users cleanup: Daily at 3:00 AM
[2026-05-02T06:35:57.571Z] [INFO]   - Reminder emails (7d/3d/final): Daily at 9:00 AM
[2026-05-02T06:35:57.571Z] [INFO]   - Deletion logs cleanup: Daily at 3:30 AM
[2026-05-02T06:35:57.571Z] [INFO]   - Scheduled broadcasts: Every 5 minutes
[2026-05-02T06:35:57.571Z] [INFO]   - OTP daily limits cleanup: Daily at 3:45 AM
[2026-05-02T06:40:00.025Z] [INFO] Checking for scheduled broadcasts...
[2026-05-02T06:40:00.030Z] [INFO] No scheduled broadcasts due for sending
[2026-05-02T06:45:00.039Z] [INFO] Checking for scheduled broadcasts...
[2026-05-02T06:45:00.047Z] [INFO] No scheduled broadcasts due for sending
[2026-05-02T06:50:00.037Z] [INFO] Checking for scheduled broadcasts...
[2026-05-02T06:50:00.040Z] [INFO] No scheduled broadcasts due for sending
[2026-05-02T06:55:00.037Z] [INFO] Checking for scheduled broadcasts...
[2026-05-02T06:55:00.043Z] [INFO] No scheduled broadcasts due for sending
[2026-05-02T07:00:00.042Z] [INFO] Checking for scheduled broadcasts...
[2026-05-02T07:00:00.047Z] [INFO] No scheduled broadcasts due for sending
[2026-05-02T07:05:00.023Z] [INFO] Checking for scheduled broadcasts...
[2026-05-02T07:05:00.026Z] [INFO] No scheduled broadcasts due for sending
[2026-05-02T07:10:00.034Z] [INFO] Checking for scheduled broadcasts...
[2026-05-02T07:10:00.038Z] [INFO] No scheduled broadcasts due for sending
[2026-05-02T07:15:00.018Z] [INFO] Checking for scheduled broadcasts...
[2026-05-02T07:15:00.023Z] [INFO] No scheduled broadcasts due for sending
[2026-05-02T07:20:00.028Z] [INFO] Checking for scheduled broadcasts...
[2026-05-02T07:20:00.033Z] [INFO] No scheduled broadcasts due for sending
[2026-05-02T07:25:00.068Z] [INFO] Checking for scheduled broadcasts...
[2026-05-02T07:25:00.073Z] [INFO] No scheduled broadcasts due for sending
[2026-05-02T07:30:00.061Z] [INFO] Starting subscription lifecycle check...
[2026-05-02T07:30:00.062Z] [INFO] Checking for scheduled broadcasts...
[2026-05-02T07:30:00.069Z] [INFO] No scheduled broadcasts due for sending
[2026-05-02T07:30:00.075Z] [INFO] Subscription lifecycle complete | Grace: 0 | Suspended: 0
[2026-05-02T07:35:00.029Z] [INFO] Checking for scheduled broadcasts...
[2026-05-02T07:35:00.031Z] [INFO] No scheduled broadcasts due for sending
[2026-05-02T07:40:00.027Z] [INFO] Checking for scheduled broadcasts...
[2026-05-02T07:40:00.030Z] [INFO] No scheduled broadcasts due for sending
[2026-05-02T07:45:00.049Z] [INFO] Checking for scheduled broadcasts...
[2026-05-02T07:45:00.059Z] [INFO] No scheduled broadcasts due for sending
[2026-05-02T07:50:00.047Z] [INFO] Checking for scheduled broadcasts...
[2026-05-02T07:50:00.049Z] [INFO] No scheduled broadcasts due for sending
[2026-05-02T07:55:00.029Z] [INFO] Checking for scheduled broadcasts...
[2026-05-02T07:55:00.033Z] [INFO] No scheduled broadcasts due for sending
[2026-05-02T08:00:00.028Z] [INFO] Checking for scheduled broadcasts...
[2026-05-02T08:00:00.030Z] [INFO] No scheduled broadcasts due for sending
[2026-05-02T08:05:00.032Z] [INFO] Checking for scheduled broadcasts...
[2026-05-02T08:05:00.035Z] [INFO] No scheduled broadcasts due for sending
[2026-05-02T08:10:00.024Z] [INFO] Checking for scheduled broadcasts...
[2026-05-02T08:10:00.026Z] [INFO] No scheduled broadcasts due for sending
[2026-05-02T08:15:00.063Z] [INFO] Checking for scheduled broadcasts...
[2026-05-02T08:15:00.068Z] [INFO] No scheduled broadcasts due for sending
[2026-05-02T08:20:00.025Z] [INFO] Checking for scheduled broadcasts...
[2026-05-02T08:20:00.030Z] [INFO] No scheduled broadcasts due for sending
[2026-05-02T08:25:00.026Z] [INFO] Checking for scheduled broadcasts...
[2026-05-02T08:25:00.031Z] [INFO] No scheduled broadcasts due for sending
[2026-05-02T08:30:00.031Z] [INFO] Starting subscription lifecycle check...
[2026-05-02T08:30:00.038Z] [INFO] Subscription lifecycle complete | Grace: 0 | Suspended: 0
[2026-05-02T08:30:00.086Z] [INFO] Checking for scheduled broadcasts...
[2026-05-02T08:30:00.090Z] [INFO] No scheduled broadcasts due for sending
[2026-05-02T08:35:00.025Z] [INFO] Checking for scheduled broadcasts...
[2026-05-02T08:35:00.027Z] [INFO] No scheduled broadcasts due for sending
[2026-05-02T08:40:00.032Z] [INFO] Checking for scheduled broadcasts...
[2026-05-02T08:40:00.035Z] [INFO] No scheduled broadcasts due for sending
[2026-05-02T08:45:00.042Z] [INFO] Checking for scheduled broadcasts...
[2026-05-02T08:45:00.047Z] [INFO] No scheduled broadcasts due for sending
[2026-05-02T08:50:00.020Z] [INFO] Checking for scheduled broadcasts...
[2026-05-02T08:50:00.022Z] [INFO] No scheduled broadcasts due for sending
[2026-05-02T08:55:00.031Z] [INFO] Checking for scheduled broadcasts...
[2026-05-02T08:55:00.037Z] [INFO] No scheduled broadcasts due for sending
[2026-05-02T09:00:00.031Z] [INFO] Checking for scheduled broadcasts...
[2026-05-02T09:00:00.033Z] [INFO] No scheduled broadcasts due for sending
[2026-05-02T09:05:00.031Z] [INFO] Checking for scheduled broadcasts...
[2026-05-02T09:05:00.035Z] [INFO] No scheduled broadcasts due for sending
[2026-05-02T09:10:00.072Z] [INFO] Checking for scheduled broadcasts...
[2026-05-02T09:10:00.075Z] [INFO] No scheduled broadcasts due for sending
[2026-05-02T09:15:00.026Z] [INFO] Checking for scheduled broadcasts...
[2026-05-02T09:15:00.029Z] [INFO] No scheduled broadcasts due for sending
[2026-05-02T09:20:00.031Z] [INFO] Checking for scheduled broadcasts...
[2026-05-02T09:20:00.034Z] [INFO] No scheduled broadcasts due for sending
[2026-05-02T09:25:00.026Z] [INFO] Checking for scheduled broadcasts...
[2026-05-02T09:25:00.028Z] [INFO] No scheduled broadcasts due for sending
[2026-05-02T09:30:00.029Z] [INFO] Starting subscription lifecycle check...
[2026-05-02T09:30:00.031Z] [INFO] Checking for scheduled broadcasts...
[2026-05-02T09:30:00.036Z] [INFO] No scheduled broadcasts due for sending
[2026-05-02T09:30:00.078Z] [INFO] Subscription lifecycle complete | Grace: 0 | Suspended: 0
[2026-05-02T09:35:00.025Z] [INFO] Checking for scheduled broadcasts...
[2026-05-02T09:35:00.028Z] [INFO] No scheduled broadcasts due for sending
[2026-05-02T09:40:00.033Z] [INFO] Checking for scheduled broadcasts...
[2026-05-02T09:40:00.036Z] [INFO] No scheduled broadcasts due for sending
[2026-05-02T09:45:00.027Z] [INFO] Checking for scheduled broadcasts...
[2026-05-02T09:45:00.029Z] [INFO] No scheduled broadcasts due for sending
[2026-05-02T09:50:00.032Z] [INFO] Checking for scheduled broadcasts...
[2026-05-02T09:50:00.037Z] [INFO] No scheduled broadcasts due for sending
[2026-05-02T09:55:00.031Z] [INFO] Checking for scheduled broadcasts...
[2026-05-02T09:55:00.036Z] [INFO] No scheduled broadcasts due for sending
[2026-05-02T10:00:00.034Z] [INFO] Checking for scheduled broadcasts...
[2026-05-02T10:00:00.038Z] [INFO] No scheduled broadcasts due for sending
[2026-05-02T10:05:00.031Z] [INFO] Checking for scheduled broadcasts...
[2026-05-02T10:05:00.033Z] [INFO] No scheduled broadcasts due for sending
[2026-05-02T10:10:00.023Z] [INFO] Checking for scheduled broadcasts...
[2026-05-02T10:10:00.025Z] [INFO] No scheduled broadcasts due for sending
[2026-05-02T10:15:00.034Z] [INFO] Checking for scheduled broadcasts...
[2026-05-02T10:15:00.039Z] [INFO] No scheduled broadcasts due for sending
[2026-05-02T10:20:00.029Z] [INFO] Checking for scheduled broadcasts...
[2026-05-02T10:20:00.036Z] [INFO] No scheduled broadcasts due for sending
[2026-05-02T10:25:00.075Z] [INFO] Checking for scheduled broadcasts...
[2026-05-02T10:25:00.080Z] [INFO] No scheduled broadcasts due for sending
[2026-05-02T10:30:00.075Z] [INFO] Starting subscription lifecycle check...
[2026-05-02T10:30:00.077Z] [INFO] Checking for scheduled broadcasts...
[2026-05-02T10:30:00.081Z] [INFO] No scheduled broadcasts due for sending
[2026-05-02T10:30:00.083Z] [INFO] Subscription lifecycle complete | Grace: 0 | Suspended: 0
[2026-05-02T10:35:00.020Z] [INFO] Checking for scheduled broadcasts...
[2026-05-02T10:35:00.023Z] [INFO] No scheduled broadcasts due for sending
[2026-05-02T10:40:00.031Z] [INFO] Checking for scheduled broadcasts...
[2026-05-02T10:40:00.033Z] [INFO] No scheduled broadcasts due for sending
[2026-05-02T10:45:00.032Z] [INFO] Checking for scheduled broadcasts...
[2026-05-02T10:45:00.038Z] [INFO] No scheduled broadcasts due for sending
[2026-05-02T10:50:00.027Z] [INFO] Checking for scheduled broadcasts...
[2026-05-02T10:50:00.029Z] [INFO] No scheduled broadcasts due for sending
[2026-05-02T10:55:00.026Z] [INFO] Checking for scheduled broadcasts...
[2026-05-02T10:55:00.029Z] [INFO] No scheduled broadcasts due for sending
[2026-05-02T11:00:00.186Z] [INFO] Checking for scheduled broadcasts...
[2026-05-02T11:00:00.188Z] [INFO] No scheduled broadcasts due for sending
[2026-05-02T11:05:00.030Z] [INFO] Checking for scheduled broadcasts...
[2026-05-02T11:05:00.034Z] [INFO] No scheduled broadcasts due for sending
[2026-05-02T11:10:00.020Z] [INFO] Checking for scheduled broadcasts...
[2026-05-02T11:10:00.022Z] [INFO] No scheduled broadcasts due for sending
[2026-05-02T11:15:00.021Z] [INFO] Checking for scheduled broadcasts...
[2026-05-02T11:15:00.023Z] [INFO] No scheduled broadcasts due for sending
[2026-05-02T11:20:00.071Z] [INFO] Checking for scheduled broadcasts...
[2026-05-02T11:20:00.076Z] [INFO] No scheduled broadcasts due for sending
[2026-05-02T11:25:00.026Z] [INFO] Checking for scheduled broadcasts...
[2026-05-02T11:25:00.030Z] [INFO] No scheduled broadcasts due for sending
[2026-05-02T11:30:00.025Z] [INFO] Starting subscription lifecycle check...
[2026-05-02T11:30:00.031Z] [INFO] Subscription lifecycle complete | Grace: 0 | Suspended: 0
[2026-05-02T11:30:00.061Z] [INFO] Checking for scheduled broadcasts...
[2026-05-02T11:30:00.063Z] [INFO] No scheduled broadcasts due for sending
[2026-05-02T11:35:00.030Z] [INFO] Checking for scheduled broadcasts...
[2026-05-02T11:35:00.033Z] [INFO] No scheduled broadcasts due for sending
[2026-05-02T11:40:00.032Z] [INFO] Checking for scheduled broadcasts...
[2026-05-02T11:40:00.035Z] [INFO] No scheduled broadcasts due for sending
[2026-05-02T11:45:00.028Z] [INFO] Checking for scheduled broadcasts...
[2026-05-02T11:45:00.032Z] [INFO] No scheduled broadcasts due for sending
[2026-05-02T11:50:00.023Z] [INFO] Checking for scheduled broadcasts...
[2026-05-02T11:50:00.025Z] [INFO] No scheduled broadcasts due for sending
[2026-05-02T11:55:00.023Z] [INFO] Checking for scheduled broadcasts...
[2026-05-02T11:55:00.026Z] [INFO] No scheduled broadcasts due for sending
[2026-05-02T11:57:27.115Z] [INFO] Initializing cron jobs...
[2026-05-02T11:57:27.116Z] [INFO] Distributed locking: ENABLED
[2026-05-02T11:57:27.116Z] [INFO] Instance ID: DESKTOP-I1JLQUS-24420-e061b8b9
[2026-05-02T11:57:27.120Z] [INFO] [Email Cron] Email broadcast worker initialized (every 1 minute)
[2026-05-02T11:57:27.122Z] [INFO] [File Cleanup] Email attachment cleanup worker initialized (daily at 4:00 AM)
[2026-05-02T11:57:27.122Z] [INFO] Email file cleanup: Daily at 4:00 AM
[2026-05-02T11:57:27.122Z] [INFO] Email broadcast worker: Every 1 minute
[2026-05-02T11:57:27.125Z] [INFO] Plan transition job scheduled (daily at 2:00 AM)
[2026-05-02T11:57:27.126Z] [INFO] Subscription lifecycle job scheduled (every hour)
[2026-05-02T11:57:27.128Z] [INFO] Payment status sync job scheduled (daily at 1:00 AM)
[2026-05-02T11:57:27.130Z] [INFO] Reminder job scheduled (daily at 9:00 AM)
[2026-05-02T11:57:27.131Z] [INFO] Inventory expiry job scheduled (daily at 6:00 AM)
[2026-05-02T11:57:27.133Z] [INFO] Scheduled broadcasts job initialized (every 5 minutes)
[2026-05-02T11:57:27.139Z] [INFO] All cron jobs initialized:
[2026-05-02T11:57:27.139Z] [INFO]   - Session cleanup: Every hour
[2026-05-02T11:57:27.139Z] [INFO]   - Plan transition: Daily at 2:00 AM
[2026-05-02T11:57:27.139Z] [INFO]   - Subscription lifecycle + emails: Every hour
[2026-05-02T11:57:27.139Z] [INFO]   - Inventory expiry checks + alerts: Daily at 6:00 AM
[2026-05-02T11:57:27.139Z] [INFO]   - Payment status sync: Daily at 1:00 AM
[2026-05-02T11:57:27.139Z] [INFO]   - Reminder emails (7d/3d/final): Daily at 9:00 AM
[2026-05-02T11:57:27.139Z] [INFO]   - Pending users cleanup: Daily at 3:00 AM
[2026-05-02T11:57:27.139Z] [INFO]   - Incomplete users cleanup: Daily at 3:15 AM
[2026-05-02T11:57:27.139Z] [INFO]   - Deletion logs cleanup: Daily at 3:30 AM
[2026-05-02T11:57:27.139Z] [INFO]   - OTP daily limits cleanup: Daily at 3:45 AM
[2026-05-02T11:57:27.139Z] [INFO]   - Scheduled broadcasts: Every 5 minutes
