[2026-04-29T04:27:49.168Z] [INFO] Initializing cron jobs...
[2026-04-29T04:27:49.169Z] [INFO] Instance ID: CHKTHN-LOQ-23664-4852cb10
[2026-04-29T04:27:49.169Z] [INFO] Distributed locking: ENABLED
[2026-04-29T04:27:49.175Z] [INFO] [Email Cron] Email broadcast worker initialized (every 1 minute)
[2026-04-29T04:27:49.177Z] [INFO] [File Cleanup] Email attachment cleanup worker initialized (daily at 4:00 AM)
[2026-04-29T04:27:49.177Z] [INFO] Email file cleanup: Daily at 4:00 AM
[2026-04-29T04:27:49.179Z] [INFO] Plan transition job scheduled (daily at 2:00 AM)
[2026-04-29T04:27:49.180Z] [INFO] Subscription lifecycle job scheduled (every hour)
[2026-04-29T04:27:49.183Z] [INFO] Payment status sync job scheduled (daily at 1:00 AM)
[2026-04-29T04:27:49.186Z] [INFO] Inventory expiry job scheduled (daily at 6:00 AM)
[2026-04-29T04:27:49.184Z] [INFO] Reminder job scheduled (daily at 9:00 AM)
[2026-04-29T04:27:49.177Z] [INFO] Email broadcast worker: Every 1 minute
[2026-04-29T04:27:49.194Z] [INFO] All cron jobs initialized:
[2026-04-29T04:27:49.194Z] [INFO]   - Plan transition: Daily at 2:00 AM
[2026-04-29T04:27:49.194Z] [INFO]   - Subscription lifecycle + emails: Every hour
[2026-04-29T04:27:49.195Z] [INFO]   - Payment status sync: Daily at 1:00 AM
[2026-04-29T04:27:49.195Z] [INFO]   - Inventory expiry checks + alerts: Daily at 6:00 AM
[2026-04-29T04:27:49.195Z] [INFO]   - Reminder emails (7d/3d/final): Daily at 9:00 AM
[2026-04-29T04:27:49.194Z] [INFO]   - Session cleanup: Every hour
[2026-04-29T04:27:49.195Z] [INFO]   - Incomplete users cleanup: Daily at 3:15 AM
[2026-04-29T04:27:49.195Z] [INFO]   - Pending users cleanup: Daily at 3:00 AM
[2026-04-29T04:27:49.188Z] [INFO] Scheduled broadcasts job initialized (every 5 minutes)
[2026-04-29T04:27:49.195Z] [INFO]   - OTP daily limits cleanup: Daily at 3:45 AM
[2026-04-29T04:27:49.195Z] [INFO]   - Deletion logs cleanup: Daily at 3:30 AM
[2026-04-29T04:27:49.195Z] [INFO]   - Scheduled broadcasts: Every 5 minutes
[2026-04-29T04:30:00.045Z] [INFO] Checking for scheduled broadcasts...
[2026-04-29T04:30:00.046Z] [INFO] Starting subscription lifecycle check...
[2026-04-29T04:30:00.051Z] [INFO] Subscription lifecycle complete | Grace: 0 | Suspended: 0
[2026-04-29T04:30:00.053Z] [INFO] No scheduled broadcasts due for sending
[2026-04-29T04:35:00.042Z] [INFO] Checking for scheduled broadcasts...
[2026-04-29T04:35:00.050Z] [INFO] No scheduled broadcasts due for sending
[2026-04-29T04:40:00.024Z] [INFO] Checking for scheduled broadcasts...
[2026-04-29T04:40:00.028Z] [INFO] No scheduled broadcasts due for sending
[2026-04-29T04:45:00.027Z] [INFO] Checking for scheduled broadcasts...
[2026-04-29T04:45:00.032Z] [INFO] No scheduled broadcasts due for sending
[2026-04-29T04:50:00.062Z] [INFO] Checking for scheduled broadcasts...
[2026-04-29T04:50:00.072Z] [INFO] No scheduled broadcasts due for sending
[2026-04-29T04:55:00.017Z] [INFO] Checking for scheduled broadcasts...
[2026-04-29T04:55:00.021Z] [INFO] No scheduled broadcasts due for sending
[2026-04-29T05:00:00.052Z] [INFO] Checking for scheduled broadcasts...
[2026-04-29T05:00:00.059Z] [INFO] No scheduled broadcasts due for sending
[2026-04-29T05:05:00.040Z] [INFO] Checking for scheduled broadcasts...
[2026-04-29T05:05:00.047Z] [INFO] No scheduled broadcasts due for sending
[2026-04-29T05:06:00.740Z] [INFO] Initializing cron jobs...
[2026-04-29T05:06:00.740Z] [INFO] Instance ID: CHKTHN-LOQ-25044-238c13f7
[2026-04-29T05:06:00.740Z] [INFO] Distributed locking: ENABLED
[2026-04-29T05:06:00.747Z] [INFO] Email file cleanup: Daily at 4:00 AM
[2026-04-29T05:06:00.745Z] [INFO] [Email Cron] Email broadcast worker initialized (every 1 minute)
[2026-04-29T05:06:00.747Z] [INFO] [File Cleanup] Email attachment cleanup worker initialized (daily at 4:00 AM)
[2026-04-29T05:06:00.750Z] [INFO] Subscription lifecycle job scheduled (every hour)
[2026-04-29T05:06:00.752Z] [INFO] Payment status sync job scheduled (daily at 1:00 AM)
[2026-04-29T05:06:00.747Z] [INFO] Email broadcast worker: Every 1 minute
[2026-04-29T05:06:00.749Z] [INFO] Plan transition job scheduled (daily at 2:00 AM)
[2026-04-29T05:06:00.755Z] [INFO] Inventory expiry job scheduled (daily at 6:00 AM)
[2026-04-29T05:06:00.754Z] [INFO] Reminder job scheduled (daily at 9:00 AM)
[2026-04-29T05:06:00.764Z] [INFO]   - Plan transition: Daily at 2:00 AM
[2026-04-29T05:06:00.757Z] [INFO] Scheduled broadcasts job initialized (every 5 minutes)
[2026-04-29T05:06:00.764Z] [INFO] All cron jobs initialized:
[2026-04-29T05:06:00.764Z] [INFO]   - Session cleanup: Every hour
[2026-04-29T05:06:00.764Z] [INFO]   - Payment status sync: Daily at 1:00 AM
[2026-04-29T05:06:00.764Z] [INFO]   - Subscription lifecycle + emails: Every hour
[2026-04-29T05:06:00.764Z] [INFO]   - Reminder emails (7d/3d/final): Daily at 9:00 AM
[2026-04-29T05:06:00.764Z] [INFO]   - Incomplete users cleanup: Daily at 3:15 AM
[2026-04-29T05:06:00.764Z] [INFO]   - Inventory expiry checks + alerts: Daily at 6:00 AM
[2026-04-29T05:06:00.764Z] [INFO]   - Scheduled broadcasts: Every 5 minutes
[2026-04-29T05:06:00.764Z] [INFO]   - Deletion logs cleanup: Daily at 3:30 AM
[2026-04-29T05:06:00.764Z] [INFO]   - Pending users cleanup: Daily at 3:00 AM
[2026-04-29T05:06:00.764Z] [INFO]   - OTP daily limits cleanup: Daily at 3:45 AM
[2026-04-29T05:10:00.039Z] [INFO] Checking for scheduled broadcasts...
[2026-04-29T05:10:00.051Z] [INFO] No scheduled broadcasts due for sending
[2026-04-29T05:15:00.057Z] [INFO] Checking for scheduled broadcasts...
[2026-04-29T05:15:00.063Z] [INFO] No scheduled broadcasts due for sending
[2026-04-29T05:20:00.042Z] [INFO] Checking for scheduled broadcasts...
[2026-04-29T05:20:00.046Z] [INFO] No scheduled broadcasts due for sending
[2026-04-29T05:25:00.061Z] [INFO] Checking for scheduled broadcasts...
[2026-04-29T05:25:00.068Z] [INFO] No scheduled broadcasts due for sending
[2026-04-29T05:30:00.060Z] [INFO] Starting subscription lifecycle check...
[2026-04-29T05:30:00.060Z] [INFO] Checking for scheduled broadcasts...
[2026-04-29T05:30:00.073Z] [INFO] No scheduled broadcasts due for sending
[2026-04-29T05:30:00.091Z] [INFO] Subscription lifecycle complete | Grace: 0 | Suspended: 0
[2026-04-29T05:35:00.027Z] [INFO] Checking for scheduled broadcasts...
[2026-04-29T05:35:00.031Z] [INFO] No scheduled broadcasts due for sending
[2026-04-29T05:40:00.031Z] [INFO] Checking for scheduled broadcasts...
[2026-04-29T05:40:00.037Z] [INFO] No scheduled broadcasts due for sending
[2026-04-29T05:45:00.049Z] [INFO] Checking for scheduled broadcasts...
[2026-04-29T05:45:00.058Z] [INFO] No scheduled broadcasts due for sending
[2026-04-29T05:47:49.633Z] [INFO] Initializing cron jobs...
[2026-04-29T05:47:49.634Z] [INFO] Instance ID: CHKTHN-LOQ-1804-0f646e2f
[2026-04-29T05:47:49.634Z] [INFO] Distributed locking: ENABLED
[2026-04-29T05:47:49.639Z] [INFO] [Email Cron] Email broadcast worker initialized (every 1 minute)
[2026-04-29T05:47:49.642Z] [INFO] [File Cleanup] Email attachment cleanup worker initialized (daily at 4:00 AM)
[2026-04-29T05:47:49.642Z] [INFO] Email file cleanup: Daily at 4:00 AM
[2026-04-29T05:47:49.642Z] [INFO] Email broadcast worker: Every 1 minute
[2026-04-29T05:47:49.645Z] [INFO] Plan transition job scheduled (daily at 2:00 AM)
[2026-04-29T05:47:49.647Z] [INFO] Subscription lifecycle job scheduled (every hour)
[2026-04-29T05:47:49.649Z] [INFO] Payment status sync job scheduled (daily at 1:00 AM)
[2026-04-29T05:47:49.651Z] [INFO] Reminder job scheduled (daily at 9:00 AM)
[2026-04-29T05:47:49.654Z] [INFO] Scheduled broadcasts job initialized (every 5 minutes)
[2026-04-29T05:47:49.663Z] [INFO]   - Session cleanup: Every hour
[2026-04-29T05:47:49.663Z] [INFO]   - Plan transition: Daily at 2:00 AM
[2026-04-29T05:47:49.652Z] [INFO] Inventory expiry job scheduled (daily at 6:00 AM)
[2026-04-29T05:47:49.663Z] [INFO] All cron jobs initialized:
[2026-04-29T05:47:49.663Z] [INFO]   - Inventory expiry checks + alerts: Daily at 6:00 AM
[2026-04-29T05:47:49.663Z] [INFO]   - Reminder emails (7d/3d/final): Daily at 9:00 AM
[2026-04-29T05:47:49.663Z] [INFO]   - Incomplete users cleanup: Daily at 3:15 AM
[2026-04-29T05:47:49.663Z] [INFO]   - Subscription lifecycle + emails: Every hour
[2026-04-29T05:47:49.663Z] [INFO]   - Pending users cleanup: Daily at 3:00 AM
[2026-04-29T05:47:49.663Z] [INFO]   - OTP daily limits cleanup: Daily at 3:45 AM
[2026-04-29T05:47:49.663Z] [INFO]   - Deletion logs cleanup: Daily at 3:30 AM
[2026-04-29T05:47:49.663Z] [INFO]   - Scheduled broadcasts: Every 5 minutes
[2026-04-29T05:47:49.663Z] [INFO]   - Payment status sync: Daily at 1:00 AM
[2026-04-29T05:59:10.766Z] [INFO] Distributed locking: ENABLED
[2026-04-29T05:59:10.766Z] [INFO] Initializing cron jobs...
[2026-04-29T05:59:10.766Z] [INFO] Instance ID: CHKTHN-LOQ-23928-a7ae2019
[2026-04-29T05:59:10.772Z] [INFO] [File Cleanup] Email attachment cleanup worker initialized (daily at 4:00 AM)
[2026-04-29T05:59:10.772Z] [INFO] Email broadcast worker: Every 1 minute
[2026-04-29T05:59:10.771Z] [INFO] [Email Cron] Email broadcast worker initialized (every 1 minute)
[2026-04-29T05:59:10.772Z] [INFO] Email file cleanup: Daily at 4:00 AM
[2026-04-29T05:59:10.777Z] [INFO] Subscription lifecycle job scheduled (every hour)
[2026-04-29T05:59:10.780Z] [INFO] Reminder job scheduled (daily at 9:00 AM)
[2026-04-29T05:59:10.776Z] [INFO] Plan transition job scheduled (daily at 2:00 AM)
[2026-04-29T05:59:10.783Z] [INFO] Inventory expiry job scheduled (daily at 6:00 AM)
[2026-04-29T05:59:10.779Z] [INFO] Payment status sync job scheduled (daily at 1:00 AM)
[2026-04-29T05:59:10.796Z] [INFO] All cron jobs initialized:
[2026-04-29T05:59:10.796Z] [INFO]   - Session cleanup: Every hour
[2026-04-29T05:59:10.796Z] [INFO]   - Subscription lifecycle + emails: Every hour
[2026-04-29T05:59:10.796Z] [INFO]   - Inventory expiry checks + alerts: Daily at 6:00 AM
[2026-04-29T05:59:10.796Z] [INFO]   - Payment status sync: Daily at 1:00 AM
[2026-04-29T05:59:10.796Z] [INFO]   - Pending users cleanup: Daily at 3:00 AM
[2026-04-29T05:59:10.796Z] [INFO]   - Deletion logs cleanup: Daily at 3:30 AM
[2026-04-29T05:59:10.796Z] [INFO]   - Incomplete users cleanup: Daily at 3:15 AM
[2026-04-29T05:59:10.796Z] [INFO]   - OTP daily limits cleanup: Daily at 3:45 AM
[2026-04-29T05:59:10.796Z] [INFO]   - Scheduled broadcasts: Every 5 minutes
[2026-04-29T05:59:10.785Z] [INFO] Scheduled broadcasts job initialized (every 5 minutes)
[2026-04-29T05:59:10.796Z] [INFO]   - Plan transition: Daily at 2:00 AM
[2026-04-29T05:59:10.796Z] [INFO]   - Reminder emails (7d/3d/final): Daily at 9:00 AM
[2026-04-29T06:00:00.057Z] [INFO] Checking for scheduled broadcasts...
[2026-04-29T06:00:00.063Z] [INFO] No scheduled broadcasts due for sending
[2026-04-29T06:05:00.046Z] [INFO] Checking for scheduled broadcasts...
[2026-04-29T06:05:00.054Z] [INFO] No scheduled broadcasts due for sending
[2026-04-29T06:10:00.093Z] [INFO] Checking for scheduled broadcasts...
[2026-04-29T06:10:00.100Z] [INFO] No scheduled broadcasts due for sending
[2026-04-29T06:15:00.040Z] [INFO] Checking for scheduled broadcasts...
[2026-04-29T06:15:00.045Z] [INFO] No scheduled broadcasts due for sending
[2026-04-29T06:20:00.040Z] [INFO] Checking for scheduled broadcasts...
[2026-04-29T06:20:00.049Z] [INFO] No scheduled broadcasts due for sending
[2026-04-29T06:25:00.056Z] [INFO] Checking for scheduled broadcasts...
[2026-04-29T06:25:00.063Z] [INFO] No scheduled broadcasts due for sending
[2026-04-29T06:30:00.040Z] [INFO] Starting subscription lifecycle check...
[2026-04-29T06:30:00.040Z] [INFO] Checking for scheduled broadcasts...
[2026-04-29T06:30:00.047Z] [INFO] No scheduled broadcasts due for sending
[2026-04-29T06:30:00.049Z] [INFO] Subscription lifecycle complete | Grace: 0 | Suspended: 0
[2026-04-29T06:35:00.047Z] [INFO] Checking for scheduled broadcasts...
[2026-04-29T06:35:00.056Z] [INFO] No scheduled broadcasts due for sending
[2026-04-29T06:40:00.058Z] [INFO] Checking for scheduled broadcasts...
[2026-04-29T06:40:00.069Z] [INFO] No scheduled broadcasts due for sending
[2026-04-29T06:45:00.036Z] [INFO] Checking for scheduled broadcasts...
[2026-04-29T06:45:00.045Z] [INFO] No scheduled broadcasts due for sending
[2026-04-29T06:50:00.035Z] [INFO] Checking for scheduled broadcasts...
[2026-04-29T06:50:00.042Z] [INFO] No scheduled broadcasts due for sending
[2026-04-29T06:55:00.037Z] [INFO] Checking for scheduled broadcasts...
[2026-04-29T06:55:00.048Z] [INFO] No scheduled broadcasts due for sending
[2026-04-29T07:00:00.034Z] [INFO] Checking for scheduled broadcasts...
[2026-04-29T07:00:00.046Z] [INFO] No scheduled broadcasts due for sending
[2026-04-29T07:05:00.108Z] [INFO] Checking for scheduled broadcasts...
[2026-04-29T07:05:00.117Z] [INFO] No scheduled broadcasts due for sending
[2026-04-29T07:10:00.068Z] [INFO] Checking for scheduled broadcasts...
[2026-04-29T07:10:00.076Z] [INFO] No scheduled broadcasts due for sending
[2026-04-29T07:15:00.061Z] [INFO] Checking for scheduled broadcasts...
[2026-04-29T07:15:00.071Z] [INFO] No scheduled broadcasts due for sending
[2026-04-29T07:20:00.025Z] [INFO] Checking for scheduled broadcasts...
[2026-04-29T07:20:00.030Z] [INFO] No scheduled broadcasts due for sending
[2026-04-29T07:25:00.038Z] [INFO] Checking for scheduled broadcasts...
[2026-04-29T07:25:00.047Z] [INFO] No scheduled broadcasts due for sending
[2026-04-29T07:30:00.044Z] [INFO] Starting subscription lifecycle check...
[2026-04-29T07:30:00.044Z] [INFO] Checking for scheduled broadcasts...
[2026-04-29T07:30:00.049Z] [INFO] No scheduled broadcasts due for sending
[2026-04-29T07:30:00.053Z] [INFO] Subscription lifecycle complete | Grace: 0 | Suspended: 0
[2026-04-29T07:35:00.042Z] [INFO] Checking for scheduled broadcasts...
[2026-04-29T07:35:00.052Z] [INFO] No scheduled broadcasts due for sending
[2026-04-29T07:40:00.053Z] [INFO] Checking for scheduled broadcasts...
[2026-04-29T07:40:00.062Z] [INFO] No scheduled broadcasts due for sending
[2026-04-29T07:45:00.041Z] [INFO] Checking for scheduled broadcasts...
[2026-04-29T07:45:00.050Z] [INFO] No scheduled broadcasts due for sending
[2026-04-29T07:50:00.080Z] [INFO] Checking for scheduled broadcasts...
[2026-04-29T07:50:00.089Z] [INFO] No scheduled broadcasts due for sending
[2026-04-29T07:55:00.069Z] [INFO] Checking for scheduled broadcasts...
[2026-04-29T07:55:00.076Z] [INFO] No scheduled broadcasts due for sending
[2026-04-29T08:00:00.073Z] [INFO] Checking for scheduled broadcasts...
[2026-04-29T08:00:00.085Z] [INFO] No scheduled broadcasts due for sending
[2026-04-29T08:05:00.034Z] [INFO] Checking for scheduled broadcasts...
[2026-04-29T08:05:00.040Z] [INFO] No scheduled broadcasts due for sending
[2026-04-29T08:10:00.069Z] [INFO] Checking for scheduled broadcasts...
[2026-04-29T08:10:00.080Z] [INFO] No scheduled broadcasts due for sending
[2026-04-29T08:15:00.049Z] [INFO] Checking for scheduled broadcasts...
[2026-04-29T08:15:00.058Z] [INFO] No scheduled broadcasts due for sending
[2026-04-29T08:20:00.064Z] [INFO] Checking for scheduled broadcasts...
[2026-04-29T08:20:00.075Z] [INFO] No scheduled broadcasts due for sending
[2026-04-29T08:25:00.036Z] [INFO] Checking for scheduled broadcasts...
[2026-04-29T08:25:00.045Z] [INFO] No scheduled broadcasts due for sending
[2026-04-29T08:30:00.137Z] [INFO] Starting subscription lifecycle check...
[2026-04-29T08:30:00.139Z] [INFO] Checking for scheduled broadcasts...
[2026-04-29T08:30:00.152Z] [INFO] No scheduled broadcasts due for sending
[2026-04-29T08:30:00.158Z] [INFO] Subscription lifecycle complete | Grace: 0 | Suspended: 0
[2026-04-29T08:35:00.033Z] [INFO] Checking for scheduled broadcasts...
[2026-04-29T08:35:00.037Z] [INFO] No scheduled broadcasts due for sending
[2026-04-29T08:35:32.721Z] [INFO] Distributed locking: ENABLED
[2026-04-29T08:35:32.721Z] [INFO] Instance ID: CHKTHN-LOQ-25184-24e89d26
[2026-04-29T08:35:32.721Z] [INFO] Initializing cron jobs...
[2026-04-29T08:35:32.726Z] [INFO] [Email Cron] Email broadcast worker initialized (every 1 minute)
[2026-04-29T08:35:32.728Z] [INFO] [File Cleanup] Email attachment cleanup worker initialized (daily at 4:00 AM)
[2026-04-29T08:35:32.728Z] [INFO] Email broadcast worker: Every 1 minute
[2026-04-29T08:35:32.728Z] [INFO] Email file cleanup: Daily at 4:00 AM
[2026-04-29T08:35:32.730Z] [INFO] Plan transition job scheduled (daily at 2:00 AM)
[2026-04-29T08:35:32.732Z] [INFO] Subscription lifecycle job scheduled (every hour)
[2026-04-29T08:35:32.734Z] [INFO] Payment status sync job scheduled (daily at 1:00 AM)
[2026-04-29T08:35:32.738Z] [INFO] Scheduled broadcasts job initialized (every 5 minutes)
[2026-04-29T08:35:32.747Z] [INFO]   - Plan transition: Daily at 2:00 AM
[2026-04-29T08:35:32.747Z] [INFO]   - Subscription lifecycle + emails: Every hour
[2026-04-29T08:35:32.747Z] [INFO]   - Session cleanup: Every hour
[2026-04-29T08:35:32.747Z] [INFO]   - Payment status sync: Daily at 1:00 AM
[2026-04-29T08:35:32.735Z] [INFO] Reminder job scheduled (daily at 9:00 AM)
[2026-04-29T08:35:32.747Z] [INFO]   - Reminder emails (7d/3d/final): Daily at 9:00 AM
[2026-04-29T08:35:32.747Z] [INFO]   - Inventory expiry checks + alerts: Daily at 6:00 AM
[2026-04-29T08:35:32.737Z] [INFO] Inventory expiry job scheduled (daily at 6:00 AM)
[2026-04-29T08:35:32.747Z] [INFO] All cron jobs initialized:
[2026-04-29T08:35:32.747Z] [INFO]   - Incomplete users cleanup: Daily at 3:15 AM
[2026-04-29T08:35:32.747Z] [INFO]   - Deletion logs cleanup: Daily at 3:30 AM
[2026-04-29T08:35:32.747Z] [INFO]   - OTP daily limits cleanup: Daily at 3:45 AM
[2026-04-29T08:35:32.747Z] [INFO]   - Scheduled broadcasts: Every 5 minutes
[2026-04-29T08:35:32.747Z] [INFO]   - Pending users cleanup: Daily at 3:00 AM
[2026-04-29T08:35:41.900Z] [INFO] Initializing cron jobs...
[2026-04-29T08:35:41.901Z] [INFO] Instance ID: CHKTHN-LOQ-25876-13e0d638
[2026-04-29T08:35:41.901Z] [INFO] Distributed locking: ENABLED
[2026-04-29T08:35:41.906Z] [INFO] [Email Cron] Email broadcast worker initialized (every 1 minute)
[2026-04-29T08:35:41.908Z] [INFO] [File Cleanup] Email attachment cleanup worker initialized (daily at 4:00 AM)
[2026-04-29T08:35:41.908Z] [INFO] Email file cleanup: Daily at 4:00 AM
[2026-04-29T08:35:41.912Z] [INFO] Subscription lifecycle job scheduled (every hour)
[2026-04-29T08:35:41.910Z] [INFO] Plan transition job scheduled (daily at 2:00 AM)
[2026-04-29T08:35:41.908Z] [INFO] Email broadcast worker: Every 1 minute
[2026-04-29T08:35:41.914Z] [INFO] Payment status sync job scheduled (daily at 1:00 AM)
[2026-04-29T08:35:41.916Z] [INFO] Reminder job scheduled (daily at 9:00 AM)
[2026-04-29T08:35:41.917Z] [INFO] Inventory expiry job scheduled (daily at 6:00 AM)
[2026-04-29T08:35:41.919Z] [INFO] Scheduled broadcasts job initialized (every 5 minutes)
[2026-04-29T08:35:41.929Z] [INFO]   - Plan transition: Daily at 2:00 AM
[2026-04-29T08:35:41.929Z] [INFO]   - Subscription lifecycle + emails: Every hour
[2026-04-29T08:35:41.929Z] [INFO] All cron jobs initialized:
[2026-04-29T08:35:41.929Z] [INFO]   - Payment status sync: Daily at 1:00 AM
[2026-04-29T08:35:41.929Z] [INFO]   - Inventory expiry checks + alerts: Daily at 6:00 AM
[2026-04-29T08:35:41.929Z] [INFO]   - Session cleanup: Every hour
[2026-04-29T08:35:41.929Z] [INFO]   - Reminder emails (7d/3d/final): Daily at 9:00 AM
[2026-04-29T08:35:41.929Z] [INFO]   - Pending users cleanup: Daily at 3:00 AM
[2026-04-29T08:35:41.929Z] [INFO]   - OTP daily limits cleanup: Daily at 3:45 AM
[2026-04-29T08:35:41.929Z] [INFO]   - Scheduled broadcasts: Every 5 minutes
[2026-04-29T08:35:41.929Z] [INFO]   - Incomplete users cleanup: Daily at 3:15 AM
[2026-04-29T08:35:41.929Z] [INFO]   - Deletion logs cleanup: Daily at 3:30 AM
[2026-04-29T08:35:46.234Z] [INFO] Initializing cron jobs...
[2026-04-29T08:35:46.239Z] [INFO] [Email Cron] Email broadcast worker initialized (every 1 minute)
[2026-04-29T08:35:46.234Z] [INFO] Distributed locking: ENABLED
[2026-04-29T08:35:46.234Z] [INFO] Instance ID: CHKTHN-LOQ-17700-af68c1fc
[2026-04-29T08:35:46.241Z] [INFO] [File Cleanup] Email attachment cleanup worker initialized (daily at 4:00 AM)
[2026-04-29T08:35:46.241Z] [INFO] Email broadcast worker: Every 1 minute
[2026-04-29T08:35:46.241Z] [INFO] Email file cleanup: Daily at 4:00 AM
[2026-04-29T08:35:46.243Z] [INFO] Plan transition job scheduled (daily at 2:00 AM)
[2026-04-29T08:35:46.245Z] [INFO] Subscription lifecycle job scheduled (every hour)
[2026-04-29T08:35:46.248Z] [INFO] Payment status sync job scheduled (daily at 1:00 AM)
[2026-04-29T08:35:46.251Z] [INFO] Reminder job scheduled (daily at 9:00 AM)
[2026-04-29T08:35:46.254Z] [INFO] Inventory expiry job scheduled (daily at 6:00 AM)
[2026-04-29T08:35:46.255Z] [INFO] Scheduled broadcasts job initialized (every 5 minutes)
[2026-04-29T08:35:46.266Z] [INFO] All cron jobs initialized:
[2026-04-29T08:35:46.267Z] [INFO]   - Subscription lifecycle + emails: Every hour
[2026-04-29T08:35:46.267Z] [INFO]   - Plan transition: Daily at 2:00 AM
[2026-04-29T08:35:46.267Z] [INFO]   - Session cleanup: Every hour
[2026-04-29T08:35:46.267Z] [INFO]   - Payment status sync: Daily at 1:00 AM
[2026-04-29T08:35:46.267Z] [INFO]   - Inventory expiry checks + alerts: Daily at 6:00 AM
[2026-04-29T08:35:46.267Z] [INFO]   - Incomplete users cleanup: Daily at 3:15 AM
[2026-04-29T08:35:46.267Z] [INFO]   - Pending users cleanup: Daily at 3:00 AM
[2026-04-29T08:35:46.267Z] [INFO]   - Reminder emails (7d/3d/final): Daily at 9:00 AM
[2026-04-29T08:35:46.267Z] [INFO]   - Deletion logs cleanup: Daily at 3:30 AM
[2026-04-29T08:35:46.267Z] [INFO]   - Scheduled broadcasts: Every 5 minutes
[2026-04-29T08:35:46.267Z] [INFO]   - OTP daily limits cleanup: Daily at 3:45 AM
[2026-04-29T08:35:51.894Z] [INFO] Initializing cron jobs...
[2026-04-29T08:35:51.894Z] [INFO] Distributed locking: ENABLED
[2026-04-29T08:35:51.894Z] [INFO] Instance ID: CHKTHN-LOQ-23940-143ec0d8
[2026-04-29T08:35:51.899Z] [INFO] [Email Cron] Email broadcast worker initialized (every 1 minute)
[2026-04-29T08:35:51.901Z] [INFO] [File Cleanup] Email attachment cleanup worker initialized (daily at 4:00 AM)
[2026-04-29T08:35:51.901Z] [INFO] Email broadcast worker: Every 1 minute
[2026-04-29T08:35:51.901Z] [INFO] Email file cleanup: Daily at 4:00 AM
[2026-04-29T08:35:51.904Z] [INFO] Plan transition job scheduled (daily at 2:00 AM)
[2026-04-29T08:35:51.906Z] [INFO] Subscription lifecycle job scheduled (every hour)
[2026-04-29T08:35:51.908Z] [INFO] Payment status sync job scheduled (daily at 1:00 AM)
[2026-04-29T08:35:51.912Z] [INFO] Inventory expiry job scheduled (daily at 6:00 AM)
[2026-04-29T08:35:51.910Z] [INFO] Reminder job scheduled (daily at 9:00 AM)
[2026-04-29T08:35:51.914Z] [INFO] Scheduled broadcasts job initialized (every 5 minutes)
[2026-04-29T08:35:51.922Z] [INFO] All cron jobs initialized:
[2026-04-29T08:35:51.922Z] [INFO]   - Session cleanup: Every hour
[2026-04-29T08:35:51.922Z] [INFO]   - Subscription lifecycle + emails: Every hour
[2026-04-29T08:35:51.922Z] [INFO]   - Payment status sync: Daily at 1:00 AM
[2026-04-29T08:35:51.922Z] [INFO]   - Pending users cleanup: Daily at 3:00 AM
[2026-04-29T08:35:51.922Z] [INFO]   - Inventory expiry checks + alerts: Daily at 6:00 AM
[2026-04-29T08:35:51.922Z] [INFO]   - Reminder emails (7d/3d/final): Daily at 9:00 AM
[2026-04-29T08:35:51.922Z] [INFO]   - Incomplete users cleanup: Daily at 3:15 AM
[2026-04-29T08:35:51.922Z] [INFO]   - OTP daily limits cleanup: Daily at 3:45 AM
[2026-04-29T08:35:51.922Z] [INFO]   - Plan transition: Daily at 2:00 AM
[2026-04-29T08:35:51.922Z] [INFO]   - Deletion logs cleanup: Daily at 3:30 AM
[2026-04-29T08:35:51.922Z] [INFO]   - Scheduled broadcasts: Every 5 minutes
[2026-04-29T08:35:56.362Z] [INFO] Initializing cron jobs...
[2026-04-29T08:35:56.362Z] [INFO] Instance ID: CHKTHN-LOQ-23244-6fea506e
[2026-04-29T08:35:56.362Z] [INFO] Distributed locking: ENABLED
[2026-04-29T08:35:56.367Z] [INFO] [Email Cron] Email broadcast worker initialized (every 1 minute)
[2026-04-29T08:35:56.370Z] [INFO] [File Cleanup] Email attachment cleanup worker initialized (daily at 4:00 AM)
[2026-04-29T08:35:56.370Z] [INFO] Email broadcast worker: Every 1 minute
[2026-04-29T08:35:56.373Z] [INFO] Plan transition job scheduled (daily at 2:00 AM)
[2026-04-29T08:35:56.370Z] [INFO] Email file cleanup: Daily at 4:00 AM
[2026-04-29T08:35:56.375Z] [INFO] Subscription lifecycle job scheduled (every hour)
[2026-04-29T08:35:56.379Z] [INFO] Payment status sync job scheduled (daily at 1:00 AM)
[2026-04-29T08:35:56.384Z] [INFO] Inventory expiry job scheduled (daily at 6:00 AM)
[2026-04-29T08:35:56.381Z] [INFO] Reminder job scheduled (daily at 9:00 AM)
[2026-04-29T08:35:56.386Z] [INFO] Scheduled broadcasts job initialized (every 5 minutes)
[2026-04-29T08:35:56.395Z] [INFO]   - Session cleanup: Every hour
[2026-04-29T08:35:56.395Z] [INFO]   - Plan transition: Daily at 2:00 AM
[2026-04-29T08:35:56.395Z] [INFO]   - Subscription lifecycle + emails: Every hour
[2026-04-29T08:35:56.395Z] [INFO]   - Payment status sync: Daily at 1:00 AM
[2026-04-29T08:35:56.395Z] [INFO]   - Pending users cleanup: Daily at 3:00 AM
[2026-04-29T08:35:56.395Z] [INFO]   - Reminder emails (7d/3d/final): Daily at 9:00 AM
[2026-04-29T08:35:56.395Z] [INFO]   - Inventory expiry checks + alerts: Daily at 6:00 AM
[2026-04-29T08:35:56.395Z] [INFO]   - Incomplete users cleanup: Daily at 3:15 AM
[2026-04-29T08:35:56.395Z] [INFO]   - Deletion logs cleanup: Daily at 3:30 AM
[2026-04-29T08:35:56.395Z] [INFO]   - OTP daily limits cleanup: Daily at 3:45 AM
[2026-04-29T08:35:56.395Z] [INFO]   - Scheduled broadcasts: Every 5 minutes
[2026-04-29T08:35:56.395Z] [INFO] All cron jobs initialized:
[2026-04-29T08:36:01.336Z] [INFO] Initializing cron jobs...
[2026-04-29T08:36:01.336Z] [INFO] Instance ID: CHKTHN-LOQ-9240-c679edf9
[2026-04-29T08:36:01.336Z] [INFO] Distributed locking: ENABLED
[2026-04-29T08:36:01.343Z] [INFO] Email broadcast worker: Every 1 minute
[2026-04-29T08:36:01.343Z] [INFO] [File Cleanup] Email attachment cleanup worker initialized (daily at 4:00 AM)
[2026-04-29T08:36:01.343Z] [INFO] Email file cleanup: Daily at 4:00 AM
[2026-04-29T08:36:01.341Z] [INFO] [Email Cron] Email broadcast worker initialized (every 1 minute)
[2026-04-29T08:36:01.347Z] [INFO] Subscription lifecycle job scheduled (every hour)
[2026-04-29T08:36:01.349Z] [INFO] Payment status sync job scheduled (daily at 1:00 AM)
[2026-04-29T08:36:01.353Z] [INFO] Inventory expiry job scheduled (daily at 6:00 AM)
[2026-04-29T08:36:01.351Z] [INFO] Reminder job scheduled (daily at 9:00 AM)
[2026-04-29T08:36:01.355Z] [INFO] Scheduled broadcasts job initialized (every 5 minutes)
[2026-04-29T08:36:01.365Z] [INFO] All cron jobs initialized:
[2026-04-29T08:36:01.365Z] [INFO]   - Plan transition: Daily at 2:00 AM
[2026-04-29T08:36:01.345Z] [INFO] Plan transition job scheduled (daily at 2:00 AM)
[2026-04-29T08:36:01.365Z] [INFO]   - Inventory expiry checks + alerts: Daily at 6:00 AM
[2026-04-29T08:36:01.365Z] [INFO]   - Subscription lifecycle + emails: Every hour
[2026-04-29T08:36:01.365Z] [INFO]   - Payment status sync: Daily at 1:00 AM
[2026-04-29T08:36:01.365Z] [INFO]   - Reminder emails (7d/3d/final): Daily at 9:00 AM
[2026-04-29T08:36:01.365Z] [INFO]   - Pending users cleanup: Daily at 3:00 AM
[2026-04-29T08:36:01.365Z] [INFO]   - Scheduled broadcasts: Every 5 minutes
[2026-04-29T08:36:01.365Z] [INFO]   - OTP daily limits cleanup: Daily at 3:45 AM
[2026-04-29T08:36:01.365Z] [INFO]   - Session cleanup: Every hour
[2026-04-29T08:36:01.365Z] [INFO]   - Incomplete users cleanup: Daily at 3:15 AM
[2026-04-29T08:36:01.365Z] [INFO]   - Deletion logs cleanup: Daily at 3:30 AM
[2026-04-29T08:36:06.333Z] [INFO] Initializing cron jobs...
[2026-04-29T08:36:06.334Z] [INFO] Instance ID: CHKTHN-LOQ-29260-3a7d8a21
[2026-04-29T08:36:06.339Z] [INFO] [Email Cron] Email broadcast worker initialized (every 1 minute)
[2026-04-29T08:36:06.340Z] [INFO] [File Cleanup] Email attachment cleanup worker initialized (daily at 4:00 AM)
[2026-04-29T08:36:06.334Z] [INFO] Distributed locking: ENABLED
[2026-04-29T08:36:06.340Z] [INFO] Email broadcast worker: Every 1 minute
[2026-04-29T08:36:06.340Z] [INFO] Email file cleanup: Daily at 4:00 AM
[2026-04-29T08:36:06.342Z] [INFO] Plan transition job scheduled (daily at 2:00 AM)
[2026-04-29T08:36:06.344Z] [INFO] Subscription lifecycle job scheduled (every hour)
[2026-04-29T08:36:06.346Z] [INFO] Payment status sync job scheduled (daily at 1:00 AM)
[2026-04-29T08:36:06.347Z] [INFO] Reminder job scheduled (daily at 9:00 AM)
[2026-04-29T08:36:06.349Z] [INFO] Inventory expiry job scheduled (daily at 6:00 AM)
[2026-04-29T08:36:06.351Z] [INFO] Scheduled broadcasts job initialized (every 5 minutes)
[2026-04-29T08:36:06.360Z] [INFO] All cron jobs initialized:
[2026-04-29T08:36:06.360Z] [INFO]   - Plan transition: Daily at 2:00 AM
[2026-04-29T08:36:06.360Z] [INFO]   - Inventory expiry checks + alerts: Daily at 6:00 AM
[2026-04-29T08:36:06.360Z] [INFO]   - Subscription lifecycle + emails: Every hour
[2026-04-29T08:36:06.360Z] [INFO]   - Payment status sync: Daily at 1:00 AM
[2026-04-29T08:36:06.360Z] [INFO]   - Reminder emails (7d/3d/final): Daily at 9:00 AM
[2026-04-29T08:36:06.360Z] [INFO]   - Pending users cleanup: Daily at 3:00 AM
[2026-04-29T08:36:06.360Z] [INFO]   - Session cleanup: Every hour
[2026-04-29T08:36:06.360Z] [INFO]   - Deletion logs cleanup: Daily at 3:30 AM
[2026-04-29T08:36:06.360Z] [INFO]   - Scheduled broadcasts: Every 5 minutes
[2026-04-29T08:36:06.360Z] [INFO]   - OTP daily limits cleanup: Daily at 3:45 AM
[2026-04-29T08:36:06.360Z] [INFO]   - Incomplete users cleanup: Daily at 3:15 AM
[2026-04-29T08:36:07.953Z] [INFO] Initializing cron jobs...
[2026-04-29T08:36:07.953Z] [INFO] Distributed locking: ENABLED
[2026-04-29T08:36:07.953Z] [INFO] Instance ID: CHKTHN-LOQ-29460-e4d2e7f5
[2026-04-29T08:36:07.959Z] [INFO] Email broadcast worker: Every 1 minute
[2026-04-29T08:36:07.960Z] [INFO] Email file cleanup: Daily at 4:00 AM
[2026-04-29T08:36:07.961Z] [INFO] Plan transition job scheduled (daily at 2:00 AM)
[2026-04-29T08:36:07.963Z] [INFO] Subscription lifecycle job scheduled (every hour)
[2026-04-29T08:36:07.959Z] [INFO] [File Cleanup] Email attachment cleanup worker initialized (daily at 4:00 AM)
[2026-04-29T08:36:07.958Z] [INFO] [Email Cron] Email broadcast worker initialized (every 1 minute)
[2026-04-29T08:36:07.965Z] [INFO] Payment status sync job scheduled (daily at 1:00 AM)
[2026-04-29T08:36:07.967Z] [INFO] Reminder job scheduled (daily at 9:00 AM)
[2026-04-29T08:36:07.968Z] [INFO] Inventory expiry job scheduled (daily at 6:00 AM)
[2026-04-29T08:36:07.970Z] [INFO] Scheduled broadcasts job initialized (every 5 minutes)
[2026-04-29T08:36:07.979Z] [INFO] All cron jobs initialized:
[2026-04-29T08:36:07.979Z] [INFO]   - Plan transition: Daily at 2:00 AM
[2026-04-29T08:36:07.979Z] [INFO]   - Session cleanup: Every hour
[2026-04-29T08:36:07.979Z] [INFO]   - Subscription lifecycle + emails: Every hour
[2026-04-29T08:36:07.979Z] [INFO]   - Payment status sync: Daily at 1:00 AM
[2026-04-29T08:36:07.979Z] [INFO]   - Inventory expiry checks + alerts: Daily at 6:00 AM
[2026-04-29T08:36:07.979Z] [INFO]   - Pending users cleanup: Daily at 3:00 AM
[2026-04-29T08:36:07.979Z] [INFO]   - Reminder emails (7d/3d/final): Daily at 9:00 AM
[2026-04-29T08:36:07.979Z] [INFO]   - Deletion logs cleanup: Daily at 3:30 AM
[2026-04-29T08:36:07.979Z] [INFO]   - Incomplete users cleanup: Daily at 3:15 AM
[2026-04-29T08:36:07.979Z] [INFO]   - Scheduled broadcasts: Every 5 minutes
[2026-04-29T08:36:07.979Z] [INFO]   - OTP daily limits cleanup: Daily at 3:45 AM
[2026-04-29T08:40:00.025Z] [INFO] Checking for scheduled broadcasts...
[2026-04-29T08:40:00.030Z] [INFO] No scheduled broadcasts due for sending
[2026-04-29T08:44:48.378Z] [INFO] Initializing cron jobs...
[2026-04-29T08:44:48.379Z] [INFO] Instance ID: CHKTHN-LOQ-26560-0d678d0a
[2026-04-29T08:44:48.379Z] [INFO] Distributed locking: ENABLED
[2026-04-29T08:44:48.383Z] [INFO] [Email Cron] Email broadcast worker initialized (every 1 minute)
[2026-04-29T08:44:48.385Z] [INFO] Email broadcast worker: Every 1 minute
[2026-04-29T08:44:48.385Z] [INFO] Email file cleanup: Daily at 4:00 AM
[2026-04-29T08:44:48.385Z] [INFO] [File Cleanup] Email attachment cleanup worker initialized (daily at 4:00 AM)
[2026-04-29T08:44:48.391Z] [INFO] Subscription lifecycle job scheduled (every hour)
[2026-04-29T08:44:48.389Z] [INFO] Plan transition job scheduled (daily at 2:00 AM)
[2026-04-29T08:44:48.395Z] [INFO] Payment status sync job scheduled (daily at 1:00 AM)
[2026-04-29T08:44:48.398Z] [INFO] Reminder job scheduled (daily at 9:00 AM)
[2026-04-29T08:44:48.401Z] [INFO] Inventory expiry job scheduled (daily at 6:00 AM)
[2026-04-29T08:44:48.403Z] [INFO] Scheduled broadcasts job initialized (every 5 minutes)
[2026-04-29T08:44:48.413Z] [INFO] All cron jobs initialized:
[2026-04-29T08:44:48.413Z] [INFO]   - Plan transition: Daily at 2:00 AM
[2026-04-29T08:44:48.414Z] [INFO]   - Payment status sync: Daily at 1:00 AM
[2026-04-29T08:44:48.413Z] [INFO]   - Subscription lifecycle + emails: Every hour
[2026-04-29T08:44:48.414Z] [INFO]   - Inventory expiry checks + alerts: Daily at 6:00 AM
[2026-04-29T08:44:48.414Z] [INFO]   - Pending users cleanup: Daily at 3:00 AM
[2026-04-29T08:44:48.413Z] [INFO]   - Session cleanup: Every hour
[2026-04-29T08:44:48.414Z] [INFO]   - Deletion logs cleanup: Daily at 3:30 AM
[2026-04-29T08:44:48.414Z] [INFO]   - Reminder emails (7d/3d/final): Daily at 9:00 AM
[2026-04-29T08:44:48.414Z] [INFO]   - Scheduled broadcasts: Every 5 minutes
[2026-04-29T08:44:48.414Z] [INFO]   - Incomplete users cleanup: Daily at 3:15 AM
[2026-04-29T08:44:48.414Z] [INFO]   - OTP daily limits cleanup: Daily at 3:45 AM
[2026-04-29T08:44:58.016Z] [INFO] Initializing cron jobs...
[2026-04-29T08:44:58.016Z] [INFO] Instance ID: CHKTHN-LOQ-27728-046b2b62
[2026-04-29T08:44:58.016Z] [INFO] Distributed locking: ENABLED
[2026-04-29T08:44:58.023Z] [INFO] [File Cleanup] Email attachment cleanup worker initialized (daily at 4:00 AM)
[2026-04-29T08:44:58.021Z] [INFO] [Email Cron] Email broadcast worker initialized (every 1 minute)
[2026-04-29T08:44:58.025Z] [INFO] Plan transition job scheduled (daily at 2:00 AM)
[2026-04-29T08:44:58.027Z] [INFO] Subscription lifecycle job scheduled (every hour)
[2026-04-29T08:44:58.023Z] [INFO] Email broadcast worker: Every 1 minute
[2026-04-29T08:44:58.023Z] [INFO] Email file cleanup: Daily at 4:00 AM
[2026-04-29T08:44:58.029Z] [INFO] Payment status sync job scheduled (daily at 1:00 AM)
[2026-04-29T08:44:58.031Z] [INFO] Reminder job scheduled (daily at 9:00 AM)
[2026-04-29T08:44:58.033Z] [INFO] Inventory expiry job scheduled (daily at 6:00 AM)
[2026-04-29T08:44:58.034Z] [INFO] Scheduled broadcasts job initialized (every 5 minutes)
[2026-04-29T08:44:58.043Z] [INFO]   - Session cleanup: Every hour
[2026-04-29T08:44:58.043Z] [INFO] All cron jobs initialized:
[2026-04-29T08:44:58.043Z] [INFO]   - Plan transition: Daily at 2:00 AM
[2026-04-29T08:44:58.043Z] [INFO]   - Subscription lifecycle + emails: Every hour
[2026-04-29T08:44:58.043Z] [INFO]   - Payment status sync: Daily at 1:00 AM
[2026-04-29T08:44:58.043Z] [INFO]   - Inventory expiry checks + alerts: Daily at 6:00 AM
[2026-04-29T08:44:58.043Z] [INFO]   - Reminder emails (7d/3d/final): Daily at 9:00 AM
[2026-04-29T08:44:58.043Z] [INFO]   - Incomplete users cleanup: Daily at 3:15 AM
[2026-04-29T08:44:58.043Z] [INFO]   - Pending users cleanup: Daily at 3:00 AM
[2026-04-29T08:44:58.043Z] [INFO]   - Scheduled broadcasts: Every 5 minutes
[2026-04-29T08:44:58.043Z] [INFO]   - OTP daily limits cleanup: Daily at 3:45 AM
[2026-04-29T08:44:58.043Z] [INFO]   - Deletion logs cleanup: Daily at 3:30 AM
[2026-04-29T08:45:00.091Z] [INFO] Checking for scheduled broadcasts...
[2026-04-29T08:45:00.097Z] [INFO] No scheduled broadcasts due for sending
[2026-04-29T08:50:00.041Z] [INFO] Checking for scheduled broadcasts...
[2026-04-29T08:50:00.052Z] [INFO] No scheduled broadcasts due for sending
[2026-04-29T08:55:00.038Z] [INFO] Checking for scheduled broadcasts...
[2026-04-29T08:55:00.046Z] [INFO] No scheduled broadcasts due for sending
[2026-04-29T09:00:00.056Z] [INFO] Checking for scheduled broadcasts...
[2026-04-29T09:00:00.065Z] [INFO] No scheduled broadcasts due for sending
[2026-04-29T09:05:00.103Z] [INFO] Checking for scheduled broadcasts...
[2026-04-29T09:05:00.115Z] [INFO] No scheduled broadcasts due for sending
[2026-04-29T09:10:00.024Z] [INFO] Checking for scheduled broadcasts...
[2026-04-29T09:10:00.028Z] [INFO] No scheduled broadcasts due for sending
[2026-04-29T09:15:00.102Z] [INFO] Checking for scheduled broadcasts...
[2026-04-29T09:15:00.115Z] [INFO] No scheduled broadcasts due for sending
[2026-04-29T09:20:00.063Z] [INFO] Checking for scheduled broadcasts...
[2026-04-29T09:20:00.069Z] [INFO] No scheduled broadcasts due for sending
