[2026-04-21T06:00:43.334Z] [INFO] Initializing cron jobs...
[2026-04-21T06:00:43.334Z] [INFO] Distributed locking: ENABLED
[2026-04-21T06:00:43.334Z] [INFO] Instance ID: CHKTHN-LOQ-26672-7bb6b9b4
[2026-04-21T06:00:43.344Z] [INFO] [File Cleanup] Email attachment cleanup worker initialized (daily at 4:00 AM)
[2026-04-21T06:00:43.345Z] [INFO] Email broadcast worker: Every 1 minute
[2026-04-21T06:00:43.341Z] [INFO] [Email Cron] Email broadcast worker initialized (every 1 minute)
[2026-04-21T06:00:43.347Z] [INFO] Plan transition job scheduled (daily at 2:00 AM)
[2026-04-21T06:00:43.353Z] [INFO] Payment status sync job scheduled (daily at 1:00 AM)
[2026-04-21T06:00:43.350Z] [INFO] Subscription lifecycle job scheduled (every hour)
[2026-04-21T06:00:43.357Z] [INFO] Inventory expiry job scheduled (daily at 6:00 AM)
[2026-04-21T06:00:43.345Z] [INFO] Email file cleanup: Daily at 4:00 AM
[2026-04-21T06:00:43.358Z] [INFO] Scheduled broadcasts job initialized (every 5 minutes)
[2026-04-21T06:00:43.355Z] [INFO] Reminder job scheduled (daily at 9:00 AM)
[2026-04-21T06:00:43.367Z] [INFO]   - Session cleanup: Every hour
[2026-04-21T06:00:43.367Z] [INFO]   - Subscription lifecycle + emails: Every hour
[2026-04-21T06:00:43.367Z] [INFO] All cron jobs initialized:
[2026-04-21T06:00:43.367Z] [INFO]   - Plan transition: Daily at 2:00 AM
[2026-04-21T06:00:43.367Z] [INFO]   - Payment status sync: Daily at 1:00 AM
[2026-04-21T06:00:43.367Z] [INFO]   - Inventory expiry checks + alerts: Daily at 6:00 AM
[2026-04-21T06:00:43.367Z] [INFO]   - Incomplete users cleanup: Daily at 3:15 AM
[2026-04-21T06:00:43.367Z] [INFO]   - Pending users cleanup: Daily at 3:00 AM
[2026-04-21T06:00:43.367Z] [INFO]   - Reminder emails (7d/3d/final): Daily at 9:00 AM
[2026-04-21T06:00:43.367Z] [INFO]   - Deletion logs cleanup: Daily at 3:30 AM
[2026-04-21T06:00:43.367Z] [INFO]   - OTP daily limits cleanup: Daily at 3:45 AM
[2026-04-21T06:00:43.367Z] [INFO]   - Scheduled broadcasts: Every 5 minutes
[2026-04-21T06:05:00.020Z] [INFO] Checking for scheduled broadcasts...
[2026-04-21T06:05:00.033Z] [INFO] No scheduled broadcasts due for sending
[2026-04-21T06:05:46.325Z] [INFO] Instance ID: CHKTHN-LOQ-4160-f13e1bde
[2026-04-21T06:05:46.325Z] [INFO] Distributed locking: ENABLED
[2026-04-21T06:05:46.332Z] [INFO] [File Cleanup] Email attachment cleanup worker initialized (daily at 4:00 AM)
[2026-04-21T06:05:46.325Z] [INFO] Initializing cron jobs...
[2026-04-21T06:05:46.332Z] [INFO] Email broadcast worker: Every 1 minute
[2026-04-21T06:05:46.332Z] [INFO] Email file cleanup: Daily at 4:00 AM
[2026-04-21T06:05:46.330Z] [INFO] [Email Cron] Email broadcast worker initialized (every 1 minute)
[2026-04-21T06:05:46.335Z] [INFO] Plan transition job scheduled (daily at 2:00 AM)
[2026-04-21T06:05:46.337Z] [INFO] Subscription lifecycle job scheduled (every hour)
[2026-04-21T06:05:46.344Z] [INFO] Scheduled broadcasts job initialized (every 5 minutes)
[2026-04-21T06:05:46.338Z] [INFO] Payment status sync job scheduled (daily at 1:00 AM)
[2026-04-21T06:05:46.342Z] [INFO] Inventory expiry job scheduled (daily at 6:00 AM)
[2026-04-21T06:05:46.340Z] [INFO] Reminder job scheduled (daily at 9:00 AM)
[2026-04-21T06:05:46.351Z] [INFO]   - Session cleanup: Every hour
[2026-04-21T06:05:46.351Z] [INFO]   - Plan transition: Daily at 2:00 AM
[2026-04-21T06:05:46.351Z] [INFO]   - Subscription lifecycle + emails: Every hour
[2026-04-21T06:05:46.351Z] [INFO]   - Payment status sync: Daily at 1:00 AM
[2026-04-21T06:05:46.351Z] [INFO]   - Inventory expiry checks + alerts: Daily at 6:00 AM
[2026-04-21T06:05:46.351Z] [INFO]   - Deletion logs cleanup: Daily at 3:30 AM
[2026-04-21T06:05:46.351Z] [INFO]   - Pending users cleanup: Daily at 3:00 AM
[2026-04-21T06:05:46.351Z] [INFO]   - Reminder emails (7d/3d/final): Daily at 9:00 AM
[2026-04-21T06:05:46.351Z] [INFO]   - Scheduled broadcasts: Every 5 minutes
[2026-04-21T06:05:46.351Z] [INFO] All cron jobs initialized:
[2026-04-21T06:05:46.351Z] [INFO]   - OTP daily limits cleanup: Daily at 3:45 AM
[2026-04-21T06:05:46.351Z] [INFO]   - Incomplete users cleanup: Daily at 3:15 AM
[2026-04-21T06:06:01.952Z] [INFO] Initializing cron jobs...
[2026-04-21T06:06:01.953Z] [INFO] Instance ID: CHKTHN-LOQ-18688-c3914964
[2026-04-21T06:06:01.959Z] [INFO] Email broadcast worker: Every 1 minute
[2026-04-21T06:06:01.953Z] [INFO] Distributed locking: ENABLED
[2026-04-21T06:06:01.959Z] [INFO] [File Cleanup] Email attachment cleanup worker initialized (daily at 4:00 AM)
[2026-04-21T06:06:01.962Z] [INFO] Subscription lifecycle job scheduled (every hour)
[2026-04-21T06:06:01.957Z] [INFO] [Email Cron] Email broadcast worker initialized (every 1 minute)
[2026-04-21T06:06:01.961Z] [INFO] Plan transition job scheduled (daily at 2:00 AM)
[2026-04-21T06:06:01.964Z] [INFO] Payment status sync job scheduled (daily at 1:00 AM)
[2026-04-21T06:06:01.967Z] [INFO] Inventory expiry job scheduled (daily at 6:00 AM)
[2026-04-21T06:06:01.965Z] [INFO] Reminder job scheduled (daily at 9:00 AM)
[2026-04-21T06:06:01.968Z] [INFO] Scheduled broadcasts job initialized (every 5 minutes)
[2026-04-21T06:06:01.959Z] [INFO] Email file cleanup: Daily at 4:00 AM
[2026-04-21T06:06:01.975Z] [INFO] All cron jobs initialized:
[2026-04-21T06:06:01.975Z] [INFO]   - Session cleanup: Every hour
[2026-04-21T06:06:01.975Z] [INFO]   - Plan transition: Daily at 2:00 AM
[2026-04-21T06:06:01.975Z] [INFO]   - Subscription lifecycle + emails: Every hour
[2026-04-21T06:06:01.975Z] [INFO]   - Reminder emails (7d/3d/final): Daily at 9:00 AM
[2026-04-21T06:06:01.975Z] [INFO]   - Inventory expiry checks + alerts: Daily at 6:00 AM
[2026-04-21T06:06:01.975Z] [INFO]   - Pending users cleanup: Daily at 3:00 AM
[2026-04-21T06:06:01.975Z] [INFO]   - Incomplete users cleanup: Daily at 3:15 AM
[2026-04-21T06:06:01.975Z] [INFO]   - Payment status sync: Daily at 1:00 AM
[2026-04-21T06:06:01.975Z] [INFO]   - OTP daily limits cleanup: Daily at 3:45 AM
[2026-04-21T06:06:01.975Z] [INFO]   - Deletion logs cleanup: Daily at 3:30 AM
[2026-04-21T06:06:01.975Z] [INFO]   - Scheduled broadcasts: Every 5 minutes
[2026-04-21T06:06:13.664Z] [INFO] Initializing cron jobs...
[2026-04-21T06:06:13.664Z] [INFO] Instance ID: CHKTHN-LOQ-27252-85cd5b91
[2026-04-21T06:06:13.664Z] [INFO] Distributed locking: ENABLED
[2026-04-21T06:06:13.669Z] [INFO] [Email Cron] Email broadcast worker initialized (every 1 minute)
[2026-04-21T06:06:13.672Z] [INFO] [File Cleanup] Email attachment cleanup worker initialized (daily at 4:00 AM)
[2026-04-21T06:06:13.672Z] [INFO] Email file cleanup: Daily at 4:00 AM
[2026-04-21T06:06:13.672Z] [INFO] Email broadcast worker: Every 1 minute
[2026-04-21T06:06:13.674Z] [INFO] Plan transition job scheduled (daily at 2:00 AM)
[2026-04-21T06:06:13.676Z] [INFO] Subscription lifecycle job scheduled (every hour)
[2026-04-21T06:06:13.678Z] [INFO] Payment status sync job scheduled (daily at 1:00 AM)
[2026-04-21T06:06:13.680Z] [INFO] Reminder job scheduled (daily at 9:00 AM)
[2026-04-21T06:06:13.681Z] [INFO] Inventory expiry job scheduled (daily at 6:00 AM)
[2026-04-21T06:06:13.683Z] [INFO] Scheduled broadcasts job initialized (every 5 minutes)
[2026-04-21T06:06:13.690Z] [INFO]   - Plan transition: Daily at 2:00 AM
[2026-04-21T06:06:13.690Z] [INFO]   - Subscription lifecycle + emails: Every hour
[2026-04-21T06:06:13.690Z] [INFO]   - Inventory expiry checks + alerts: Daily at 6:00 AM
[2026-04-21T06:06:13.690Z] [INFO]   - Session cleanup: Every hour
[2026-04-21T06:06:13.690Z] [INFO]   - Reminder emails (7d/3d/final): Daily at 9:00 AM
[2026-04-21T06:06:13.690Z] [INFO] All cron jobs initialized:
[2026-04-21T06:06:13.690Z] [INFO]   - Pending users cleanup: Daily at 3:00 AM
[2026-04-21T06:06:13.690Z] [INFO]   - Incomplete users cleanup: Daily at 3:15 AM
[2026-04-21T06:06:13.690Z] [INFO]   - Payment status sync: Daily at 1:00 AM
[2026-04-21T06:06:13.690Z] [INFO]   - Deletion logs cleanup: Daily at 3:30 AM
[2026-04-21T06:06:13.690Z] [INFO]   - Scheduled broadcasts: Every 5 minutes
[2026-04-21T06:06:13.690Z] [INFO]   - OTP daily limits cleanup: Daily at 3:45 AM
[2026-04-21T06:06:18.043Z] [INFO] Initializing cron jobs...
[2026-04-21T06:06:18.043Z] [INFO] Distributed locking: ENABLED
[2026-04-21T06:06:18.043Z] [INFO] Instance ID: CHKTHN-LOQ-3636-5a310360
[2026-04-21T06:06:18.047Z] [INFO] [Email Cron] Email broadcast worker initialized (every 1 minute)
[2026-04-21T06:06:18.050Z] [INFO] [File Cleanup] Email attachment cleanup worker initialized (daily at 4:00 AM)
[2026-04-21T06:06:18.050Z] [INFO] Email file cleanup: Daily at 4:00 AM
[2026-04-21T06:06:18.050Z] [INFO] Email broadcast worker: Every 1 minute
[2026-04-21T06:06:18.052Z] [INFO] Plan transition job scheduled (daily at 2:00 AM)
[2026-04-21T06:06:18.053Z] [INFO] Subscription lifecycle job scheduled (every hour)
[2026-04-21T06:06:18.055Z] [INFO] Payment status sync job scheduled (daily at 1:00 AM)
[2026-04-21T06:06:18.056Z] [INFO] Reminder job scheduled (daily at 9:00 AM)
[2026-04-21T06:06:18.058Z] [INFO] Inventory expiry job scheduled (daily at 6:00 AM)
[2026-04-21T06:06:18.059Z] [INFO] Scheduled broadcasts job initialized (every 5 minutes)
[2026-04-21T06:06:18.065Z] [INFO] All cron jobs initialized:
[2026-04-21T06:06:18.065Z] [INFO]   - Session cleanup: Every hour
[2026-04-21T06:06:18.065Z] [INFO]   - Plan transition: Daily at 2:00 AM
[2026-04-21T06:06:18.065Z] [INFO]   - Subscription lifecycle + emails: Every hour
[2026-04-21T06:06:18.065Z] [INFO]   - Payment status sync: Daily at 1:00 AM
[2026-04-21T06:06:18.065Z] [INFO]   - Inventory expiry checks + alerts: Daily at 6:00 AM
[2026-04-21T06:06:18.065Z] [INFO]   - Pending users cleanup: Daily at 3:00 AM
[2026-04-21T06:06:18.065Z] [INFO]   - Reminder emails (7d/3d/final): Daily at 9:00 AM
[2026-04-21T06:06:18.065Z] [INFO]   - Incomplete users cleanup: Daily at 3:15 AM
[2026-04-21T06:06:18.066Z] [INFO]   - Scheduled broadcasts: Every 5 minutes
[2026-04-21T06:06:18.066Z] [INFO]   - Deletion logs cleanup: Daily at 3:30 AM
[2026-04-21T06:06:18.066Z] [INFO]   - OTP daily limits cleanup: Daily at 3:45 AM
[2026-04-21T06:06:19.898Z] [INFO] Initializing cron jobs...
[2026-04-21T06:06:19.898Z] [INFO] Instance ID: CHKTHN-LOQ-15692-26cd4248
[2026-04-21T06:06:19.898Z] [INFO] Distributed locking: ENABLED
[2026-04-21T06:06:19.903Z] [INFO] [Email Cron] Email broadcast worker initialized (every 1 minute)
[2026-04-21T06:06:19.905Z] [INFO] Email broadcast worker: Every 1 minute
[2026-04-21T06:06:19.905Z] [INFO] Email file cleanup: Daily at 4:00 AM
[2026-04-21T06:06:19.905Z] [INFO] [File Cleanup] Email attachment cleanup worker initialized (daily at 4:00 AM)
[2026-04-21T06:06:19.907Z] [INFO] Plan transition job scheduled (daily at 2:00 AM)
[2026-04-21T06:06:19.909Z] [INFO] Subscription lifecycle job scheduled (every hour)
[2026-04-21T06:06:19.911Z] [INFO] Payment status sync job scheduled (daily at 1:00 AM)
[2026-04-21T06:06:19.914Z] [INFO] Reminder job scheduled (daily at 9:00 AM)
[2026-04-21T06:06:19.916Z] [INFO] Inventory expiry job scheduled (daily at 6:00 AM)
[2026-04-21T06:06:19.919Z] [INFO] Scheduled broadcasts job initialized (every 5 minutes)
[2026-04-21T06:06:19.928Z] [INFO] All cron jobs initialized:
[2026-04-21T06:06:19.928Z] [INFO]   - Session cleanup: Every hour
[2026-04-21T06:06:19.928Z] [INFO]   - Plan transition: Daily at 2:00 AM
[2026-04-21T06:06:19.928Z] [INFO]   - Subscription lifecycle + emails: Every hour
[2026-04-21T06:06:19.928Z] [INFO]   - Payment status sync: Daily at 1:00 AM
[2026-04-21T06:06:19.928Z] [INFO]   - Inventory expiry checks + alerts: Daily at 6:00 AM
[2026-04-21T06:06:19.928Z] [INFO]   - Reminder emails (7d/3d/final): Daily at 9:00 AM
[2026-04-21T06:06:19.928Z] [INFO]   - Pending users cleanup: Daily at 3:00 AM
[2026-04-21T06:06:19.928Z] [INFO]   - Incomplete users cleanup: Daily at 3:15 AM
[2026-04-21T06:06:19.928Z] [INFO]   - Deletion logs cleanup: Daily at 3:30 AM
[2026-04-21T06:06:19.928Z] [INFO]   - Scheduled broadcasts: Every 5 minutes
[2026-04-21T06:06:19.928Z] [INFO]   - OTP daily limits cleanup: Daily at 3:45 AM
[2026-04-21T06:06:27.093Z] [INFO] Initializing cron jobs...
[2026-04-21T06:06:27.093Z] [INFO] Instance ID: CHKTHN-LOQ-16348-e5f2857f
[2026-04-21T06:06:27.093Z] [INFO] Distributed locking: ENABLED
[2026-04-21T06:06:27.099Z] [INFO] [Email Cron] Email broadcast worker initialized (every 1 minute)
[2026-04-21T06:06:27.101Z] [INFO] [File Cleanup] Email attachment cleanup worker initialized (daily at 4:00 AM)
[2026-04-21T06:06:27.101Z] [INFO] Email file cleanup: Daily at 4:00 AM
[2026-04-21T06:06:27.101Z] [INFO] Email broadcast worker: Every 1 minute
[2026-04-21T06:06:27.105Z] [INFO] Subscription lifecycle job scheduled (every hour)
[2026-04-21T06:06:27.107Z] [INFO] Payment status sync job scheduled (daily at 1:00 AM)
[2026-04-21T06:06:27.110Z] [INFO] Inventory expiry job scheduled (daily at 6:00 AM)
[2026-04-21T06:06:27.103Z] [INFO] Plan transition job scheduled (daily at 2:00 AM)
[2026-04-21T06:06:27.111Z] [INFO] Scheduled broadcasts job initialized (every 5 minutes)
[2026-04-21T06:06:27.118Z] [INFO]   - Plan transition: Daily at 2:00 AM
[2026-04-21T06:06:27.108Z] [INFO] Reminder job scheduled (daily at 9:00 AM)
[2026-04-21T06:06:27.118Z] [INFO]   - Session cleanup: Every hour
[2026-04-21T06:06:27.118Z] [INFO]   - Inventory expiry checks + alerts: Daily at 6:00 AM
[2026-04-21T06:06:27.118Z] [INFO] All cron jobs initialized:
[2026-04-21T06:06:27.118Z] [INFO]   - Payment status sync: Daily at 1:00 AM
[2026-04-21T06:06:27.118Z] [INFO]   - Subscription lifecycle + emails: Every hour
[2026-04-21T06:06:27.118Z] [INFO]   - Reminder emails (7d/3d/final): Daily at 9:00 AM
[2026-04-21T06:06:27.118Z] [INFO]   - Deletion logs cleanup: Daily at 3:30 AM
[2026-04-21T06:06:27.118Z] [INFO]   - Incomplete users cleanup: Daily at 3:15 AM
[2026-04-21T06:06:27.118Z] [INFO]   - Scheduled broadcasts: Every 5 minutes
[2026-04-21T06:06:27.118Z] [INFO]   - OTP daily limits cleanup: Daily at 3:45 AM
[2026-04-21T06:06:27.118Z] [INFO]   - Pending users cleanup: Daily at 3:00 AM
[2026-04-21T06:06:42.486Z] [INFO] Initializing cron jobs...
[2026-04-21T06:06:42.486Z] [INFO] Distributed locking: ENABLED
[2026-04-21T06:06:42.486Z] [INFO] Instance ID: CHKTHN-LOQ-7820-0af63cd5
[2026-04-21T06:06:42.490Z] [INFO] [Email Cron] Email broadcast worker initialized (every 1 minute)
[2026-04-21T06:06:42.493Z] [INFO] Email file cleanup: Daily at 4:00 AM
[2026-04-21T06:06:42.493Z] [INFO] Email broadcast worker: Every 1 minute
[2026-04-21T06:06:42.493Z] [INFO] [File Cleanup] Email attachment cleanup worker initialized (daily at 4:00 AM)
[2026-04-21T06:06:42.495Z] [INFO] Plan transition job scheduled (daily at 2:00 AM)
[2026-04-21T06:06:42.498Z] [INFO] Payment status sync job scheduled (daily at 1:00 AM)
[2026-04-21T06:06:42.496Z] [INFO] Subscription lifecycle job scheduled (every hour)
[2026-04-21T06:06:42.500Z] [INFO] Reminder job scheduled (daily at 9:00 AM)
[2026-04-21T06:06:42.502Z] [INFO] Inventory expiry job scheduled (daily at 6:00 AM)
[2026-04-21T06:06:42.504Z] [INFO] Scheduled broadcasts job initialized (every 5 minutes)
[2026-04-21T06:06:42.510Z] [INFO] All cron jobs initialized:
[2026-04-21T06:06:42.510Z] [INFO]   - Plan transition: Daily at 2:00 AM
[2026-04-21T06:06:42.510Z] [INFO]   - Subscription lifecycle + emails: Every hour
[2026-04-21T06:06:42.510Z] [INFO]   - Session cleanup: Every hour
[2026-04-21T06:06:42.510Z] [INFO]   - Payment status sync: Daily at 1:00 AM
[2026-04-21T06:06:42.510Z] [INFO]   - Inventory expiry checks + alerts: Daily at 6:00 AM
[2026-04-21T06:06:42.510Z] [INFO]   - Reminder emails (7d/3d/final): Daily at 9:00 AM
[2026-04-21T06:06:42.510Z] [INFO]   - Incomplete users cleanup: Daily at 3:15 AM
[2026-04-21T06:06:42.510Z] [INFO]   - Pending users cleanup: Daily at 3:00 AM
[2026-04-21T06:06:42.510Z] [INFO]   - Scheduled broadcasts: Every 5 minutes
[2026-04-21T06:06:42.510Z] [INFO]   - OTP daily limits cleanup: Daily at 3:45 AM
[2026-04-21T06:06:42.510Z] [INFO]   - Deletion logs cleanup: Daily at 3:30 AM
[2026-04-21T06:07:39.490Z] [INFO] Initializing cron jobs...
[2026-04-21T06:07:39.490Z] [INFO] Distributed locking: ENABLED
[2026-04-21T06:07:39.490Z] [INFO] Instance ID: CHKTHN-LOQ-14684-b705c0d1
[2026-04-21T06:07:39.494Z] [INFO] [Email Cron] Email broadcast worker initialized (every 1 minute)
[2026-04-21T06:07:39.496Z] [INFO] Email file cleanup: Daily at 4:00 AM
[2026-04-21T06:07:39.496Z] [INFO] [File Cleanup] Email attachment cleanup worker initialized (daily at 4:00 AM)
[2026-04-21T06:07:39.498Z] [INFO] Plan transition job scheduled (daily at 2:00 AM)
[2026-04-21T06:07:39.496Z] [INFO] Email broadcast worker: Every 1 minute
[2026-04-21T06:07:39.501Z] [INFO] Payment status sync job scheduled (daily at 1:00 AM)
[2026-04-21T06:07:39.503Z] [INFO] Reminder job scheduled (daily at 9:00 AM)
[2026-04-21T06:07:39.505Z] [INFO] Inventory expiry job scheduled (daily at 6:00 AM)
[2026-04-21T06:07:39.506Z] [INFO] Scheduled broadcasts job initialized (every 5 minutes)
[2026-04-21T06:07:39.500Z] [INFO] Subscription lifecycle job scheduled (every hour)
[2026-04-21T06:07:39.513Z] [INFO] All cron jobs initialized:
[2026-04-21T06:07:39.513Z] [INFO]   - Plan transition: Daily at 2:00 AM
[2026-04-21T06:07:39.513Z] [INFO]   - Session cleanup: Every hour
[2026-04-21T06:07:39.513Z] [INFO]   - Subscription lifecycle + emails: Every hour
[2026-04-21T06:07:39.513Z] [INFO]   - Payment status sync: Daily at 1:00 AM
[2026-04-21T06:07:39.513Z] [INFO]   - Reminder emails (7d/3d/final): Daily at 9:00 AM
[2026-04-21T06:07:39.513Z] [INFO]   - Inventory expiry checks + alerts: Daily at 6:00 AM
[2026-04-21T06:07:39.513Z] [INFO]   - Incomplete users cleanup: Daily at 3:15 AM
[2026-04-21T06:07:39.513Z] [INFO]   - Scheduled broadcasts: Every 5 minutes
[2026-04-21T06:07:39.513Z] [INFO]   - Deletion logs cleanup: Daily at 3:30 AM
[2026-04-21T06:07:39.514Z] [INFO]   - OTP daily limits cleanup: Daily at 3:45 AM
[2026-04-21T06:07:39.513Z] [INFO]   - Pending users cleanup: Daily at 3:00 AM
[2026-04-21T06:07:42.046Z] [INFO] Initializing cron jobs...
[2026-04-21T06:07:42.046Z] [INFO] Instance ID: CHKTHN-LOQ-24072-7bc0b5c5
[2026-04-21T06:07:42.046Z] [INFO] Distributed locking: ENABLED
[2026-04-21T06:07:42.054Z] [INFO] [File Cleanup] Email attachment cleanup worker initialized (daily at 4:00 AM)
[2026-04-21T06:07:42.051Z] [INFO] [Email Cron] Email broadcast worker initialized (every 1 minute)
[2026-04-21T06:07:42.054Z] [INFO] Email broadcast worker: Every 1 minute
[2026-04-21T06:07:42.057Z] [INFO] Plan transition job scheduled (daily at 2:00 AM)
[2026-04-21T06:07:42.059Z] [INFO] Subscription lifecycle job scheduled (every hour)
[2026-04-21T06:07:42.054Z] [INFO] Email file cleanup: Daily at 4:00 AM
[2026-04-21T06:07:42.061Z] [INFO] Payment status sync job scheduled (daily at 1:00 AM)
[2026-04-21T06:07:42.063Z] [INFO] Reminder job scheduled (daily at 9:00 AM)
[2026-04-21T06:07:42.067Z] [INFO] Inventory expiry job scheduled (daily at 6:00 AM)
[2026-04-21T06:07:42.068Z] [INFO] Scheduled broadcasts job initialized (every 5 minutes)
[2026-04-21T06:07:42.076Z] [INFO]   - Session cleanup: Every hour
[2026-04-21T06:07:42.076Z] [INFO] All cron jobs initialized:
[2026-04-21T06:07:42.076Z] [INFO]   - Plan transition: Daily at 2:00 AM
[2026-04-21T06:07:42.076Z] [INFO]   - Subscription lifecycle + emails: Every hour
[2026-04-21T06:07:42.076Z] [INFO]   - Inventory expiry checks + alerts: Daily at 6:00 AM
[2026-04-21T06:07:42.076Z] [INFO]   - Payment status sync: Daily at 1:00 AM
[2026-04-21T06:07:42.076Z] [INFO]   - Reminder emails (7d/3d/final): Daily at 9:00 AM
[2026-04-21T06:07:42.076Z] [INFO]   - Incomplete users cleanup: Daily at 3:15 AM
[2026-04-21T06:07:42.076Z] [INFO]   - Pending users cleanup: Daily at 3:00 AM
[2026-04-21T06:07:42.076Z] [INFO]   - Scheduled broadcasts: Every 5 minutes
[2026-04-21T06:07:42.076Z] [INFO]   - Deletion logs cleanup: Daily at 3:30 AM
[2026-04-21T06:07:42.076Z] [INFO]   - OTP daily limits cleanup: Daily at 3:45 AM
[2026-04-21T06:07:45.783Z] [INFO] Initializing cron jobs...
[2026-04-21T06:07:45.784Z] [INFO] Distributed locking: ENABLED
[2026-04-21T06:07:45.784Z] [INFO] Instance ID: CHKTHN-LOQ-19088-41878f70
[2026-04-21T06:07:45.789Z] [INFO] [Email Cron] Email broadcast worker initialized (every 1 minute)
[2026-04-21T06:07:45.791Z] [INFO] [File Cleanup] Email attachment cleanup worker initialized (daily at 4:00 AM)
[2026-04-21T06:07:45.791Z] [INFO] Email broadcast worker: Every 1 minute
[2026-04-21T06:07:45.791Z] [INFO] Email file cleanup: Daily at 4:00 AM
[2026-04-21T06:07:45.793Z] [INFO] Plan transition job scheduled (daily at 2:00 AM)
[2026-04-21T06:07:45.796Z] [INFO] Subscription lifecycle job scheduled (every hour)
[2026-04-21T06:07:45.798Z] [INFO] Payment status sync job scheduled (daily at 1:00 AM)
[2026-04-21T06:07:45.800Z] [INFO] Reminder job scheduled (daily at 9:00 AM)
[2026-04-21T06:07:45.802Z] [INFO] Inventory expiry job scheduled (daily at 6:00 AM)
[2026-04-21T06:07:45.803Z] [INFO] Scheduled broadcasts job initialized (every 5 minutes)
[2026-04-21T06:07:45.813Z] [INFO] All cron jobs initialized:
[2026-04-21T06:07:45.814Z] [INFO]   - Payment status sync: Daily at 1:00 AM
[2026-04-21T06:07:45.814Z] [INFO]   - Plan transition: Daily at 2:00 AM
[2026-04-21T06:07:45.814Z] [INFO]   - Session cleanup: Every hour
[2026-04-21T06:07:45.814Z] [INFO]   - Subscription lifecycle + emails: Every hour
[2026-04-21T06:07:45.814Z] [INFO]   - Reminder emails (7d/3d/final): Daily at 9:00 AM
[2026-04-21T06:07:45.814Z] [INFO]   - Inventory expiry checks + alerts: Daily at 6:00 AM
[2026-04-21T06:07:45.814Z] [INFO]   - Incomplete users cleanup: Daily at 3:15 AM
[2026-04-21T06:07:45.814Z] [INFO]   - Pending users cleanup: Daily at 3:00 AM
[2026-04-21T06:07:45.814Z] [INFO]   - Deletion logs cleanup: Daily at 3:30 AM
[2026-04-21T06:07:45.814Z] [INFO]   - OTP daily limits cleanup: Daily at 3:45 AM
[2026-04-21T06:07:45.814Z] [INFO]   - Scheduled broadcasts: Every 5 minutes
[2026-04-21T06:07:55.561Z] [INFO] Initializing cron jobs...
[2026-04-21T06:07:55.561Z] [INFO] Distributed locking: ENABLED
[2026-04-21T06:07:55.561Z] [INFO] Instance ID: CHKTHN-LOQ-19888-4617d6fa
[2026-04-21T06:07:55.565Z] [INFO] [Email Cron] Email broadcast worker initialized (every 1 minute)
[2026-04-21T06:07:55.569Z] [INFO] [File Cleanup] Email attachment cleanup worker initialized (daily at 4:00 AM)
[2026-04-21T06:07:55.569Z] [INFO] Email broadcast worker: Every 1 minute
[2026-04-21T06:07:55.573Z] [INFO] Subscription lifecycle job scheduled (every hour)
[2026-04-21T06:07:55.571Z] [INFO] Plan transition job scheduled (daily at 2:00 AM)
[2026-04-21T06:07:55.569Z] [INFO] Email file cleanup: Daily at 4:00 AM
[2026-04-21T06:07:55.578Z] [INFO] Reminder job scheduled (daily at 9:00 AM)
[2026-04-21T06:07:55.576Z] [INFO] Payment status sync job scheduled (daily at 1:00 AM)
[2026-04-21T06:07:55.580Z] [INFO] Inventory expiry job scheduled (daily at 6:00 AM)
[2026-04-21T06:07:55.582Z] [INFO] Scheduled broadcasts job initialized (every 5 minutes)
[2026-04-21T06:07:55.589Z] [INFO]   - Session cleanup: Every hour
[2026-04-21T06:07:55.589Z] [INFO]   - Subscription lifecycle + emails: Every hour
[2026-04-21T06:07:55.589Z] [INFO] All cron jobs initialized:
[2026-04-21T06:07:55.589Z] [INFO]   - Inventory expiry checks + alerts: Daily at 6:00 AM
[2026-04-21T06:07:55.589Z] [INFO]   - Payment status sync: Daily at 1:00 AM
[2026-04-21T06:07:55.589Z] [INFO]   - Pending users cleanup: Daily at 3:00 AM
[2026-04-21T06:07:55.589Z] [INFO]   - Reminder emails (7d/3d/final): Daily at 9:00 AM
[2026-04-21T06:07:55.589Z] [INFO]   - Incomplete users cleanup: Daily at 3:15 AM
[2026-04-21T06:07:55.589Z] [INFO]   - Scheduled broadcasts: Every 5 minutes
[2026-04-21T06:07:55.589Z] [INFO]   - Deletion logs cleanup: Daily at 3:30 AM
[2026-04-21T06:07:55.589Z] [INFO]   - OTP daily limits cleanup: Daily at 3:45 AM
[2026-04-21T06:07:55.589Z] [INFO]   - Plan transition: Daily at 2:00 AM
[2026-04-21T06:08:16.244Z] [INFO] Instance ID: CHKTHN-LOQ-8216-690c94de
[2026-04-21T06:08:16.244Z] [INFO] Distributed locking: ENABLED
[2026-04-21T06:08:16.250Z] [INFO] [Email Cron] Email broadcast worker initialized (every 1 minute)
[2026-04-21T06:08:16.244Z] [INFO] Initializing cron jobs...
[2026-04-21T06:08:16.252Z] [INFO] Email file cleanup: Daily at 4:00 AM
[2026-04-21T06:08:16.254Z] [INFO] Plan transition job scheduled (daily at 2:00 AM)
[2026-04-21T06:08:16.252Z] [INFO] [File Cleanup] Email attachment cleanup worker initialized (daily at 4:00 AM)
[2026-04-21T06:08:16.252Z] [INFO] Email broadcast worker: Every 1 minute
[2026-04-21T06:08:16.258Z] [INFO] Payment status sync job scheduled (daily at 1:00 AM)
[2026-04-21T06:08:16.259Z] [INFO] Reminder job scheduled (daily at 9:00 AM)
[2026-04-21T06:08:16.261Z] [INFO] Inventory expiry job scheduled (daily at 6:00 AM)
[2026-04-21T06:08:16.262Z] [INFO] Scheduled broadcasts job initialized (every 5 minutes)
[2026-04-21T06:08:16.270Z] [INFO]   - Plan transition: Daily at 2:00 AM
[2026-04-21T06:08:16.270Z] [INFO]   - Session cleanup: Every hour
[2026-04-21T06:08:16.270Z] [INFO] All cron jobs initialized:
[2026-04-21T06:08:16.270Z] [INFO]   - Payment status sync: Daily at 1:00 AM
[2026-04-21T06:08:16.270Z] [INFO]   - Reminder emails (7d/3d/final): Daily at 9:00 AM
[2026-04-21T06:08:16.270Z] [INFO]   - Subscription lifecycle + emails: Every hour
[2026-04-21T06:08:16.270Z] [INFO]   - Inventory expiry checks + alerts: Daily at 6:00 AM
[2026-04-21T06:08:16.270Z] [INFO]   - Incomplete users cleanup: Daily at 3:15 AM
[2026-04-21T06:08:16.270Z] [INFO]   - Deletion logs cleanup: Daily at 3:30 AM
[2026-04-21T06:08:16.256Z] [INFO] Subscription lifecycle job scheduled (every hour)
[2026-04-21T06:08:16.270Z] [INFO]   - OTP daily limits cleanup: Daily at 3:45 AM
[2026-04-21T06:08:16.270Z] [INFO]   - Pending users cleanup: Daily at 3:00 AM
[2026-04-21T06:08:16.270Z] [INFO]   - Scheduled broadcasts: Every 5 minutes
[2026-04-21T06:08:22.443Z] [INFO] Initializing cron jobs...
[2026-04-21T06:08:22.443Z] [INFO] Instance ID: CHKTHN-LOQ-3288-70bdd7f0
[2026-04-21T06:08:22.448Z] [INFO] [Email Cron] Email broadcast worker initialized (every 1 minute)
[2026-04-21T06:08:22.443Z] [INFO] Distributed locking: ENABLED
[2026-04-21T06:08:22.450Z] [INFO] Email file cleanup: Daily at 4:00 AM
[2026-04-21T06:08:22.450Z] [INFO] [File Cleanup] Email attachment cleanup worker initialized (daily at 4:00 AM)
[2026-04-21T06:08:22.450Z] [INFO] Email broadcast worker: Every 1 minute
[2026-04-21T06:08:22.453Z] [INFO] Plan transition job scheduled (daily at 2:00 AM)
[2026-04-21T06:08:22.455Z] [INFO] Subscription lifecycle job scheduled (every hour)
[2026-04-21T06:08:22.457Z] [INFO] Payment status sync job scheduled (daily at 1:00 AM)
[2026-04-21T06:08:22.459Z] [INFO] Reminder job scheduled (daily at 9:00 AM)
[2026-04-21T06:08:22.461Z] [INFO] Inventory expiry job scheduled (daily at 6:00 AM)
[2026-04-21T06:08:22.463Z] [INFO] Scheduled broadcasts job initialized (every 5 minutes)
[2026-04-21T06:08:22.471Z] [INFO] All cron jobs initialized:
[2026-04-21T06:08:22.472Z] [INFO]   - Session cleanup: Every hour
[2026-04-21T06:08:22.472Z] [INFO]   - Plan transition: Daily at 2:00 AM
[2026-04-21T06:08:22.472Z] [INFO]   - Inventory expiry checks + alerts: Daily at 6:00 AM
[2026-04-21T06:08:22.472Z] [INFO]   - Pending users cleanup: Daily at 3:00 AM
[2026-04-21T06:08:22.472Z] [INFO]   - Subscription lifecycle + emails: Every hour
[2026-04-21T06:08:22.472Z] [INFO]   - Payment status sync: Daily at 1:00 AM
[2026-04-21T06:08:22.472Z] [INFO]   - Incomplete users cleanup: Daily at 3:15 AM
[2026-04-21T06:08:22.472Z] [INFO]   - Reminder emails (7d/3d/final): Daily at 9:00 AM
[2026-04-21T06:08:22.472Z] [INFO]   - Scheduled broadcasts: Every 5 minutes
[2026-04-21T06:08:22.472Z] [INFO]   - OTP daily limits cleanup: Daily at 3:45 AM
[2026-04-21T06:08:22.472Z] [INFO]   - Deletion logs cleanup: Daily at 3:30 AM
[2026-04-21T06:08:35.279Z] [INFO] Initializing cron jobs...
[2026-04-21T06:08:35.280Z] [INFO] Instance ID: CHKTHN-LOQ-12080-62742330
[2026-04-21T06:08:35.284Z] [INFO] [Email Cron] Email broadcast worker initialized (every 1 minute)
[2026-04-21T06:08:35.287Z] [INFO] Email broadcast worker: Every 1 minute
[2026-04-21T06:08:35.280Z] [INFO] Distributed locking: ENABLED
[2026-04-21T06:08:35.287Z] [INFO] [File Cleanup] Email attachment cleanup worker initialized (daily at 4:00 AM)
[2026-04-21T06:08:35.287Z] [INFO] Email file cleanup: Daily at 4:00 AM
[2026-04-21T06:08:35.290Z] [INFO] Subscription lifecycle job scheduled (every hour)
[2026-04-21T06:08:35.289Z] [INFO] Plan transition job scheduled (daily at 2:00 AM)
[2026-04-21T06:08:35.292Z] [INFO] Payment status sync job scheduled (daily at 1:00 AM)
[2026-04-21T06:08:35.294Z] [INFO] Reminder job scheduled (daily at 9:00 AM)
[2026-04-21T06:08:35.296Z] [INFO] Inventory expiry job scheduled (daily at 6:00 AM)
[2026-04-21T06:08:35.298Z] [INFO] Scheduled broadcasts job initialized (every 5 minutes)
[2026-04-21T06:08:35.305Z] [INFO]   - Plan transition: Daily at 2:00 AM
[2026-04-21T06:08:35.305Z] [INFO] All cron jobs initialized:
[2026-04-21T06:08:35.305Z] [INFO]   - Session cleanup: Every hour
[2026-04-21T06:08:35.305Z] [INFO]   - Payment status sync: Daily at 1:00 AM
[2026-04-21T06:08:35.306Z] [INFO]   - Reminder emails (7d/3d/final): Daily at 9:00 AM
[2026-04-21T06:08:35.305Z] [INFO]   - Subscription lifecycle + emails: Every hour
[2026-04-21T06:08:35.306Z] [INFO]   - Pending users cleanup: Daily at 3:00 AM
[2026-04-21T06:08:35.306Z] [INFO]   - Incomplete users cleanup: Daily at 3:15 AM
[2026-04-21T06:08:35.306Z] [INFO]   - Inventory expiry checks + alerts: Daily at 6:00 AM
[2026-04-21T06:08:35.306Z] [INFO]   - Deletion logs cleanup: Daily at 3:30 AM
[2026-04-21T06:08:35.306Z] [INFO]   - Scheduled broadcasts: Every 5 minutes
[2026-04-21T06:08:35.306Z] [INFO]   - OTP daily limits cleanup: Daily at 3:45 AM
[2026-04-21T06:08:43.891Z] [INFO] Instance ID: CHKTHN-LOQ-14156-80ca181e
[2026-04-21T06:08:43.891Z] [INFO] Initializing cron jobs...
[2026-04-21T06:08:43.896Z] [INFO] [Email Cron] Email broadcast worker initialized (every 1 minute)
[2026-04-21T06:08:43.898Z] [INFO] Email file cleanup: Daily at 4:00 AM
[2026-04-21T06:08:43.898Z] [INFO] Email broadcast worker: Every 1 minute
[2026-04-21T06:08:43.901Z] [INFO] Plan transition job scheduled (daily at 2:00 AM)
[2026-04-21T06:08:43.905Z] [INFO] Payment status sync job scheduled (daily at 1:00 AM)
[2026-04-21T06:08:43.898Z] [INFO] [File Cleanup] Email attachment cleanup worker initialized (daily at 4:00 AM)
[2026-04-21T06:08:43.903Z] [INFO] Subscription lifecycle job scheduled (every hour)
[2026-04-21T06:08:43.908Z] [INFO] Inventory expiry job scheduled (daily at 6:00 AM)
[2026-04-21T06:08:43.918Z] [INFO]   - Session cleanup: Every hour
[2026-04-21T06:08:43.909Z] [INFO] Scheduled broadcasts job initialized (every 5 minutes)
[2026-04-21T06:08:43.906Z] [INFO] Reminder job scheduled (daily at 9:00 AM)
[2026-04-21T06:08:43.918Z] [INFO]   - Plan transition: Daily at 2:00 AM
[2026-04-21T06:08:43.918Z] [INFO]   - Subscription lifecycle + emails: Every hour
[2026-04-21T06:08:43.918Z] [INFO]   - Inventory expiry checks + alerts: Daily at 6:00 AM
[2026-04-21T06:08:43.891Z] [INFO] Distributed locking: ENABLED
[2026-04-21T06:08:43.918Z] [INFO]   - Reminder emails (7d/3d/final): Daily at 9:00 AM
[2026-04-21T06:08:43.918Z] [INFO]   - Pending users cleanup: Daily at 3:00 AM
[2026-04-21T06:08:43.918Z] [INFO]   - Incomplete users cleanup: Daily at 3:15 AM
[2026-04-21T06:08:43.918Z] [INFO]   - Deletion logs cleanup: Daily at 3:30 AM
[2026-04-21T06:08:43.918Z] [INFO]   - Scheduled broadcasts: Every 5 minutes
[2026-04-21T06:08:43.918Z] [INFO]   - OTP daily limits cleanup: Daily at 3:45 AM
[2026-04-21T06:08:43.918Z] [INFO] All cron jobs initialized:
[2026-04-21T06:08:43.918Z] [INFO]   - Payment status sync: Daily at 1:00 AM
[2026-04-21T06:08:52.205Z] [INFO] Initializing cron jobs...
[2026-04-21T06:08:52.205Z] [INFO] Distributed locking: ENABLED
[2026-04-21T06:08:52.210Z] [INFO] [Email Cron] Email broadcast worker initialized (every 1 minute)
[2026-04-21T06:08:52.212Z] [INFO] Email broadcast worker: Every 1 minute
[2026-04-21T06:08:52.211Z] [INFO] [File Cleanup] Email attachment cleanup worker initialized (daily at 4:00 AM)
[2026-04-21T06:08:52.213Z] [INFO] Plan transition job scheduled (daily at 2:00 AM)
[2026-04-21T06:08:52.212Z] [INFO] Email file cleanup: Daily at 4:00 AM
[2026-04-21T06:08:52.205Z] [INFO] Instance ID: CHKTHN-LOQ-12348-62a0d448
[2026-04-21T06:08:52.215Z] [INFO] Subscription lifecycle job scheduled (every hour)
[2026-04-21T06:08:52.216Z] [INFO] Payment status sync job scheduled (daily at 1:00 AM)
[2026-04-21T06:08:52.218Z] [INFO] Reminder job scheduled (daily at 9:00 AM)
[2026-04-21T06:08:52.221Z] [INFO] Scheduled broadcasts job initialized (every 5 minutes)
[2026-04-21T06:08:52.220Z] [INFO] Inventory expiry job scheduled (daily at 6:00 AM)
[2026-04-21T06:08:52.228Z] [INFO]   - Inventory expiry checks + alerts: Daily at 6:00 AM
[2026-04-21T06:08:52.228Z] [INFO]   - Plan transition: Daily at 2:00 AM
[2026-04-21T06:08:52.228Z] [INFO] All cron jobs initialized:
[2026-04-21T06:08:52.228Z] [INFO]   - Reminder emails (7d/3d/final): Daily at 9:00 AM
[2026-04-21T06:08:52.228Z] [INFO]   - Payment status sync: Daily at 1:00 AM
[2026-04-21T06:08:52.228Z] [INFO]   - Subscription lifecycle + emails: Every hour
[2026-04-21T06:08:52.228Z] [INFO]   - Incomplete users cleanup: Daily at 3:15 AM
[2026-04-21T06:08:52.228Z] [INFO]   - Pending users cleanup: Daily at 3:00 AM
[2026-04-21T06:08:52.228Z] [INFO]   - Session cleanup: Every hour
[2026-04-21T06:08:52.228Z] [INFO]   - Deletion logs cleanup: Daily at 3:30 AM
[2026-04-21T06:08:52.228Z] [INFO]   - OTP daily limits cleanup: Daily at 3:45 AM
[2026-04-21T06:08:52.228Z] [INFO]   - Scheduled broadcasts: Every 5 minutes
[2026-04-21T06:08:54.784Z] [INFO] Initializing cron jobs...
[2026-04-21T06:08:54.784Z] [INFO] Instance ID: CHKTHN-LOQ-19664-ee1b98b4
[2026-04-21T06:08:54.790Z] [INFO] [File Cleanup] Email attachment cleanup worker initialized (daily at 4:00 AM)
[2026-04-21T06:08:54.790Z] [INFO] Email file cleanup: Daily at 4:00 AM
[2026-04-21T06:08:54.790Z] [INFO] Email broadcast worker: Every 1 minute
[2026-04-21T06:08:54.788Z] [INFO] [Email Cron] Email broadcast worker initialized (every 1 minute)
[2026-04-21T06:08:54.793Z] [INFO] Subscription lifecycle job scheduled (every hour)
[2026-04-21T06:08:54.784Z] [INFO] Distributed locking: ENABLED
[2026-04-21T06:08:54.792Z] [INFO] Plan transition job scheduled (daily at 2:00 AM)
[2026-04-21T06:08:54.795Z] [INFO] Payment status sync job scheduled (daily at 1:00 AM)
[2026-04-21T06:08:54.796Z] [INFO] Reminder job scheduled (daily at 9:00 AM)
[2026-04-21T06:08:54.801Z] [INFO] Inventory expiry job scheduled (daily at 6:00 AM)
[2026-04-21T06:08:54.802Z] [INFO] Scheduled broadcasts job initialized (every 5 minutes)
[2026-04-21T06:08:54.809Z] [INFO] All cron jobs initialized:
[2026-04-21T06:08:54.809Z] [INFO]   - Plan transition: Daily at 2:00 AM
[2026-04-21T06:08:54.809Z] [INFO]   - Session cleanup: Every hour
[2026-04-21T06:08:54.809Z] [INFO]   - Payment status sync: Daily at 1:00 AM
[2026-04-21T06:08:54.809Z] [INFO]   - Inventory expiry checks + alerts: Daily at 6:00 AM
[2026-04-21T06:08:54.809Z] [INFO]   - Subscription lifecycle + emails: Every hour
[2026-04-21T06:08:54.809Z] [INFO]   - Deletion logs cleanup: Daily at 3:30 AM
[2026-04-21T06:08:54.809Z] [INFO]   - Incomplete users cleanup: Daily at 3:15 AM
[2026-04-21T06:08:54.809Z] [INFO]   - Pending users cleanup: Daily at 3:00 AM
[2026-04-21T06:08:54.809Z] [INFO]   - Reminder emails (7d/3d/final): Daily at 9:00 AM
[2026-04-21T06:08:54.809Z] [INFO]   - OTP daily limits cleanup: Daily at 3:45 AM
[2026-04-21T06:08:54.809Z] [INFO]   - Scheduled broadcasts: Every 5 minutes
[2026-04-21T06:08:57.213Z] [INFO] Initializing cron jobs...
[2026-04-21T06:08:57.213Z] [INFO] Instance ID: CHKTHN-LOQ-12132-74ea00ca
[2026-04-21T06:08:57.213Z] [INFO] Distributed locking: ENABLED
[2026-04-21T06:08:57.220Z] [INFO] Email broadcast worker: Every 1 minute
[2026-04-21T06:08:57.217Z] [INFO] [Email Cron] Email broadcast worker initialized (every 1 minute)
[2026-04-21T06:08:57.219Z] [INFO] [File Cleanup] Email attachment cleanup worker initialized (daily at 4:00 AM)
[2026-04-21T06:08:57.220Z] [INFO] Email file cleanup: Daily at 4:00 AM
[2026-04-21T06:08:57.222Z] [INFO] Plan transition job scheduled (daily at 2:00 AM)
[2026-04-21T06:08:57.224Z] [INFO] Subscription lifecycle job scheduled (every hour)
[2026-04-21T06:08:57.226Z] [INFO] Payment status sync job scheduled (daily at 1:00 AM)
[2026-04-21T06:08:57.227Z] [INFO] Reminder job scheduled (daily at 9:00 AM)
[2026-04-21T06:08:57.229Z] [INFO] Inventory expiry job scheduled (daily at 6:00 AM)
[2026-04-21T06:08:57.230Z] [INFO] Scheduled broadcasts job initialized (every 5 minutes)
[2026-04-21T06:08:57.238Z] [INFO]   - Subscription lifecycle + emails: Every hour
[2026-04-21T06:08:57.238Z] [INFO]   - Plan transition: Daily at 2:00 AM
[2026-04-21T06:08:57.238Z] [INFO]   - Payment status sync: Daily at 1:00 AM
[2026-04-21T06:08:57.238Z] [INFO] All cron jobs initialized:
[2026-04-21T06:08:57.238Z] [INFO]   - Session cleanup: Every hour
[2026-04-21T06:08:57.238Z] [INFO]   - Inventory expiry checks + alerts: Daily at 6:00 AM
[2026-04-21T06:08:57.238Z] [INFO]   - Reminder emails (7d/3d/final): Daily at 9:00 AM
[2026-04-21T06:08:57.238Z] [INFO]   - Incomplete users cleanup: Daily at 3:15 AM
[2026-04-21T06:08:57.238Z] [INFO]   - Deletion logs cleanup: Daily at 3:30 AM
[2026-04-21T06:08:57.238Z] [INFO]   - Pending users cleanup: Daily at 3:00 AM
[2026-04-21T06:08:57.238Z] [INFO]   - OTP daily limits cleanup: Daily at 3:45 AM
[2026-04-21T06:08:57.238Z] [INFO]   - Scheduled broadcasts: Every 5 minutes
[2026-04-21T06:08:59.534Z] [INFO] Initializing cron jobs...
[2026-04-21T06:08:59.535Z] [INFO] Instance ID: CHKTHN-LOQ-4920-17ed7ef0
[2026-04-21T06:08:59.539Z] [INFO] [Email Cron] Email broadcast worker initialized (every 1 minute)
[2026-04-21T06:08:59.548Z] [INFO] Email broadcast worker: Every 1 minute
[2026-04-21T06:08:59.548Z] [INFO] [File Cleanup] Email attachment cleanup worker initialized (daily at 4:00 AM)
[2026-04-21T06:08:59.535Z] [INFO] Distributed locking: ENABLED
[2026-04-21T06:08:59.548Z] [INFO] Email file cleanup: Daily at 4:00 AM
[2026-04-21T06:08:59.558Z] [INFO] Subscription lifecycle job scheduled (every hour)
[2026-04-21T06:08:59.560Z] [INFO] Payment status sync job scheduled (daily at 1:00 AM)
[2026-04-21T06:08:59.555Z] [INFO] Plan transition job scheduled (daily at 2:00 AM)
[2026-04-21T06:08:59.569Z] [INFO] Scheduled broadcasts job initialized (every 5 minutes)
[2026-04-21T06:08:59.577Z] [INFO]   - Plan transition: Daily at 2:00 AM
[2026-04-21T06:08:59.577Z] [INFO]   - Session cleanup: Every hour
[2026-04-21T06:08:59.577Z] [INFO]   - Subscription lifecycle + emails: Every hour
[2026-04-21T06:08:59.576Z] [INFO] All cron jobs initialized:
[2026-04-21T06:08:59.577Z] [INFO]   - Payment status sync: Daily at 1:00 AM
[2026-04-21T06:08:59.564Z] [INFO] Inventory expiry job scheduled (daily at 6:00 AM)
[2026-04-21T06:08:59.577Z] [INFO]   - Inventory expiry checks + alerts: Daily at 6:00 AM
[2026-04-21T06:08:59.577Z] [INFO]   - Reminder emails (7d/3d/final): Daily at 9:00 AM
[2026-04-21T06:08:59.577Z] [INFO]   - Incomplete users cleanup: Daily at 3:15 AM
[2026-04-21T06:08:59.577Z] [INFO]   - OTP daily limits cleanup: Daily at 3:45 AM
[2026-04-21T06:08:59.577Z] [INFO]   - Pending users cleanup: Daily at 3:00 AM
[2026-04-21T06:08:59.577Z] [INFO]   - Scheduled broadcasts: Every 5 minutes
[2026-04-21T06:08:59.577Z] [INFO]   - Deletion logs cleanup: Daily at 3:30 AM
[2026-04-21T06:08:59.562Z] [INFO] Reminder job scheduled (daily at 9:00 AM)
[2026-04-21T06:09:01.292Z] [INFO] Initializing cron jobs...
[2026-04-21T06:09:01.292Z] [INFO] Instance ID: CHKTHN-LOQ-12040-1dfd60bb
[2026-04-21T06:09:01.297Z] [INFO] [Email Cron] Email broadcast worker initialized (every 1 minute)
[2026-04-21T06:09:01.292Z] [INFO] Distributed locking: ENABLED
[2026-04-21T06:09:01.299Z] [INFO] Email file cleanup: Daily at 4:00 AM
[2026-04-21T06:09:01.299Z] [INFO] Email broadcast worker: Every 1 minute
[2026-04-21T06:09:01.302Z] [INFO] Plan transition job scheduled (daily at 2:00 AM)
[2026-04-21T06:09:01.303Z] [INFO] Subscription lifecycle job scheduled (every hour)
[2026-04-21T06:09:01.299Z] [INFO] [File Cleanup] Email attachment cleanup worker initialized (daily at 4:00 AM)
[2026-04-21T06:09:01.306Z] [INFO] Payment status sync job scheduled (daily at 1:00 AM)
[2026-04-21T06:09:01.308Z] [INFO] Reminder job scheduled (daily at 9:00 AM)
[2026-04-21T06:09:01.310Z] [INFO] Inventory expiry job scheduled (daily at 6:00 AM)
[2026-04-21T06:09:01.312Z] [INFO] Scheduled broadcasts job initialized (every 5 minutes)
[2026-04-21T06:09:01.319Z] [INFO]   - Plan transition: Daily at 2:00 AM
[2026-04-21T06:09:01.319Z] [INFO]   - Subscription lifecycle + emails: Every hour
[2026-04-21T06:09:01.319Z] [INFO]   - Session cleanup: Every hour
[2026-04-21T06:09:01.319Z] [INFO]   - Payment status sync: Daily at 1:00 AM
[2026-04-21T06:09:01.319Z] [INFO]   - Inventory expiry checks + alerts: Daily at 6:00 AM
[2026-04-21T06:09:01.319Z] [INFO] All cron jobs initialized:
[2026-04-21T06:09:01.319Z] [INFO]   - Reminder emails (7d/3d/final): Daily at 9:00 AM
[2026-04-21T06:09:01.319Z] [INFO]   - Incomplete users cleanup: Daily at 3:15 AM
[2026-04-21T06:09:01.319Z] [INFO]   - Scheduled broadcasts: Every 5 minutes
[2026-04-21T06:09:01.319Z] [INFO]   - Pending users cleanup: Daily at 3:00 AM
[2026-04-21T06:09:01.319Z] [INFO]   - Deletion logs cleanup: Daily at 3:30 AM
[2026-04-21T06:09:01.319Z] [INFO]   - OTP daily limits cleanup: Daily at 3:45 AM
[2026-04-21T06:09:05.104Z] [INFO] Initializing cron jobs...
[2026-04-21T06:09:05.105Z] [INFO] Instance ID: CHKTHN-LOQ-12096-d660adb1
[2026-04-21T06:09:05.105Z] [INFO] Distributed locking: ENABLED
[2026-04-21T06:09:05.109Z] [INFO] [Email Cron] Email broadcast worker initialized (every 1 minute)
[2026-04-21T06:09:05.111Z] [INFO] [File Cleanup] Email attachment cleanup worker initialized (daily at 4:00 AM)
[2026-04-21T06:09:05.112Z] [INFO] Email broadcast worker: Every 1 minute
[2026-04-21T06:09:05.112Z] [INFO] Email file cleanup: Daily at 4:00 AM
[2026-04-21T06:09:05.114Z] [INFO] Plan transition job scheduled (daily at 2:00 AM)
[2026-04-21T06:09:05.115Z] [INFO] Subscription lifecycle job scheduled (every hour)
[2026-04-21T06:09:05.118Z] [INFO] Reminder job scheduled (daily at 9:00 AM)
[2026-04-21T06:09:05.117Z] [INFO] Payment status sync job scheduled (daily at 1:00 AM)
[2026-04-21T06:09:05.121Z] [INFO] Scheduled broadcasts job initialized (every 5 minutes)
[2026-04-21T06:09:05.120Z] [INFO] Inventory expiry job scheduled (daily at 6:00 AM)
[2026-04-21T06:09:05.127Z] [INFO] All cron jobs initialized:
[2026-04-21T06:09:05.127Z] [INFO]   - Session cleanup: Every hour
[2026-04-21T06:09:05.127Z] [INFO]   - Plan transition: Daily at 2:00 AM
[2026-04-21T06:09:05.128Z] [INFO]   - Subscription lifecycle + emails: Every hour
[2026-04-21T06:09:05.128Z] [INFO]   - Payment status sync: Daily at 1:00 AM
[2026-04-21T06:09:05.128Z] [INFO]   - Inventory expiry checks + alerts: Daily at 6:00 AM
[2026-04-21T06:09:05.128Z] [INFO]   - Reminder emails (7d/3d/final): Daily at 9:00 AM
[2026-04-21T06:09:05.128Z] [INFO]   - Incomplete users cleanup: Daily at 3:15 AM
[2026-04-21T06:09:05.128Z] [INFO]   - Deletion logs cleanup: Daily at 3:30 AM
[2026-04-21T06:09:05.128Z] [INFO]   - Scheduled broadcasts: Every 5 minutes
[2026-04-21T06:09:05.128Z] [INFO]   - Pending users cleanup: Daily at 3:00 AM
[2026-04-21T06:09:05.128Z] [INFO]   - OTP daily limits cleanup: Daily at 3:45 AM
[2026-04-21T06:09:12.746Z] [INFO] Initializing cron jobs...
[2026-04-21T06:09:12.746Z] [INFO] Distributed locking: ENABLED
[2026-04-21T06:09:12.746Z] [INFO] Instance ID: CHKTHN-LOQ-9120-09b38fa7
[2026-04-21T06:09:12.752Z] [INFO] [File Cleanup] Email attachment cleanup worker initialized (daily at 4:00 AM)
[2026-04-21T06:09:12.754Z] [INFO] Plan transition job scheduled (daily at 2:00 AM)
[2026-04-21T06:09:12.750Z] [INFO] [Email Cron] Email broadcast worker initialized (every 1 minute)
[2026-04-21T06:09:12.752Z] [INFO] Email file cleanup: Daily at 4:00 AM
[2026-04-21T06:09:12.756Z] [INFO] Subscription lifecycle job scheduled (every hour)
[2026-04-21T06:09:12.759Z] [INFO] Reminder job scheduled (daily at 9:00 AM)
[2026-04-21T06:09:12.752Z] [INFO] Email broadcast worker: Every 1 minute
[2026-04-21T06:09:12.757Z] [INFO] Payment status sync job scheduled (daily at 1:00 AM)
[2026-04-21T06:09:12.761Z] [INFO] Inventory expiry job scheduled (daily at 6:00 AM)
[2026-04-21T06:09:12.762Z] [INFO] Scheduled broadcasts job initialized (every 5 minutes)
[2026-04-21T06:09:12.770Z] [INFO]   - Subscription lifecycle + emails: Every hour
[2026-04-21T06:09:12.770Z] [INFO] All cron jobs initialized:
[2026-04-21T06:09:12.770Z] [INFO]   - Payment status sync: Daily at 1:00 AM
[2026-04-21T06:09:12.770Z] [INFO]   - Inventory expiry checks + alerts: Daily at 6:00 AM
[2026-04-21T06:09:12.770Z] [INFO]   - Reminder emails (7d/3d/final): Daily at 9:00 AM
[2026-04-21T06:09:12.770Z] [INFO]   - Session cleanup: Every hour
[2026-04-21T06:09:12.770Z] [INFO]   - Incomplete users cleanup: Daily at 3:15 AM
[2026-04-21T06:09:12.770Z] [INFO]   - Plan transition: Daily at 2:00 AM
[2026-04-21T06:09:12.770Z] [INFO]   - Pending users cleanup: Daily at 3:00 AM
[2026-04-21T06:09:12.770Z] [INFO]   - OTP daily limits cleanup: Daily at 3:45 AM
[2026-04-21T06:09:12.770Z] [INFO]   - Scheduled broadcasts: Every 5 minutes
[2026-04-21T06:09:12.770Z] [INFO]   - Deletion logs cleanup: Daily at 3:30 AM
[2026-04-21T06:09:14.662Z] [INFO] Initializing cron jobs...
[2026-04-21T06:09:14.669Z] [INFO] [File Cleanup] Email attachment cleanup worker initialized (daily at 4:00 AM)
[2026-04-21T06:09:14.662Z] [INFO] Instance ID: CHKTHN-LOQ-18120-90bf4fbe
[2026-04-21T06:09:14.667Z] [INFO] [Email Cron] Email broadcast worker initialized (every 1 minute)
[2026-04-21T06:09:14.669Z] [INFO] Email file cleanup: Daily at 4:00 AM
[2026-04-21T06:09:14.669Z] [INFO] Email broadcast worker: Every 1 minute
[2026-04-21T06:09:14.673Z] [INFO] Plan transition job scheduled (daily at 2:00 AM)
[2026-04-21T06:09:14.674Z] [INFO] Subscription lifecycle job scheduled (every hour)
[2026-04-21T06:09:14.680Z] [INFO] Inventory expiry job scheduled (daily at 6:00 AM)
[2026-04-21T06:09:14.678Z] [INFO] Reminder job scheduled (daily at 9:00 AM)
[2026-04-21T06:09:14.682Z] [INFO] Scheduled broadcasts job initialized (every 5 minutes)
[2026-04-21T06:09:14.689Z] [INFO] All cron jobs initialized:
[2026-04-21T06:09:14.689Z] [INFO]   - Plan transition: Daily at 2:00 AM
[2026-04-21T06:09:14.689Z] [INFO]   - Subscription lifecycle + emails: Every hour
[2026-04-21T06:09:14.676Z] [INFO] Payment status sync job scheduled (daily at 1:00 AM)
[2026-04-21T06:09:14.689Z] [INFO]   - Session cleanup: Every hour
[2026-04-21T06:09:14.689Z] [INFO]   - Payment status sync: Daily at 1:00 AM
[2026-04-21T06:09:14.689Z] [INFO]   - Inventory expiry checks + alerts: Daily at 6:00 AM
[2026-04-21T06:09:14.662Z] [INFO] Distributed locking: ENABLED
[2026-04-21T06:09:14.689Z] [INFO]   - Pending users cleanup: Daily at 3:00 AM
[2026-04-21T06:09:14.689Z] [INFO]   - Reminder emails (7d/3d/final): Daily at 9:00 AM
[2026-04-21T06:09:14.689Z] [INFO]   - Incomplete users cleanup: Daily at 3:15 AM
[2026-04-21T06:09:14.689Z] [INFO]   - Deletion logs cleanup: Daily at 3:30 AM
[2026-04-21T06:09:14.689Z] [INFO]   - OTP daily limits cleanup: Daily at 3:45 AM
[2026-04-21T06:09:14.689Z] [INFO]   - Scheduled broadcasts: Every 5 minutes
[2026-04-21T06:10:00.031Z] [INFO] Checking for scheduled broadcasts...
[2026-04-21T06:10:00.036Z] [INFO] No scheduled broadcasts due for sending
[2026-04-21T06:10:57.129Z] [INFO] Initializing cron jobs...
[2026-04-21T06:10:57.129Z] [INFO] Distributed locking: ENABLED
[2026-04-21T06:10:57.129Z] [INFO] Instance ID: CHKTHN-LOQ-12796-b414ff39
[2026-04-21T06:10:57.133Z] [INFO] [Email Cron] Email broadcast worker initialized (every 1 minute)
[2026-04-21T06:10:57.136Z] [INFO] [File Cleanup] Email attachment cleanup worker initialized (daily at 4:00 AM)
[2026-04-21T06:10:57.138Z] [INFO] Plan transition job scheduled (daily at 2:00 AM)
[2026-04-21T06:10:57.144Z] [INFO] Payment status sync job scheduled (daily at 1:00 AM)
[2026-04-21T06:10:57.140Z] [INFO] Subscription lifecycle job scheduled (every hour)
[2026-04-21T06:10:57.136Z] [INFO] Email broadcast worker: Every 1 minute
[2026-04-21T06:10:57.150Z] [INFO] Inventory expiry job scheduled (daily at 6:00 AM)
[2026-04-21T06:10:57.152Z] [INFO] Scheduled broadcasts job initialized (every 5 minutes)
[2026-04-21T06:10:57.160Z] [INFO]   - Plan transition: Daily at 2:00 AM
[2026-04-21T06:10:57.160Z] [INFO]   - Session cleanup: Every hour
[2026-04-21T06:10:57.160Z] [INFO]   - Subscription lifecycle + emails: Every hour
[2026-04-21T06:10:57.160Z] [INFO]   - Payment status sync: Daily at 1:00 AM
[2026-04-21T06:10:57.136Z] [INFO] Email file cleanup: Daily at 4:00 AM
[2026-04-21T06:10:57.160Z] [INFO]   - Reminder emails (7d/3d/final): Daily at 9:00 AM
[2026-04-21T06:10:57.160Z] [INFO]   - Inventory expiry checks + alerts: Daily at 6:00 AM
[2026-04-21T06:10:57.160Z] [INFO]   - Pending users cleanup: Daily at 3:00 AM
[2026-04-21T06:10:57.160Z] [INFO]   - Deletion logs cleanup: Daily at 3:30 AM
[2026-04-21T06:10:57.160Z] [INFO]   - Incomplete users cleanup: Daily at 3:15 AM
[2026-04-21T06:10:57.147Z] [INFO] Reminder job scheduled (daily at 9:00 AM)
[2026-04-21T06:10:57.160Z] [INFO]   - OTP daily limits cleanup: Daily at 3:45 AM
[2026-04-21T06:10:57.160Z] [INFO]   - Scheduled broadcasts: Every 5 minutes
[2026-04-21T06:10:57.160Z] [INFO] All cron jobs initialized:
[2026-04-21T06:11:04.673Z] [INFO] Initializing cron jobs...
[2026-04-21T06:11:04.674Z] [INFO] Distributed locking: ENABLED
[2026-04-21T06:11:04.674Z] [INFO] Instance ID: CHKTHN-LOQ-13840-1092ecec
[2026-04-21T06:11:04.678Z] [INFO] [Email Cron] Email broadcast worker initialized (every 1 minute)
[2026-04-21T06:11:04.680Z] [INFO] Email file cleanup: Daily at 4:00 AM
[2026-04-21T06:11:04.680Z] [INFO] Email broadcast worker: Every 1 minute
[2026-04-21T06:11:04.682Z] [INFO] Plan transition job scheduled (daily at 2:00 AM)
[2026-04-21T06:11:04.684Z] [INFO] Subscription lifecycle job scheduled (every hour)
[2026-04-21T06:11:04.689Z] [INFO] Reminder job scheduled (daily at 9:00 AM)
[2026-04-21T06:11:04.691Z] [INFO] Inventory expiry job scheduled (daily at 6:00 AM)
[2026-04-21T06:11:04.692Z] [INFO] Scheduled broadcasts job initialized (every 5 minutes)
[2026-04-21T06:11:04.680Z] [INFO] [File Cleanup] Email attachment cleanup worker initialized (daily at 4:00 AM)
[2026-04-21T06:11:04.686Z] [INFO] Payment status sync job scheduled (daily at 1:00 AM)
[2026-04-21T06:11:04.699Z] [INFO]   - Subscription lifecycle + emails: Every hour
[2026-04-21T06:11:04.699Z] [INFO]   - Plan transition: Daily at 2:00 AM
[2026-04-21T06:11:04.699Z] [INFO]   - Payment status sync: Daily at 1:00 AM
[2026-04-21T06:11:04.699Z] [INFO]   - Inventory expiry checks + alerts: Daily at 6:00 AM
[2026-04-21T06:11:04.699Z] [INFO]   - Pending users cleanup: Daily at 3:00 AM
[2026-04-21T06:11:04.699Z] [INFO]   - Reminder emails (7d/3d/final): Daily at 9:00 AM
[2026-04-21T06:11:04.699Z] [INFO]   - Incomplete users cleanup: Daily at 3:15 AM
[2026-04-21T06:11:04.699Z] [INFO]   - Deletion logs cleanup: Daily at 3:30 AM
[2026-04-21T06:11:04.699Z] [INFO] All cron jobs initialized:
[2026-04-21T06:11:04.699Z] [INFO]   - Scheduled broadcasts: Every 5 minutes
[2026-04-21T06:11:04.699Z] [INFO]   - OTP daily limits cleanup: Daily at 3:45 AM
[2026-04-21T06:11:04.699Z] [INFO]   - Session cleanup: Every hour
[2026-04-21T06:11:11.665Z] [INFO] Initializing cron jobs...
[2026-04-21T06:11:11.665Z] [INFO] Distributed locking: ENABLED
[2026-04-21T06:11:11.665Z] [INFO] Instance ID: CHKTHN-LOQ-19184-b200c542
[2026-04-21T06:11:11.670Z] [INFO] [Email Cron] Email broadcast worker initialized (every 1 minute)
[2026-04-21T06:11:11.672Z] [INFO] Email file cleanup: Daily at 4:00 AM
[2026-04-21T06:11:11.672Z] [INFO] [File Cleanup] Email attachment cleanup worker initialized (daily at 4:00 AM)
[2026-04-21T06:11:11.677Z] [INFO] Subscription lifecycle job scheduled (every hour)
[2026-04-21T06:11:11.672Z] [INFO] Email broadcast worker: Every 1 minute
[2026-04-21T06:11:11.675Z] [INFO] Plan transition job scheduled (daily at 2:00 AM)
[2026-04-21T06:11:11.678Z] [INFO] Payment status sync job scheduled (daily at 1:00 AM)
[2026-04-21T06:11:11.680Z] [INFO] Reminder job scheduled (daily at 9:00 AM)
[2026-04-21T06:11:11.689Z] [INFO] Inventory expiry job scheduled (daily at 6:00 AM)
[2026-04-21T06:11:11.698Z] [INFO] All cron jobs initialized:
[2026-04-21T06:11:11.691Z] [INFO] Scheduled broadcasts job initialized (every 5 minutes)
[2026-04-21T06:11:11.698Z] [INFO]   - Session cleanup: Every hour
[2026-04-21T06:11:11.698Z] [INFO]   - Plan transition: Daily at 2:00 AM
[2026-04-21T06:11:11.698Z] [INFO]   - Payment status sync: Daily at 1:00 AM
[2026-04-21T06:11:11.698Z] [INFO]   - Subscription lifecycle + emails: Every hour
[2026-04-21T06:11:11.698Z] [INFO]   - Inventory expiry checks + alerts: Daily at 6:00 AM
[2026-04-21T06:11:11.698Z] [INFO]   - Reminder emails (7d/3d/final): Daily at 9:00 AM
[2026-04-21T06:11:11.698Z] [INFO]   - Pending users cleanup: Daily at 3:00 AM
[2026-04-21T06:11:11.698Z] [INFO]   - Incomplete users cleanup: Daily at 3:15 AM
[2026-04-21T06:11:11.698Z] [INFO]   - Deletion logs cleanup: Daily at 3:30 AM
[2026-04-21T06:11:11.698Z] [INFO]   - OTP daily limits cleanup: Daily at 3:45 AM
[2026-04-21T06:11:11.698Z] [INFO]   - Scheduled broadcasts: Every 5 minutes
[2026-04-21T06:11:52.770Z] [INFO] Initializing cron jobs...
[2026-04-21T06:11:52.771Z] [INFO] Instance ID: CHKTHN-LOQ-11832-046d2edf
[2026-04-21T06:11:52.771Z] [INFO] Distributed locking: ENABLED
[2026-04-21T06:11:52.775Z] [INFO] [Email Cron] Email broadcast worker initialized (every 1 minute)
[2026-04-21T06:11:52.777Z] [INFO] [File Cleanup] Email attachment cleanup worker initialized (daily at 4:00 AM)
[2026-04-21T06:11:52.777Z] [INFO] Email broadcast worker: Every 1 minute
[2026-04-21T06:11:52.777Z] [INFO] Email file cleanup: Daily at 4:00 AM
[2026-04-21T06:11:52.778Z] [INFO] Plan transition job scheduled (daily at 2:00 AM)
[2026-04-21T06:11:52.780Z] [INFO] Subscription lifecycle job scheduled (every hour)
[2026-04-21T06:11:52.782Z] [INFO] Payment status sync job scheduled (daily at 1:00 AM)
[2026-04-21T06:11:52.783Z] [INFO] Reminder job scheduled (daily at 9:00 AM)
[2026-04-21T06:11:52.785Z] [INFO] Inventory expiry job scheduled (daily at 6:00 AM)
[2026-04-21T06:11:52.786Z] [INFO] Scheduled broadcasts job initialized (every 5 minutes)
[2026-04-21T06:11:52.792Z] [INFO] All cron jobs initialized:
[2026-04-21T06:11:52.792Z] [INFO]   - Subscription lifecycle + emails: Every hour
[2026-04-21T06:11:52.792Z] [INFO]   - Plan transition: Daily at 2:00 AM
[2026-04-21T06:11:52.792Z] [INFO]   - Payment status sync: Daily at 1:00 AM
[2026-04-21T06:11:52.792Z] [INFO]   - Session cleanup: Every hour
[2026-04-21T06:11:52.792Z] [INFO]   - Pending users cleanup: Daily at 3:00 AM
[2026-04-21T06:11:52.792Z] [INFO]   - Inventory expiry checks + alerts: Daily at 6:00 AM
[2026-04-21T06:11:52.792Z] [INFO]   - Reminder emails (7d/3d/final): Daily at 9:00 AM
[2026-04-21T06:11:52.792Z] [INFO]   - Deletion logs cleanup: Daily at 3:30 AM
[2026-04-21T06:11:52.792Z] [INFO]   - Incomplete users cleanup: Daily at 3:15 AM
[2026-04-21T06:11:52.792Z] [INFO]   - Scheduled broadcasts: Every 5 minutes
[2026-04-21T06:11:52.792Z] [INFO]   - OTP daily limits cleanup: Daily at 3:45 AM
[2026-04-21T06:14:30.001Z] [INFO] Initializing cron jobs...
[2026-04-21T06:14:30.002Z] [INFO] Instance ID: CHKTHN-LOQ-14452-8c23b04d
[2026-04-21T06:14:30.002Z] [INFO] Distributed locking: ENABLED
[2026-04-21T06:14:30.008Z] [INFO] [Email Cron] Email broadcast worker initialized (every 1 minute)
[2026-04-21T06:14:30.010Z] [INFO] Email file cleanup: Daily at 4:00 AM
[2026-04-21T06:14:30.010Z] [INFO] [File Cleanup] Email attachment cleanup worker initialized (daily at 4:00 AM)
[2026-04-21T06:14:30.010Z] [INFO] Email broadcast worker: Every 1 minute
[2026-04-21T06:14:30.013Z] [INFO] Plan transition job scheduled (daily at 2:00 AM)
[2026-04-21T06:14:30.015Z] [INFO] Subscription lifecycle job scheduled (every hour)
[2026-04-21T06:14:30.018Z] [INFO] Payment status sync job scheduled (daily at 1:00 AM)
[2026-04-21T06:14:30.020Z] [INFO] Reminder job scheduled (daily at 9:00 AM)
[2026-04-21T06:14:30.022Z] [INFO] Inventory expiry job scheduled (daily at 6:00 AM)
[2026-04-21T06:14:30.024Z] [INFO] Scheduled broadcasts job initialized (every 5 minutes)
[2026-04-21T06:14:30.032Z] [INFO] All cron jobs initialized:
[2026-04-21T06:14:30.032Z] [INFO]   - Session cleanup: Every hour
[2026-04-21T06:14:30.032Z] [INFO]   - Plan transition: Daily at 2:00 AM
[2026-04-21T06:14:30.032Z] [INFO]   - Subscription lifecycle + emails: Every hour
[2026-04-21T06:14:30.032Z] [INFO]   - Reminder emails (7d/3d/final): Daily at 9:00 AM
[2026-04-21T06:14:30.032Z] [INFO]   - Inventory expiry checks + alerts: Daily at 6:00 AM
[2026-04-21T06:14:30.032Z] [INFO]   - Payment status sync: Daily at 1:00 AM
[2026-04-21T06:14:30.032Z] [INFO]   - Pending users cleanup: Daily at 3:00 AM
[2026-04-21T06:14:30.032Z] [INFO]   - Incomplete users cleanup: Daily at 3:15 AM
[2026-04-21T06:14:30.032Z] [INFO]   - OTP daily limits cleanup: Daily at 3:45 AM
[2026-04-21T06:14:30.032Z] [INFO]   - Scheduled broadcasts: Every 5 minutes
[2026-04-21T06:14:30.032Z] [INFO]   - Deletion logs cleanup: Daily at 3:30 AM
[2026-04-21T06:14:46.594Z] [INFO] Initializing cron jobs...
[2026-04-21T06:14:46.594Z] [INFO] Instance ID: CHKTHN-LOQ-9432-68262615
[2026-04-21T06:14:46.600Z] [INFO] [File Cleanup] Email attachment cleanup worker initialized (daily at 4:00 AM)
[2026-04-21T06:14:46.594Z] [INFO] Distributed locking: ENABLED
[2026-04-21T06:14:46.599Z] [INFO] [Email Cron] Email broadcast worker initialized (every 1 minute)
[2026-04-21T06:14:46.601Z] [INFO] Email broadcast worker: Every 1 minute
[2026-04-21T06:14:46.603Z] [INFO] Plan transition job scheduled (daily at 2:00 AM)
[2026-04-21T06:14:46.604Z] [INFO] Subscription lifecycle job scheduled (every hour)
[2026-04-21T06:14:46.601Z] [INFO] Email file cleanup: Daily at 4:00 AM
[2026-04-21T06:14:46.606Z] [INFO] Payment status sync job scheduled (daily at 1:00 AM)
[2026-04-21T06:14:46.610Z] [INFO] Scheduled broadcasts job initialized (every 5 minutes)
[2026-04-21T06:14:46.616Z] [INFO] All cron jobs initialized:
[2026-04-21T06:14:46.607Z] [INFO] Reminder job scheduled (daily at 9:00 AM)
[2026-04-21T06:14:46.609Z] [INFO] Inventory expiry job scheduled (daily at 6:00 AM)
[2026-04-21T06:14:46.617Z] [INFO]   - Session cleanup: Every hour
[2026-04-21T06:14:46.617Z] [INFO]   - Payment status sync: Daily at 1:00 AM
[2026-04-21T06:14:46.617Z] [INFO]   - Plan transition: Daily at 2:00 AM
[2026-04-21T06:14:46.617Z] [INFO]   - Subscription lifecycle + emails: Every hour
[2026-04-21T06:14:46.617Z] [INFO]   - Inventory expiry checks + alerts: Daily at 6:00 AM
[2026-04-21T06:14:46.617Z] [INFO]   - Reminder emails (7d/3d/final): Daily at 9:00 AM
[2026-04-21T06:14:46.617Z] [INFO]   - Pending users cleanup: Daily at 3:00 AM
[2026-04-21T06:14:46.617Z] [INFO]   - Deletion logs cleanup: Daily at 3:30 AM
[2026-04-21T06:14:46.617Z] [INFO]   - Incomplete users cleanup: Daily at 3:15 AM
[2026-04-21T06:14:46.617Z] [INFO]   - OTP daily limits cleanup: Daily at 3:45 AM
[2026-04-21T06:14:46.617Z] [INFO]   - Scheduled broadcasts: Every 5 minutes
[2026-04-21T06:14:59.531Z] [INFO] Distributed locking: ENABLED
[2026-04-21T06:14:59.531Z] [INFO] Initializing cron jobs...
[2026-04-21T06:14:59.531Z] [INFO] Instance ID: CHKTHN-LOQ-22280-d22031c7
[2026-04-21T06:14:59.537Z] [INFO] [Email Cron] Email broadcast worker initialized (every 1 minute)
[2026-04-21T06:14:59.540Z] [INFO] [File Cleanup] Email attachment cleanup worker initialized (daily at 4:00 AM)
[2026-04-21T06:14:59.541Z] [INFO] Email file cleanup: Daily at 4:00 AM
[2026-04-21T06:14:59.544Z] [INFO] Plan transition job scheduled (daily at 2:00 AM)
[2026-04-21T06:14:59.546Z] [INFO] Subscription lifecycle job scheduled (every hour)
[2026-04-21T06:14:59.540Z] [INFO] Email broadcast worker: Every 1 minute
[2026-04-21T06:14:59.548Z] [INFO] Payment status sync job scheduled (daily at 1:00 AM)
[2026-04-21T06:14:59.553Z] [INFO] Inventory expiry job scheduled (daily at 6:00 AM)
[2026-04-21T06:14:59.565Z] [INFO]   - Session cleanup: Every hour
[2026-04-21T06:14:59.555Z] [INFO] Scheduled broadcasts job initialized (every 5 minutes)
[2026-04-21T06:14:59.551Z] [INFO] Reminder job scheduled (daily at 9:00 AM)
[2026-04-21T06:14:59.565Z] [INFO]   - Subscription lifecycle + emails: Every hour
[2026-04-21T06:14:59.564Z] [INFO] All cron jobs initialized:
[2026-04-21T06:14:59.565Z] [INFO]   - Plan transition: Daily at 2:00 AM
[2026-04-21T06:14:59.565Z] [INFO]   - Inventory expiry checks + alerts: Daily at 6:00 AM
[2026-04-21T06:14:59.565Z] [INFO]   - Reminder emails (7d/3d/final): Daily at 9:00 AM
[2026-04-21T06:14:59.565Z] [INFO]   - Payment status sync: Daily at 1:00 AM
[2026-04-21T06:14:59.565Z] [INFO]   - Pending users cleanup: Daily at 3:00 AM
[2026-04-21T06:14:59.565Z] [INFO]   - Incomplete users cleanup: Daily at 3:15 AM
[2026-04-21T06:14:59.565Z] [INFO]   - Scheduled broadcasts: Every 5 minutes
[2026-04-21T06:14:59.565Z] [INFO]   - OTP daily limits cleanup: Daily at 3:45 AM
[2026-04-21T06:14:59.565Z] [INFO]   - Deletion logs cleanup: Daily at 3:30 AM
[2026-04-21T06:15:00.740Z] [INFO] Initializing cron jobs...
[2026-04-21T06:15:00.740Z] [INFO] Instance ID: CHKTHN-LOQ-25688-17c238c1
[2026-04-21T06:15:00.740Z] [INFO] Distributed locking: ENABLED
[2026-04-21T06:15:00.747Z] [INFO] [Email Cron] Email broadcast worker initialized (every 1 minute)
[2026-04-21T06:15:00.751Z] [INFO] Email broadcast worker: Every 1 minute
[2026-04-21T06:15:00.751Z] [INFO] Email file cleanup: Daily at 4:00 AM
[2026-04-21T06:15:00.750Z] [INFO] [File Cleanup] Email attachment cleanup worker initialized (daily at 4:00 AM)
[2026-04-21T06:15:00.754Z] [INFO] Plan transition job scheduled (daily at 2:00 AM)
[2026-04-21T06:15:00.756Z] [INFO] Subscription lifecycle job scheduled (every hour)
[2026-04-21T06:15:00.758Z] [INFO] Payment status sync job scheduled (daily at 1:00 AM)
[2026-04-21T06:15:00.760Z] [INFO] Reminder job scheduled (daily at 9:00 AM)
[2026-04-21T06:15:00.764Z] [INFO] Scheduled broadcasts job initialized (every 5 minutes)
[2026-04-21T06:15:00.773Z] [INFO] All cron jobs initialized:
[2026-04-21T06:15:00.762Z] [INFO] Inventory expiry job scheduled (daily at 6:00 AM)
[2026-04-21T06:15:00.773Z] [INFO]   - Session cleanup: Every hour
[2026-04-21T06:15:00.773Z] [INFO]   - Subscription lifecycle + emails: Every hour
[2026-04-21T06:15:00.773Z] [INFO]   - Plan transition: Daily at 2:00 AM
[2026-04-21T06:15:00.773Z] [INFO]   - Reminder emails (7d/3d/final): Daily at 9:00 AM
[2026-04-21T06:15:00.773Z] [INFO]   - Payment status sync: Daily at 1:00 AM
[2026-04-21T06:15:00.773Z] [INFO]   - Inventory expiry checks + alerts: Daily at 6:00 AM
[2026-04-21T06:15:00.773Z] [INFO]   - Deletion logs cleanup: Daily at 3:30 AM
[2026-04-21T06:15:00.773Z] [INFO]   - Incomplete users cleanup: Daily at 3:15 AM
[2026-04-21T06:15:00.773Z] [INFO]   - Pending users cleanup: Daily at 3:00 AM
[2026-04-21T06:15:00.773Z] [INFO]   - Scheduled broadcasts: Every 5 minutes
[2026-04-21T06:15:00.773Z] [INFO]   - OTP daily limits cleanup: Daily at 3:45 AM
[2026-04-21T06:15:32.089Z] [INFO] Initializing cron jobs...
[2026-04-21T06:15:32.090Z] [INFO] Instance ID: CHKTHN-LOQ-14232-392b19fb
[2026-04-21T06:15:32.090Z] [INFO] Distributed locking: ENABLED
[2026-04-21T06:15:32.103Z] [INFO] [File Cleanup] Email attachment cleanup worker initialized (daily at 4:00 AM)
[2026-04-21T06:15:32.103Z] [INFO] Email broadcast worker: Every 1 minute
[2026-04-21T06:15:32.097Z] [INFO] [Email Cron] Email broadcast worker initialized (every 1 minute)
[2026-04-21T06:15:32.103Z] [INFO] Email file cleanup: Daily at 4:00 AM
[2026-04-21T06:15:32.113Z] [INFO] Subscription lifecycle job scheduled (every hour)
[2026-04-21T06:15:32.111Z] [INFO] Plan transition job scheduled (daily at 2:00 AM)
[2026-04-21T06:15:32.116Z] [INFO] Payment status sync job scheduled (daily at 1:00 AM)
[2026-04-21T06:15:32.122Z] [INFO] Scheduled broadcasts job initialized (every 5 minutes)
[2026-04-21T06:15:32.120Z] [INFO] Inventory expiry job scheduled (daily at 6:00 AM)
[2026-04-21T06:15:32.128Z] [INFO] All cron jobs initialized:
[2026-04-21T06:15:32.128Z] [INFO]   - Subscription lifecycle + emails: Every hour
[2026-04-21T06:15:32.128Z] [INFO]   - Plan transition: Daily at 2:00 AM
[2026-04-21T06:15:32.118Z] [INFO] Reminder job scheduled (daily at 9:00 AM)
[2026-04-21T06:15:32.128Z] [INFO]   - Inventory expiry checks + alerts: Daily at 6:00 AM
[2026-04-21T06:15:32.128Z] [INFO]   - Reminder emails (7d/3d/final): Daily at 9:00 AM
[2026-04-21T06:15:32.128Z] [INFO]   - Deletion logs cleanup: Daily at 3:30 AM
[2026-04-21T06:15:32.128Z] [INFO]   - Incomplete users cleanup: Daily at 3:15 AM
[2026-04-21T06:15:32.128Z] [INFO]   - Pending users cleanup: Daily at 3:00 AM
[2026-04-21T06:15:32.128Z] [INFO]   - OTP daily limits cleanup: Daily at 3:45 AM
[2026-04-21T06:15:32.128Z] [INFO]   - Scheduled broadcasts: Every 5 minutes
[2026-04-21T06:15:32.128Z] [INFO]   - Payment status sync: Daily at 1:00 AM
[2026-04-21T06:15:32.128Z] [INFO]   - Session cleanup: Every hour
[2026-04-21T06:15:56.756Z] [INFO] Initializing cron jobs...
[2026-04-21T06:15:56.756Z] [INFO] Instance ID: CHKTHN-LOQ-17700-81b35d4d
[2026-04-21T06:15:56.756Z] [INFO] Distributed locking: ENABLED
[2026-04-21T06:15:56.760Z] [INFO] [Email Cron] Email broadcast worker initialized (every 1 minute)
[2026-04-21T06:15:56.762Z] [INFO] Email broadcast worker: Every 1 minute
[2026-04-21T06:15:56.762Z] [INFO] Email file cleanup: Daily at 4:00 AM
[2026-04-21T06:15:56.762Z] [INFO] [File Cleanup] Email attachment cleanup worker initialized (daily at 4:00 AM)
[2026-04-21T06:15:56.765Z] [INFO] Plan transition job scheduled (daily at 2:00 AM)
[2026-04-21T06:15:56.768Z] [INFO] Subscription lifecycle job scheduled (every hour)
[2026-04-21T06:15:56.770Z] [INFO] Payment status sync job scheduled (daily at 1:00 AM)
[2026-04-21T06:15:56.773Z] [INFO] Reminder job scheduled (daily at 9:00 AM)
[2026-04-21T06:15:56.774Z] [INFO] Inventory expiry job scheduled (daily at 6:00 AM)
[2026-04-21T06:15:56.776Z] [INFO] Scheduled broadcasts job initialized (every 5 minutes)
[2026-04-21T06:15:56.784Z] [INFO] All cron jobs initialized:
[2026-04-21T06:15:56.784Z] [INFO]   - Subscription lifecycle + emails: Every hour
[2026-04-21T06:15:56.784Z] [INFO]   - Session cleanup: Every hour
[2026-04-21T06:15:56.784Z] [INFO]   - Plan transition: Daily at 2:00 AM
[2026-04-21T06:15:56.784Z] [INFO]   - Payment status sync: Daily at 1:00 AM
[2026-04-21T06:15:56.785Z] [INFO]   - Inventory expiry checks + alerts: Daily at 6:00 AM
[2026-04-21T06:15:56.785Z] [INFO]   - Deletion logs cleanup: Daily at 3:30 AM
[2026-04-21T06:15:56.785Z] [INFO]   - Incomplete users cleanup: Daily at 3:15 AM
[2026-04-21T06:15:56.785Z] [INFO]   - Reminder emails (7d/3d/final): Daily at 9:00 AM
[2026-04-21T06:15:56.785Z] [INFO]   - OTP daily limits cleanup: Daily at 3:45 AM
[2026-04-21T06:15:56.785Z] [INFO]   - Scheduled broadcasts: Every 5 minutes
[2026-04-21T06:15:56.785Z] [INFO]   - Pending users cleanup: Daily at 3:00 AM
[2026-04-21T06:16:42.570Z] [INFO] Initializing cron jobs...
[2026-04-21T06:16:42.571Z] [INFO] Instance ID: CHKTHN-LOQ-17732-00236780
[2026-04-21T06:16:42.571Z] [INFO] Distributed locking: ENABLED
[2026-04-21T06:16:42.576Z] [INFO] [Email Cron] Email broadcast worker initialized (every 1 minute)
[2026-04-21T06:16:42.578Z] [INFO] [File Cleanup] Email attachment cleanup worker initialized (daily at 4:00 AM)
[2026-04-21T06:16:42.578Z] [INFO] Email file cleanup: Daily at 4:00 AM
[2026-04-21T06:16:42.580Z] [INFO] Plan transition job scheduled (daily at 2:00 AM)
[2026-04-21T06:16:42.578Z] [INFO] Email broadcast worker: Every 1 minute
[2026-04-21T06:16:42.582Z] [INFO] Subscription lifecycle job scheduled (every hour)
[2026-04-21T06:16:42.584Z] [INFO] Payment status sync job scheduled (daily at 1:00 AM)
[2026-04-21T06:16:42.586Z] [INFO] Reminder job scheduled (daily at 9:00 AM)
[2026-04-21T06:16:42.589Z] [INFO] Inventory expiry job scheduled (daily at 6:00 AM)
[2026-04-21T06:16:42.590Z] [INFO] Scheduled broadcasts job initialized (every 5 minutes)
[2026-04-21T06:16:42.598Z] [INFO]   - Subscription lifecycle + emails: Every hour
[2026-04-21T06:16:42.598Z] [INFO]   - Plan transition: Daily at 2:00 AM
[2026-04-21T06:16:42.598Z] [INFO] All cron jobs initialized:
[2026-04-21T06:16:42.598Z] [INFO]   - Payment status sync: Daily at 1:00 AM
[2026-04-21T06:16:42.598Z] [INFO]   - Inventory expiry checks + alerts: Daily at 6:00 AM
[2026-04-21T06:16:42.598Z] [INFO]   - Session cleanup: Every hour
[2026-04-21T06:16:42.598Z] [INFO]   - Pending users cleanup: Daily at 3:00 AM
[2026-04-21T06:16:42.598Z] [INFO]   - Reminder emails (7d/3d/final): Daily at 9:00 AM
[2026-04-21T06:16:42.598Z] [INFO]   - Incomplete users cleanup: Daily at 3:15 AM
[2026-04-21T06:16:42.598Z] [INFO]   - Scheduled broadcasts: Every 5 minutes
[2026-04-21T06:16:42.598Z] [INFO]   - Deletion logs cleanup: Daily at 3:30 AM
[2026-04-21T06:16:42.598Z] [INFO]   - OTP daily limits cleanup: Daily at 3:45 AM
[2026-04-21T06:16:49.294Z] [INFO] Instance ID: CHKTHN-LOQ-24668-2b39db46
[2026-04-21T06:16:49.294Z] [INFO] Distributed locking: ENABLED
[2026-04-21T06:16:49.305Z] [INFO] [File Cleanup] Email attachment cleanup worker initialized (daily at 4:00 AM)
[2026-04-21T06:16:49.294Z] [INFO] Initializing cron jobs...
[2026-04-21T06:16:49.305Z] [INFO] Email file cleanup: Daily at 4:00 AM
[2026-04-21T06:16:49.301Z] [INFO] [Email Cron] Email broadcast worker initialized (every 1 minute)
[2026-04-21T06:16:49.310Z] [INFO] Subscription lifecycle job scheduled (every hour)
[2026-04-21T06:16:49.308Z] [INFO] Plan transition job scheduled (daily at 2:00 AM)
[2026-04-21T06:16:49.305Z] [INFO] Email broadcast worker: Every 1 minute
[2026-04-21T06:16:49.314Z] [INFO] Payment status sync job scheduled (daily at 1:00 AM)
[2026-04-21T06:16:49.318Z] [INFO] Reminder job scheduled (daily at 9:00 AM)
[2026-04-21T06:16:49.321Z] [INFO] Inventory expiry job scheduled (daily at 6:00 AM)
[2026-04-21T06:16:49.323Z] [INFO] Scheduled broadcasts job initialized (every 5 minutes)
[2026-04-21T06:16:49.330Z] [INFO]   - Session cleanup: Every hour
[2026-04-21T06:16:49.330Z] [INFO]   - Plan transition: Daily at 2:00 AM
[2026-04-21T06:16:49.330Z] [INFO]   - Subscription lifecycle + emails: Every hour
[2026-04-21T06:16:49.330Z] [INFO] All cron jobs initialized:
[2026-04-21T06:16:49.330Z] [INFO]   - Payment status sync: Daily at 1:00 AM
[2026-04-21T06:16:49.330Z] [INFO]   - Reminder emails (7d/3d/final): Daily at 9:00 AM
[2026-04-21T06:16:49.330Z] [INFO]   - Inventory expiry checks + alerts: Daily at 6:00 AM
[2026-04-21T06:16:49.330Z] [INFO]   - Incomplete users cleanup: Daily at 3:15 AM
[2026-04-21T06:16:49.330Z] [INFO]   - Pending users cleanup: Daily at 3:00 AM
[2026-04-21T06:16:49.331Z] [INFO]   - Deletion logs cleanup: Daily at 3:30 AM
[2026-04-21T06:16:49.331Z] [INFO]   - OTP daily limits cleanup: Daily at 3:45 AM
[2026-04-21T06:16:49.331Z] [INFO]   - Scheduled broadcasts: Every 5 minutes
[2026-04-21T06:16:51.628Z] [INFO] Initializing cron jobs...
[2026-04-21T06:16:51.629Z] [INFO] Distributed locking: ENABLED
[2026-04-21T06:16:51.629Z] [INFO] Instance ID: CHKTHN-LOQ-5312-31c71bda
[2026-04-21T06:16:51.638Z] [INFO] Email file cleanup: Daily at 4:00 AM
[2026-04-21T06:16:51.635Z] [INFO] [Email Cron] Email broadcast worker initialized (every 1 minute)
[2026-04-21T06:16:51.637Z] [INFO] Email broadcast worker: Every 1 minute
[2026-04-21T06:16:51.637Z] [INFO] [File Cleanup] Email attachment cleanup worker initialized (daily at 4:00 AM)
[2026-04-21T06:16:51.642Z] [INFO] Subscription lifecycle job scheduled (every hour)
[2026-04-21T06:16:51.644Z] [INFO] Payment status sync job scheduled (daily at 1:00 AM)
[2026-04-21T06:16:51.640Z] [INFO] Plan transition job scheduled (daily at 2:00 AM)
[2026-04-21T06:16:51.646Z] [INFO] Reminder job scheduled (daily at 9:00 AM)
[2026-04-21T06:16:51.648Z] [INFO] Inventory expiry job scheduled (daily at 6:00 AM)
[2026-04-21T06:16:51.660Z] [INFO] All cron jobs initialized:
[2026-04-21T06:16:51.650Z] [INFO] Scheduled broadcasts job initialized (every 5 minutes)
[2026-04-21T06:16:51.660Z] [INFO]   - Session cleanup: Every hour
[2026-04-21T06:16:51.660Z] [INFO]   - Plan transition: Daily at 2:00 AM
[2026-04-21T06:16:51.660Z] [INFO]   - Pending users cleanup: Daily at 3:00 AM
[2026-04-21T06:16:51.660Z] [INFO]   - Payment status sync: Daily at 1:00 AM
[2026-04-21T06:16:51.660Z] [INFO]   - Inventory expiry checks + alerts: Daily at 6:00 AM
[2026-04-21T06:16:51.660Z] [INFO]   - Incomplete users cleanup: Daily at 3:15 AM
[2026-04-21T06:16:51.660Z] [INFO]   - Deletion logs cleanup: Daily at 3:30 AM
[2026-04-21T06:16:51.660Z] [INFO]   - Scheduled broadcasts: Every 5 minutes
[2026-04-21T06:16:51.660Z] [INFO]   - Reminder emails (7d/3d/final): Daily at 9:00 AM
[2026-04-21T06:16:51.660Z] [INFO]   - OTP daily limits cleanup: Daily at 3:45 AM
[2026-04-21T06:16:51.660Z] [INFO]   - Subscription lifecycle + emails: Every hour
[2026-04-21T06:16:56.973Z] [INFO] Initializing cron jobs...
[2026-04-21T06:16:56.973Z] [INFO] Instance ID: CHKTHN-LOQ-13872-774bf577
[2026-04-21T06:16:56.973Z] [INFO] Distributed locking: ENABLED
[2026-04-21T06:16:56.978Z] [INFO] [Email Cron] Email broadcast worker initialized (every 1 minute)
[2026-04-21T06:16:56.981Z] [INFO] [File Cleanup] Email attachment cleanup worker initialized (daily at 4:00 AM)
[2026-04-21T06:16:56.981Z] [INFO] Email broadcast worker: Every 1 minute
[2026-04-21T06:16:56.984Z] [INFO] Plan transition job scheduled (daily at 2:00 AM)
[2026-04-21T06:16:56.985Z] [INFO] Subscription lifecycle job scheduled (every hour)
[2026-04-21T06:16:56.981Z] [INFO] Email file cleanup: Daily at 4:00 AM
[2026-04-21T06:16:56.987Z] [INFO] Payment status sync job scheduled (daily at 1:00 AM)
[2026-04-21T06:16:56.992Z] [INFO] Scheduled broadcasts job initialized (every 5 minutes)
[2026-04-21T06:16:56.989Z] [INFO] Reminder job scheduled (daily at 9:00 AM)
[2026-04-21T06:16:56.990Z] [INFO] Inventory expiry job scheduled (daily at 6:00 AM)
[2026-04-21T06:16:56.998Z] [INFO] All cron jobs initialized:
[2026-04-21T06:16:56.998Z] [INFO]   - Session cleanup: Every hour
[2026-04-21T06:16:56.998Z] [INFO]   - Payment status sync: Daily at 1:00 AM
[2026-04-21T06:16:56.998Z] [INFO]   - Inventory expiry checks + alerts: Daily at 6:00 AM
[2026-04-21T06:16:56.998Z] [INFO]   - Reminder emails (7d/3d/final): Daily at 9:00 AM
[2026-04-21T06:16:56.998Z] [INFO]   - Subscription lifecycle + emails: Every hour
[2026-04-21T06:16:56.998Z] [INFO]   - Scheduled broadcasts: Every 5 minutes
[2026-04-21T06:16:56.998Z] [INFO]   - Pending users cleanup: Daily at 3:00 AM
[2026-04-21T06:16:56.998Z] [INFO]   - Deletion logs cleanup: Daily at 3:30 AM
[2026-04-21T06:16:56.998Z] [INFO]   - Incomplete users cleanup: Daily at 3:15 AM
[2026-04-21T06:16:56.998Z] [INFO]   - OTP daily limits cleanup: Daily at 3:45 AM
[2026-04-21T06:16:56.998Z] [INFO]   - Plan transition: Daily at 2:00 AM
[2026-04-21T06:20:00.030Z] [INFO] Checking for scheduled broadcasts...
[2026-04-21T06:20:00.035Z] [INFO] No scheduled broadcasts due for sending
[2026-04-21T06:25:00.033Z] [INFO] Checking for scheduled broadcasts...
[2026-04-21T06:25:00.040Z] [INFO] No scheduled broadcasts due for sending
[2026-04-21T06:30:00.041Z] [INFO] Starting subscription lifecycle check...
[2026-04-21T06:30:00.042Z] [INFO] Checking for scheduled broadcasts...
[2026-04-21T06:30:00.047Z] [INFO] No scheduled broadcasts due for sending
[2026-04-21T06:30:00.048Z] [INFO] Subscription lifecycle complete | Grace: 0 | Suspended: 0
[2026-04-21T06:35:00.043Z] [INFO] Checking for scheduled broadcasts...
[2026-04-21T06:35:00.052Z] [INFO] No scheduled broadcasts due for sending
[2026-04-21T06:40:00.049Z] [INFO] Checking for scheduled broadcasts...
[2026-04-21T06:40:00.056Z] [INFO] No scheduled broadcasts due for sending
[2026-04-21T06:45:00.041Z] [INFO] Checking for scheduled broadcasts...
[2026-04-21T06:45:00.050Z] [INFO] No scheduled broadcasts due for sending
[2026-04-21T06:50:00.033Z] [INFO] Checking for scheduled broadcasts...
[2026-04-21T06:50:00.039Z] [INFO] No scheduled broadcasts due for sending
[2026-04-21T06:55:00.042Z] [INFO] Checking for scheduled broadcasts...
[2026-04-21T06:55:00.047Z] [INFO] No scheduled broadcasts due for sending
[2026-04-21T07:00:00.044Z] [INFO] Checking for scheduled broadcasts...
[2026-04-21T07:00:00.053Z] [INFO] No scheduled broadcasts due for sending
[2026-04-21T07:05:00.036Z] [INFO] Checking for scheduled broadcasts...
[2026-04-21T07:05:00.043Z] [INFO] No scheduled broadcasts due for sending
[2026-04-21T07:10:00.034Z] [INFO] Checking for scheduled broadcasts...
[2026-04-21T07:10:00.042Z] [INFO] No scheduled broadcasts due for sending
[2026-04-21T07:15:00.068Z] [INFO] Checking for scheduled broadcasts...
[2026-04-21T07:15:00.077Z] [INFO] No scheduled broadcasts due for sending
[2026-04-21T07:20:00.044Z] [INFO] Checking for scheduled broadcasts...
[2026-04-21T07:20:00.053Z] [INFO] No scheduled broadcasts due for sending
[2026-04-21T07:25:00.042Z] [INFO] Checking for scheduled broadcasts...
[2026-04-21T07:25:00.049Z] [INFO] No scheduled broadcasts due for sending
[2026-04-21T07:30:00.028Z] [INFO] Starting subscription lifecycle check...
[2026-04-21T07:30:00.029Z] [INFO] Checking for scheduled broadcasts...
[2026-04-21T07:30:00.035Z] [INFO] Subscription lifecycle complete | Grace: 0 | Suspended: 0
[2026-04-21T07:30:00.036Z] [INFO] No scheduled broadcasts due for sending
[2026-04-21T07:33:01.091Z] [INFO] Initializing cron jobs...
[2026-04-21T07:33:01.098Z] [INFO] [Email Cron] Email broadcast worker initialized (every 1 minute)
[2026-04-21T07:33:01.101Z] [INFO] [File Cleanup] Email attachment cleanup worker initialized (daily at 4:00 AM)
[2026-04-21T07:33:01.092Z] [INFO] Instance ID: CHKTHN-LOQ-24676-3209f589
[2026-04-21T07:33:01.092Z] [INFO] Distributed locking: ENABLED
[2026-04-21T07:33:01.101Z] [INFO] Email broadcast worker: Every 1 minute
[2026-04-21T07:33:01.101Z] [INFO] Email file cleanup: Daily at 4:00 AM
[2026-04-21T07:33:01.105Z] [INFO] Subscription lifecycle job scheduled (every hour)
[2026-04-21T07:33:01.107Z] [INFO] Payment status sync job scheduled (daily at 1:00 AM)
[2026-04-21T07:33:01.110Z] [INFO] Inventory expiry job scheduled (daily at 6:00 AM)
[2026-04-21T07:33:01.108Z] [INFO] Reminder job scheduled (daily at 9:00 AM)
[2026-04-21T07:33:01.103Z] [INFO] Plan transition job scheduled (daily at 2:00 AM)
[2026-04-21T07:33:01.111Z] [INFO] Scheduled broadcasts job initialized (every 5 minutes)
[2026-04-21T07:33:01.118Z] [INFO]   - Subscription lifecycle + emails: Every hour
[2026-04-21T07:33:01.118Z] [INFO] All cron jobs initialized:
[2026-04-21T07:33:01.118Z] [INFO]   - Plan transition: Daily at 2:00 AM
[2026-04-21T07:33:01.118Z] [INFO]   - Payment status sync: Daily at 1:00 AM
[2026-04-21T07:33:01.118Z] [INFO]   - Reminder emails (7d/3d/final): Daily at 9:00 AM
[2026-04-21T07:33:01.118Z] [INFO]   - Inventory expiry checks + alerts: Daily at 6:00 AM
[2026-04-21T07:33:01.118Z] [INFO]   - Deletion logs cleanup: Daily at 3:30 AM
[2026-04-21T07:33:01.118Z] [INFO]   - Scheduled broadcasts: Every 5 minutes
[2026-04-21T07:33:01.118Z] [INFO]   - OTP daily limits cleanup: Daily at 3:45 AM
[2026-04-21T07:33:01.118Z] [INFO]   - Incomplete users cleanup: Daily at 3:15 AM
[2026-04-21T07:33:01.118Z] [INFO]   - Pending users cleanup: Daily at 3:00 AM
[2026-04-21T07:33:01.118Z] [INFO]   - Session cleanup: Every hour
[2026-04-21T07:33:03.037Z] [INFO] Instance ID: CHKTHN-LOQ-24396-50df08f6
[2026-04-21T07:33:03.037Z] [INFO] Distributed locking: ENABLED
[2026-04-21T07:33:03.042Z] [INFO] [Email Cron] Email broadcast worker initialized (every 1 minute)
[2026-04-21T07:33:03.045Z] [INFO] [File Cleanup] Email attachment cleanup worker initialized (daily at 4:00 AM)
[2026-04-21T07:33:03.045Z] [INFO] Email file cleanup: Daily at 4:00 AM
[2026-04-21T07:33:03.036Z] [INFO] Initializing cron jobs...
[2026-04-21T07:33:03.048Z] [INFO] Plan transition job scheduled (daily at 2:00 AM)
[2026-04-21T07:33:03.045Z] [INFO] Email broadcast worker: Every 1 minute
[2026-04-21T07:33:03.051Z] [INFO] Subscription lifecycle job scheduled (every hour)
[2026-04-21T07:33:03.054Z] [INFO] Payment status sync job scheduled (daily at 1:00 AM)
[2026-04-21T07:33:03.059Z] [INFO] Inventory expiry job scheduled (daily at 6:00 AM)
[2026-04-21T07:33:03.057Z] [INFO] Reminder job scheduled (daily at 9:00 AM)
[2026-04-21T07:33:03.060Z] [INFO] Scheduled broadcasts job initialized (every 5 minutes)
[2026-04-21T07:33:03.067Z] [INFO] All cron jobs initialized:
[2026-04-21T07:33:03.068Z] [INFO]   - Session cleanup: Every hour
[2026-04-21T07:33:03.068Z] [INFO]   - Plan transition: Daily at 2:00 AM
[2026-04-21T07:33:03.068Z] [INFO]   - Inventory expiry checks + alerts: Daily at 6:00 AM
[2026-04-21T07:33:03.068Z] [INFO]   - Subscription lifecycle + emails: Every hour
[2026-04-21T07:33:03.068Z] [INFO]   - Pending users cleanup: Daily at 3:00 AM
[2026-04-21T07:33:03.068Z] [INFO]   - Reminder emails (7d/3d/final): Daily at 9:00 AM
[2026-04-21T07:33:03.068Z] [INFO]   - Deletion logs cleanup: Daily at 3:30 AM
[2026-04-21T07:33:03.068Z] [INFO]   - Incomplete users cleanup: Daily at 3:15 AM
[2026-04-21T07:33:03.068Z] [INFO]   - Scheduled broadcasts: Every 5 minutes
[2026-04-21T07:33:03.068Z] [INFO]   - OTP daily limits cleanup: Daily at 3:45 AM
[2026-04-21T07:33:03.068Z] [INFO]   - Payment status sync: Daily at 1:00 AM
[2026-04-21T07:33:23.622Z] [INFO] Initializing cron jobs...
[2026-04-21T07:33:23.622Z] [INFO] Distributed locking: ENABLED
[2026-04-21T07:33:23.626Z] [INFO] [Email Cron] Email broadcast worker initialized (every 1 minute)
[2026-04-21T07:33:23.622Z] [INFO] Instance ID: CHKTHN-LOQ-19044-2cba9d53
[2026-04-21T07:33:23.628Z] [INFO] [File Cleanup] Email attachment cleanup worker initialized (daily at 4:00 AM)
[2026-04-21T07:33:23.628Z] [INFO] Email broadcast worker: Every 1 minute
[2026-04-21T07:33:23.628Z] [INFO] Email file cleanup: Daily at 4:00 AM
[2026-04-21T07:33:23.631Z] [INFO] Plan transition job scheduled (daily at 2:00 AM)
[2026-04-21T07:33:23.632Z] [INFO] Subscription lifecycle job scheduled (every hour)
[2026-04-21T07:33:23.634Z] [INFO] Payment status sync job scheduled (daily at 1:00 AM)
[2026-04-21T07:33:23.636Z] [INFO] Reminder job scheduled (daily at 9:00 AM)
[2026-04-21T07:33:23.638Z] [INFO] Inventory expiry job scheduled (daily at 6:00 AM)
[2026-04-21T07:33:23.640Z] [INFO] Scheduled broadcasts job initialized (every 5 minutes)
[2026-04-21T07:33:23.648Z] [INFO]   - Plan transition: Daily at 2:00 AM
[2026-04-21T07:33:23.648Z] [INFO] All cron jobs initialized:
[2026-04-21T07:33:23.648Z] [INFO]   - Session cleanup: Every hour
[2026-04-21T07:33:23.648Z] [INFO]   - Payment status sync: Daily at 1:00 AM
[2026-04-21T07:33:23.648Z] [INFO]   - Subscription lifecycle + emails: Every hour
[2026-04-21T07:33:23.648Z] [INFO]   - Reminder emails (7d/3d/final): Daily at 9:00 AM
[2026-04-21T07:33:23.648Z] [INFO]   - Inventory expiry checks + alerts: Daily at 6:00 AM
[2026-04-21T07:33:23.648Z] [INFO]   - Scheduled broadcasts: Every 5 minutes
[2026-04-21T07:33:23.648Z] [INFO]   - Deletion logs cleanup: Daily at 3:30 AM
[2026-04-21T07:33:23.648Z] [INFO]   - Incomplete users cleanup: Daily at 3:15 AM
[2026-04-21T07:33:23.648Z] [INFO]   - Pending users cleanup: Daily at 3:00 AM
[2026-04-21T07:33:23.648Z] [INFO]   - OTP daily limits cleanup: Daily at 3:45 AM
[2026-04-21T07:33:44.236Z] [INFO] Initializing cron jobs...
[2026-04-21T07:33:44.236Z] [INFO] Distributed locking: ENABLED
[2026-04-21T07:33:44.243Z] [INFO] [File Cleanup] Email attachment cleanup worker initialized (daily at 4:00 AM)
[2026-04-21T07:33:44.236Z] [INFO] Instance ID: CHKTHN-LOQ-8272-7ffeaeef
[2026-04-21T07:33:44.243Z] [INFO] Email file cleanup: Daily at 4:00 AM
[2026-04-21T07:33:44.241Z] [INFO] [Email Cron] Email broadcast worker initialized (every 1 minute)
[2026-04-21T07:33:44.245Z] [INFO] Plan transition job scheduled (daily at 2:00 AM)
[2026-04-21T07:33:44.246Z] [INFO] Subscription lifecycle job scheduled (every hour)
[2026-04-21T07:33:44.248Z] [INFO] Payment status sync job scheduled (daily at 1:00 AM)
[2026-04-21T07:33:44.243Z] [INFO] Email broadcast worker: Every 1 minute
[2026-04-21T07:33:44.253Z] [INFO] Inventory expiry job scheduled (daily at 6:00 AM)
[2026-04-21T07:33:44.254Z] [INFO] Scheduled broadcasts job initialized (every 5 minutes)
[2026-04-21T07:33:44.262Z] [INFO]   - Session cleanup: Every hour
[2026-04-21T07:33:44.262Z] [INFO]   - Subscription lifecycle + emails: Every hour
[2026-04-21T07:33:44.250Z] [INFO] Reminder job scheduled (daily at 9:00 AM)
[2026-04-21T07:33:44.262Z] [INFO]   - Plan transition: Daily at 2:00 AM
[2026-04-21T07:33:44.262Z] [INFO] All cron jobs initialized:
[2026-04-21T07:33:44.262Z] [INFO]   - Inventory expiry checks + alerts: Daily at 6:00 AM
[2026-04-21T07:33:44.262Z] [INFO]   - Reminder emails (7d/3d/final): Daily at 9:00 AM
[2026-04-21T07:33:44.262Z] [INFO]   - Payment status sync: Daily at 1:00 AM
[2026-04-21T07:33:44.262Z] [INFO]   - Pending users cleanup: Daily at 3:00 AM
[2026-04-21T07:33:44.262Z] [INFO]   - Incomplete users cleanup: Daily at 3:15 AM
[2026-04-21T07:33:44.262Z] [INFO]   - OTP daily limits cleanup: Daily at 3:45 AM
[2026-04-21T07:33:44.262Z] [INFO]   - Deletion logs cleanup: Daily at 3:30 AM
[2026-04-21T07:33:44.262Z] [INFO]   - Scheduled broadcasts: Every 5 minutes
[2026-04-21T08:08:57.341Z] [INFO] Initializing cron jobs...
[2026-04-21T08:08:57.341Z] [INFO] Instance ID: CHKTHN-LOQ-14304-827ca43f
[2026-04-21T08:08:57.347Z] [INFO] [File Cleanup] Email attachment cleanup worker initialized (daily at 4:00 AM)
[2026-04-21T08:08:57.341Z] [INFO] Distributed locking: ENABLED
[2026-04-21T08:08:57.347Z] [INFO] Email file cleanup: Daily at 4:00 AM
[2026-04-21T08:08:57.349Z] [INFO] Plan transition job scheduled (daily at 2:00 AM)
[2026-04-21T08:08:57.351Z] [INFO] Subscription lifecycle job scheduled (every hour)
[2026-04-21T08:08:57.345Z] [INFO] [Email Cron] Email broadcast worker initialized (every 1 minute)
[2026-04-21T08:08:57.354Z] [INFO] Reminder job scheduled (daily at 9:00 AM)
[2026-04-21T08:08:57.352Z] [INFO] Payment status sync job scheduled (daily at 1:00 AM)
[2026-04-21T08:08:57.357Z] [INFO] Scheduled broadcasts job initialized (every 5 minutes)
[2026-04-21T08:08:57.366Z] [INFO] All cron jobs initialized:
[2026-04-21T08:08:57.367Z] [INFO]   - Session cleanup: Every hour
[2026-04-21T08:08:57.367Z] [INFO]   - Plan transition: Daily at 2:00 AM
[2026-04-21T08:08:57.367Z] [INFO]   - Subscription lifecycle + emails: Every hour
[2026-04-21T08:08:57.367Z] [INFO]   - Inventory expiry checks + alerts: Daily at 6:00 AM
[2026-04-21T08:08:57.367Z] [INFO]   - Payment status sync: Daily at 1:00 AM
[2026-04-21T08:08:57.367Z] [INFO]   - Pending users cleanup: Daily at 3:00 AM
[2026-04-21T08:08:57.367Z] [INFO]   - Reminder emails (7d/3d/final): Daily at 9:00 AM
[2026-04-21T08:08:57.367Z] [INFO]   - Incomplete users cleanup: Daily at 3:15 AM
[2026-04-21T08:08:57.356Z] [INFO] Inventory expiry job scheduled (daily at 6:00 AM)
[2026-04-21T08:08:57.367Z] [INFO]   - Scheduled broadcasts: Every 5 minutes
[2026-04-21T08:08:57.367Z] [INFO]   - Deletion logs cleanup: Daily at 3:30 AM
[2026-04-21T08:08:57.347Z] [INFO] Email broadcast worker: Every 1 minute
[2026-04-21T08:08:57.367Z] [INFO]   - OTP daily limits cleanup: Daily at 3:45 AM
[2026-04-21T08:10:00.066Z] [INFO] Checking for scheduled broadcasts...
[2026-04-21T08:10:00.076Z] [INFO] No scheduled broadcasts due for sending
[2026-04-21T08:15:00.032Z] [INFO] Checking for scheduled broadcasts...
[2026-04-21T08:15:00.039Z] [INFO] No scheduled broadcasts due for sending
[2026-04-21T08:15:25.875Z] [INFO] Initializing cron jobs...
[2026-04-21T08:15:25.875Z] [INFO] Instance ID: CHKTHN-LOQ-8892-fc58758a
[2026-04-21T08:15:25.875Z] [INFO] Distributed locking: ENABLED
[2026-04-21T08:15:25.880Z] [INFO] [Email Cron] Email broadcast worker initialized (every 1 minute)
[2026-04-21T08:15:25.883Z] [INFO] Email broadcast worker: Every 1 minute
[2026-04-21T08:15:25.883Z] [INFO] Email file cleanup: Daily at 4:00 AM
[2026-04-21T08:15:25.883Z] [INFO] [File Cleanup] Email attachment cleanup worker initialized (daily at 4:00 AM)
[2026-04-21T08:15:25.886Z] [INFO] Plan transition job scheduled (daily at 2:00 AM)
[2026-04-21T08:15:25.888Z] [INFO] Subscription lifecycle job scheduled (every hour)
[2026-04-21T08:15:25.890Z] [INFO] Payment status sync job scheduled (daily at 1:00 AM)
[2026-04-21T08:15:25.892Z] [INFO] Reminder job scheduled (daily at 9:00 AM)
[2026-04-21T08:15:25.894Z] [INFO] Inventory expiry job scheduled (daily at 6:00 AM)
[2026-04-21T08:15:25.896Z] [INFO] Scheduled broadcasts job initialized (every 5 minutes)
[2026-04-21T08:15:25.904Z] [INFO] All cron jobs initialized:
[2026-04-21T08:15:25.904Z] [INFO]   - Subscription lifecycle + emails: Every hour
[2026-04-21T08:15:25.904Z] [INFO]   - Session cleanup: Every hour
[2026-04-21T08:15:25.904Z] [INFO]   - Inventory expiry checks + alerts: Daily at 6:00 AM
[2026-04-21T08:15:25.904Z] [INFO]   - Pending users cleanup: Daily at 3:00 AM
[2026-04-21T08:15:25.904Z] [INFO]   - Reminder emails (7d/3d/final): Daily at 9:00 AM
[2026-04-21T08:15:25.904Z] [INFO]   - Deletion logs cleanup: Daily at 3:30 AM
[2026-04-21T08:15:25.904Z] [INFO]   - Scheduled broadcasts: Every 5 minutes
[2026-04-21T08:15:25.904Z] [INFO]   - Incomplete users cleanup: Daily at 3:15 AM
[2026-04-21T08:15:25.904Z] [INFO]   - OTP daily limits cleanup: Daily at 3:45 AM
[2026-04-21T08:15:25.904Z] [INFO]   - Payment status sync: Daily at 1:00 AM
[2026-04-21T08:15:25.904Z] [INFO]   - Plan transition: Daily at 2:00 AM
[2026-04-21T08:20:00.041Z] [INFO] Checking for scheduled broadcasts...
[2026-04-21T08:20:00.048Z] [INFO] No scheduled broadcasts due for sending
[2026-04-21T08:25:00.050Z] [INFO] Checking for scheduled broadcasts...
[2026-04-21T08:25:00.063Z] [INFO] No scheduled broadcasts due for sending
[2026-04-21T08:30:00.066Z] [INFO] Checking for scheduled broadcasts...
[2026-04-21T08:30:00.067Z] [INFO] Starting subscription lifecycle check...
[2026-04-21T08:30:00.074Z] [INFO] No scheduled broadcasts due for sending
[2026-04-21T08:30:00.079Z] [INFO] Subscription lifecycle complete | Grace: 0 | Suspended: 0
[2026-04-21T08:35:00.049Z] [INFO] Checking for scheduled broadcasts...
[2026-04-21T08:35:00.057Z] [INFO] No scheduled broadcasts due for sending
[2026-04-21T08:39:41.122Z] [INFO] Initializing cron jobs...
[2026-04-21T08:39:41.122Z] [INFO] Instance ID: CHKTHN-LOQ-24604-f97dcc83
[2026-04-21T08:39:41.122Z] [INFO] Distributed locking: ENABLED
[2026-04-21T08:39:41.126Z] [INFO] [Email Cron] Email broadcast worker initialized (every 1 minute)
[2026-04-21T08:39:41.128Z] [INFO] [File Cleanup] Email attachment cleanup worker initialized (daily at 4:00 AM)
[2026-04-21T08:39:41.128Z] [INFO] Email broadcast worker: Every 1 minute
[2026-04-21T08:39:41.131Z] [INFO] Plan transition job scheduled (daily at 2:00 AM)
[2026-04-21T08:39:41.133Z] [INFO] Subscription lifecycle job scheduled (every hour)
[2026-04-21T08:39:41.137Z] [INFO] Inventory expiry job scheduled (daily at 6:00 AM)
[2026-04-21T08:39:41.134Z] [INFO] Payment status sync job scheduled (daily at 1:00 AM)
[2026-04-21T08:39:41.139Z] [INFO] Scheduled broadcasts job initialized (every 5 minutes)
[2026-04-21T08:39:41.145Z] [INFO] All cron jobs initialized:
[2026-04-21T08:39:41.146Z] [INFO]   - Session cleanup: Every hour
[2026-04-21T08:39:41.146Z] [INFO]   - Plan transition: Daily at 2:00 AM
[2026-04-21T08:39:41.146Z] [INFO]   - Subscription lifecycle + emails: Every hour
[2026-04-21T08:39:41.146Z] [INFO]   - Payment status sync: Daily at 1:00 AM
[2026-04-21T08:39:41.146Z] [INFO]   - Inventory expiry checks + alerts: Daily at 6:00 AM
[2026-04-21T08:39:41.146Z] [INFO]   - Reminder emails (7d/3d/final): Daily at 9:00 AM
[2026-04-21T08:39:41.146Z] [INFO]   - Pending users cleanup: Daily at 3:00 AM
[2026-04-21T08:39:41.146Z] [INFO]   - Incomplete users cleanup: Daily at 3:15 AM
[2026-04-21T08:39:41.146Z] [INFO]   - Deletion logs cleanup: Daily at 3:30 AM
[2026-04-21T08:39:41.146Z] [INFO]   - Scheduled broadcasts: Every 5 minutes
[2026-04-21T08:39:41.146Z] [INFO]   - OTP daily limits cleanup: Daily at 3:45 AM
[2026-04-21T08:39:41.128Z] [INFO] Email file cleanup: Daily at 4:00 AM
[2026-04-21T08:39:41.136Z] [INFO] Reminder job scheduled (daily at 9:00 AM)
